[1.128s] DEBUG:colcon:Command line arguments: ['/usr/bin/colcon', 'build']
[1.129s] DEBUG:colcon:Parsed command line arguments: Namespace(log_base=None, log_level=None, verb_name='build', build_base='build', install_base='install', merge_install=False, symlink_install=False, test_result_base=None, continue_on_error=False, executor='parallel', parallel_workers=4, event_handlers=None, ignore_user_meta=False, metas=['./colcon.meta'], base_paths=['.'], packages_ignore=None, packages_ignore_regex=None, paths=None, packages_up_to=None, packages_up_to_regex=None, packages_above=None, packages_above_and_dependencies=None, packages_above_depth=None, packages_select_by_dep=None, packages_skip_by_dep=None, packages_skip_up_to=None, packages_select_build_failed=False, packages_skip_build_finished=False, packages_select_test_failures=False, packages_skip_test_passed=False, packages_select=None, packages_skip=None, packages_select_regex=None, packages_skip_regex=None, packages_start=None, packages_end=None, allow_overriding=[], cmake_args=None, cmake_target=None, cmake_target_skip_unavailable=False, cmake_clean_cache=False, cmake_clean_first=False, cmake_force_configure=False, ament_cmake_args=None, catkin_cmake_args=None, catkin_skip_building_tests=False, verb_parser=<colcon_defaults.argument_parser.defaults.DefaultArgumentsDecorator object at 0xffffb4897dc0>, verb_extension=<colcon_core.verb.build.BuildVerb object at 0xffffb4a6d240>, main=<bound method BuildVerb.main of <colcon_core.verb.build.BuildVerb object at 0xffffb4a6d240>>)
[2.364s] Level 1:colcon.colcon_core.package_discovery:discover_packages(colcon_meta) check parameters
[2.364s] Level 1:colcon.colcon_core.package_discovery:discover_packages(recursive) check parameters
[2.364s] Level 1:colcon.colcon_core.package_discovery:discover_packages(ignore) check parameters
[2.365s] Level 1:colcon.colcon_core.package_discovery:discover_packages(path) check parameters
[2.365s] Level 1:colcon.colcon_core.package_discovery:discover_packages(colcon_meta) discover
[2.365s] Level 1:colcon.colcon_core.package_discovery:discover_packages(recursive) discover
[2.365s] INFO:colcon.colcon_core.package_discovery:Crawling recursively for packages in '/home/strayer/ros2_ws'
[2.366s] Level 1:colcon.colcon_core.package_identification:_identify(.) by extensions ['ignore', 'ignore_ament_install']
[2.366s] Level 1:colcon.colcon_core.package_identification:_identify(.) by extension 'ignore'
[2.366s] Level 1:colcon.colcon_core.package_identification:_identify(.) by extension 'ignore_ament_install'
[2.367s] Level 1:colcon.colcon_core.package_identification:_identify(.) by extensions ['colcon_pkg']
[2.367s] Level 1:colcon.colcon_core.package_identification:_identify(.) by extension 'colcon_pkg'
[2.367s] Level 1:colcon.colcon_core.package_identification:_identify(.) by extensions ['colcon_meta']
[2.367s] Level 1:colcon.colcon_core.package_identification:_identify(.) by extension 'colcon_meta'
[2.368s] Level 1:colcon.colcon_core.package_identification:_identify(.) by extensions ['ros']
[2.368s] Level 1:colcon.colcon_core.package_identification:_identify(.) by extension 'ros'
[2.448s] Level 1:colcon.colcon_core.package_identification:_identify(.) by extensions ['cmake', 'python']
[2.448s] Level 1:colcon.colcon_core.package_identification:_identify(.) by extension 'cmake'
[2.448s] Level 1:colcon.colcon_core.package_identification:_identify(.) by extension 'python'
[2.448s] Level 1:colcon.colcon_core.package_identification:_identify(.) by extensions ['python_setup_py']
[2.448s] Level 1:colcon.colcon_core.package_identification:_identify(.) by extension 'python_setup_py'
[2.449s] Level 1:colcon.colcon_core.package_identification:_identify(build) by extensions ['ignore', 'ignore_ament_install']
[2.449s] Level 1:colcon.colcon_core.package_identification:_identify(build) by extension 'ignore'
[2.449s] Level 1:colcon.colcon_core.package_identification:_identify(build) ignored
[2.450s] Level 1:colcon.colcon_core.package_identification:_identify(install) by extensions ['ignore', 'ignore_ament_install']
[2.450s] Level 1:colcon.colcon_core.package_identification:_identify(install) by extension 'ignore'
[2.451s] Level 1:colcon.colcon_core.package_identification:_identify(install) ignored
[2.451s] Level 1:colcon.colcon_core.package_identification:_identify(log) by extensions ['ignore', 'ignore_ament_install']
[2.452s] Level 1:colcon.colcon_core.package_identification:_identify(log) by extension 'ignore'
[2.452s] Level 1:colcon.colcon_core.package_identification:_identify(log) ignored
[2.452s] Level 1:colcon.colcon_core.package_identification:_identify(src) by extensions ['ignore', 'ignore_ament_install']
[2.453s] Level 1:colcon.colcon_core.package_identification:_identify(src) by extension 'ignore'
[2.453s] Level 1:colcon.colcon_core.package_identification:_identify(src) by extension 'ignore_ament_install'
[2.453s] Level 1:colcon.colcon_core.package_identification:_identify(src) by extensions ['colcon_pkg']
[2.453s] Level 1:colcon.colcon_core.package_identification:_identify(src) by extension 'colcon_pkg'
[2.453s] Level 1:colcon.colcon_core.package_identification:_identify(src) by extensions ['colcon_meta']
[2.453s] Level 1:colcon.colcon_core.package_identification:_identify(src) by extension 'colcon_meta'
[2.454s] Level 1:colcon.colcon_core.package_identification:_identify(src) by extensions ['ros']
[2.454s] Level 1:colcon.colcon_core.package_identification:_identify(src) by extension 'ros'
[2.454s] Level 1:colcon.colcon_core.package_identification:_identify(src) by extensions ['cmake', 'python']
[2.454s] Level 1:colcon.colcon_core.package_identification:_identify(src) by extension 'cmake'
[2.454s] Level 1:colcon.colcon_core.package_identification:_identify(src) by extension 'python'
[2.454s] Level 1:colcon.colcon_core.package_identification:_identify(src) by extensions ['python_setup_py']
[2.461s] Level 1:colcon.colcon_core.package_identification:_identify(src) by extension 'python_setup_py'
[2.461s] Level 1:colcon.colcon_core.package_identification:_identify(src/config) by extensions ['ignore', 'ignore_ament_install']
[2.462s] Level 1:colcon.colcon_core.package_identification:_identify(src/config) by extension 'ignore'
[2.462s] Level 1:colcon.colcon_core.package_identification:_identify(src/config) by extension 'ignore_ament_install'
[2.463s] Level 1:colcon.colcon_core.package_identification:_identify(src/config) by extensions ['colcon_pkg']
[2.463s] Level 1:colcon.colcon_core.package_identification:_identify(src/config) by extension 'colcon_pkg'
[2.463s] Level 1:colcon.colcon_core.package_identification:_identify(src/config) by extensions ['colcon_meta']
[2.463s] Level 1:colcon.colcon_core.package_identification:_identify(src/config) by extension 'colcon_meta'
[2.463s] Level 1:colcon.colcon_core.package_identification:_identify(src/config) by extensions ['ros']
[2.463s] Level 1:colcon.colcon_core.package_identification:_identify(src/config) by extension 'ros'
[2.464s] Level 1:colcon.colcon_core.package_identification:_identify(src/config) by extensions ['cmake', 'python']
[2.464s] Level 1:colcon.colcon_core.package_identification:_identify(src/config) by extension 'cmake'
[2.464s] Level 1:colcon.colcon_core.package_identification:_identify(src/config) by extension 'python'
[2.464s] Level 1:colcon.colcon_core.package_identification:_identify(src/config) by extensions ['python_setup_py']
[2.465s] Level 1:colcon.colcon_core.package_identification:_identify(src/config) by extension 'python_setup_py'
[2.465s] Level 1:colcon.colcon_core.package_identification:_identify(src/ldlidar_sl_ros2) by extensions ['ignore', 'ignore_ament_install']
[2.466s] Level 1:colcon.colcon_core.package_identification:_identify(src/ldlidar_sl_ros2) by extension 'ignore'
[2.466s] Level 1:colcon.colcon_core.package_identification:_identify(src/ldlidar_sl_ros2) by extension 'ignore_ament_install'
[2.466s] Level 1:colcon.colcon_core.package_identification:_identify(src/ldlidar_sl_ros2) by extensions ['colcon_pkg']
[2.466s] Level 1:colcon.colcon_core.package_identification:_identify(src/ldlidar_sl_ros2) by extension 'colcon_pkg'
[2.466s] Level 1:colcon.colcon_core.package_identification:_identify(src/ldlidar_sl_ros2) by extensions ['colcon_meta']
[2.467s] Level 1:colcon.colcon_core.package_identification:_identify(src/ldlidar_sl_ros2) by extension 'colcon_meta'
[2.467s] Level 1:colcon.colcon_core.package_identification:_identify(src/ldlidar_sl_ros2) by extensions ['ros']
[2.467s] Level 1:colcon.colcon_core.package_identification:_identify(src/ldlidar_sl_ros2) by extension 'ros'
[2.502s] DEBUG:colcon.colcon_core.package_identification:Package 'src/ldlidar_sl_ros2' with type 'ros.ament_cmake' and name 'ldlidar_sl_ros2'
[2.503s] Level 1:colcon.colcon_core.package_identification:_identify(src/navigation) by extensions ['ignore', 'ignore_ament_install']
[2.504s] Level 1:colcon.colcon_core.package_identification:_identify(src/navigation) by extension 'ignore'
[2.504s] Level 1:colcon.colcon_core.package_identification:_identify(src/navigation) by extension 'ignore_ament_install'
[2.504s] Level 1:colcon.colcon_core.package_identification:_identify(src/navigation) by extensions ['colcon_pkg']
[2.505s] Level 1:colcon.colcon_core.package_identification:_identify(src/navigation) by extension 'colcon_pkg'
[2.505s] Level 1:colcon.colcon_core.package_identification:_identify(src/navigation) by extensions ['colcon_meta']
[2.505s] Level 1:colcon.colcon_core.package_identification:_identify(src/navigation) by extension 'colcon_meta'
[2.505s] Level 1:colcon.colcon_core.package_identification:_identify(src/navigation) by extensions ['ros']
[2.505s] Level 1:colcon.colcon_core.package_identification:_identify(src/navigation) by extension 'ros'
[2.509s] DEBUG:colcon.colcon_core.package_identification:Package 'src/navigation' with type 'ros.ament_python' and name 'navigation'
[2.510s] Level 1:colcon.colcon_core.package_identification:_identify(src/serial_communication) by extensions ['ignore', 'ignore_ament_install']
[2.510s] Level 1:colcon.colcon_core.package_identification:_identify(src/serial_communication) by extension 'ignore'
[2.510s] Level 1:colcon.colcon_core.package_identification:_identify(src/serial_communication) by extension 'ignore_ament_install'
[2.511s] Level 1:colcon.colcon_core.package_identification:_identify(src/serial_communication) by extensions ['colcon_pkg']
[2.511s] Level 1:colcon.colcon_core.package_identification:_identify(src/serial_communication) by extension 'colcon_pkg'
[2.511s] Level 1:colcon.colcon_core.package_identification:_identify(src/serial_communication) by extensions ['colcon_meta']
[2.511s] Level 1:colcon.colcon_core.package_identification:_identify(src/serial_communication) by extension 'colcon_meta'
[2.511s] Level 1:colcon.colcon_core.package_identification:_identify(src/serial_communication) by extensions ['ros']
[2.512s] Level 1:colcon.colcon_core.package_identification:_identify(src/serial_communication) by extension 'ros'
[2.515s] DEBUG:colcon.colcon_core.package_identification:Package 'src/serial_communication' with type 'ros.ament_python' and name 'serial_communication'
[2.515s] Level 1:colcon.colcon_core.package_discovery:discover_packages(recursive) using defaults
[2.515s] Level 1:colcon.colcon_core.package_discovery:discover_packages(ignore) discover
[2.515s] Level 1:colcon.colcon_core.package_discovery:discover_packages(ignore) using defaults
[2.515s] Level 1:colcon.colcon_core.package_discovery:discover_packages(path) discover
[2.516s] Level 1:colcon.colcon_core.package_discovery:discover_packages(path) using defaults
[2.666s] Level 1:colcon.colcon_core.package_discovery:discover_packages(prefix_path) check parameters
[2.667s] Level 1:colcon.colcon_core.package_discovery:discover_packages(prefix_path) discover
[2.683s] DEBUG:colcon.colcon_installed_package_information.package_discovery:Found 4 installed packages in /home/strayer/ros2_ws/install
[2.696s] DEBUG:colcon.colcon_installed_package_information.package_discovery:Found 319 installed packages in /opt/ros/humble
[2.748s] Level 1:colcon.colcon_core.package_discovery:discover_packages(prefix_path) using defaults
[2.952s] WARNING:colcon.colcon_core.package_selection:Some selected packages are already built in one or more underlay workspaces:
	'ldlidar_sl_ros2' is in: /home/strayer/ros2_ws/install/ldlidar_sl_ros2
	'serial_communication' is in: /home/strayer/ros2_ws/install/serial_communication
If a package in a merged underlay workspace is overridden and it installs headers, then all packages in the overlay must sort their include directories by workspace order. Failure to do so may result in build failures or undefined behavior at run time.
If the overridden package is used by another package in any underlay, then the overriding package in the overlay must be API and ABI compatible or undefined behavior at run time may occur.

If you understand the risks and want to override a package anyways, add the following to the command line:
	--allow-overriding ldlidar_sl_ros2 serial_communication

This may be promoted to an error in a future release of colcon-override-check.
[2.956s] Level 5:colcon.colcon_core.verb:set package 'ldlidar_sl_ros2' build argument 'cmake_args' from command line to 'None'
[2.957s] Level 5:colcon.colcon_core.verb:set package 'ldlidar_sl_ros2' build argument 'cmake_target' from command line to 'None'
[2.957s] Level 5:colcon.colcon_core.verb:set package 'ldlidar_sl_ros2' build argument 'cmake_target_skip_unavailable' from command line to 'False'
[2.957s] Level 5:colcon.colcon_core.verb:set package 'ldlidar_sl_ros2' build argument 'cmake_clean_cache' from command line to 'False'
[2.957s] Level 5:colcon.colcon_core.verb:set package 'ldlidar_sl_ros2' build argument 'cmake_clean_first' from command line to 'False'
[2.957s] Level 5:colcon.colcon_core.verb:set package 'ldlidar_sl_ros2' build argument 'cmake_force_configure' from command line to 'False'
[2.958s] Level 5:colcon.colcon_core.verb:set package 'ldlidar_sl_ros2' build argument 'ament_cmake_args' from command line to 'None'
[2.958s] Level 5:colcon.colcon_core.verb:set package 'ldlidar_sl_ros2' build argument 'catkin_cmake_args' from command line to 'None'
[2.958s] Level 5:colcon.colcon_core.verb:set package 'ldlidar_sl_ros2' build argument 'catkin_skip_building_tests' from command line to 'False'
[2.958s] DEBUG:colcon.colcon_core.verb:Building package 'ldlidar_sl_ros2' with the following arguments: {'ament_cmake_args': None, 'build_base': '/home/strayer/ros2_ws/build/ldlidar_sl_ros2', 'catkin_cmake_args': None, 'catkin_skip_building_tests': False, 'cmake_args': None, 'cmake_clean_cache': False, 'cmake_clean_first': False, 'cmake_force_configure': False, 'cmake_target': None, 'cmake_target_skip_unavailable': False, 'install_base': '/home/strayer/ros2_ws/install/ldlidar_sl_ros2', 'merge_install': False, 'path': '/home/strayer/ros2_ws/src/ldlidar_sl_ros2', 'symlink_install': False, 'test_result_base': None}
[2.959s] Level 5:colcon.colcon_core.verb:set package 'navigation' build argument 'cmake_args' from command line to 'None'
[2.960s] Level 5:colcon.colcon_core.verb:set package 'navigation' build argument 'cmake_target' from command line to 'None'
[2.960s] Level 5:colcon.colcon_core.verb:set package 'navigation' build argument 'cmake_target_skip_unavailable' from command line to 'False'
[2.960s] Level 5:colcon.colcon_core.verb:set package 'navigation' build argument 'cmake_clean_cache' from command line to 'False'
[2.960s] Level 5:colcon.colcon_core.verb:set package 'navigation' build argument 'cmake_clean_first' from command line to 'False'
[2.960s] Level 5:colcon.colcon_core.verb:set package 'navigation' build argument 'cmake_force_configure' from command line to 'False'
[2.960s] Level 5:colcon.colcon_core.verb:set package 'navigation' build argument 'ament_cmake_args' from command line to 'None'
[2.960s] Level 5:colcon.colcon_core.verb:set package 'navigation' build argument 'catkin_cmake_args' from command line to 'None'
[2.960s] Level 5:colcon.colcon_core.verb:set package 'navigation' build argument 'catkin_skip_building_tests' from command line to 'False'
[2.961s] DEBUG:colcon.colcon_core.verb:Building package 'navigation' with the following arguments: {'ament_cmake_args': None, 'build_base': '/home/strayer/ros2_ws/build/navigation', 'catkin_cmake_args': None, 'catkin_skip_building_tests': False, 'cmake_args': None, 'cmake_clean_cache': False, 'cmake_clean_first': False, 'cmake_force_configure': False, 'cmake_target': None, 'cmake_target_skip_unavailable': False, 'install_base': '/home/strayer/ros2_ws/install/navigation', 'merge_install': False, 'path': '/home/strayer/ros2_ws/src/navigation', 'symlink_install': False, 'test_result_base': None}
[2.962s] Level 5:colcon.colcon_core.verb:set package 'serial_communication' build argument 'cmake_args' from command line to 'None'
[2.962s] Level 5:colcon.colcon_core.verb:set package 'serial_communication' build argument 'cmake_target' from command line to 'None'
[2.962s] Level 5:colcon.colcon_core.verb:set package 'serial_communication' build argument 'cmake_target_skip_unavailable' from command line to 'False'
[2.962s] Level 5:colcon.colcon_core.verb:set package 'serial_communication' build argument 'cmake_clean_cache' from command line to 'False'
[2.962s] Level 5:colcon.colcon_core.verb:set package 'serial_communication' build argument 'cmake_clean_first' from command line to 'False'
[2.963s] Level 5:colcon.colcon_core.verb:set package 'serial_communication' build argument 'cmake_force_configure' from command line to 'False'
[2.963s] Level 5:colcon.colcon_core.verb:set package 'serial_communication' build argument 'ament_cmake_args' from command line to 'None'
[2.963s] Level 5:colcon.colcon_core.verb:set package 'serial_communication' build argument 'catkin_cmake_args' from command line to 'None'
[2.963s] Level 5:colcon.colcon_core.verb:set package 'serial_communication' build argument 'catkin_skip_building_tests' from command line to 'False'
[2.963s] DEBUG:colcon.colcon_core.verb:Building package 'serial_communication' with the following arguments: {'ament_cmake_args': None, 'build_base': '/home/strayer/ros2_ws/build/serial_communication', 'catkin_cmake_args': None, 'catkin_skip_building_tests': False, 'cmake_args': None, 'cmake_clean_cache': False, 'cmake_clean_first': False, 'cmake_force_configure': False, 'cmake_target': None, 'cmake_target_skip_unavailable': False, 'install_base': '/home/strayer/ros2_ws/install/serial_communication', 'merge_install': False, 'path': '/home/strayer/ros2_ws/src/serial_communication', 'symlink_install': False, 'test_result_base': None}
[2.964s] INFO:colcon.colcon_core.executor:Executing jobs using 'parallel' executor
[2.967s] DEBUG:colcon.colcon_parallel_executor.executor.parallel:run_until_complete
[2.968s] INFO:colcon.colcon_ros.task.ament_cmake.build:Building ROS package in '/home/strayer/ros2_ws/src/ldlidar_sl_ros2' with build type 'ament_cmake'
[2.969s] INFO:colcon.colcon_cmake.task.cmake.build:Building CMake package in '/home/strayer/ros2_ws/src/ldlidar_sl_ros2'
[2.994s] INFO:colcon.colcon_core.plugin_system:Skipping extension 'colcon_core.shell.bat': Not used on non-Windows systems
[2.996s] INFO:colcon.colcon_core.shell:Skip shell extension 'powershell' for command environment: Not usable outside of PowerShell
[2.996s] DEBUG:colcon.colcon_core.shell:Skip shell extension 'dsv' for command environment
[3.021s] INFO:colcon.colcon_ros.task.ament_python.build:Building ROS package in '/home/strayer/ros2_ws/src/navigation' with build type 'ament_python'
[3.022s] Level 1:colcon.colcon_core.shell:create_environment_hook('navigation', 'ament_prefix_path')
[3.023s] INFO:colcon.colcon_core.shell:Creating environment hook '/home/strayer/ros2_ws/install/navigation/share/navigation/hook/ament_prefix_path.ps1'
[3.028s] INFO:colcon.colcon_core.shell:Creating environment descriptor '/home/strayer/ros2_ws/install/navigation/share/navigation/hook/ament_prefix_path.dsv'
[3.032s] INFO:colcon.colcon_core.shell:Creating environment hook '/home/strayer/ros2_ws/install/navigation/share/navigation/hook/ament_prefix_path.sh'
[3.038s] INFO:colcon.colcon_core.shell:Skip shell extension 'powershell' for command environment: Not usable outside of PowerShell
[3.038s] DEBUG:colcon.colcon_core.shell:Skip shell extension 'dsv' for command environment
[3.063s] INFO:colcon.colcon_ros.task.ament_python.build:Building ROS package in '/home/strayer/ros2_ws/src/serial_communication' with build type 'ament_python'
[3.063s] Level 1:colcon.colcon_core.shell:create_environment_hook('serial_communication', 'ament_prefix_path')
[3.065s] INFO:colcon.colcon_core.shell:Creating environment hook '/home/strayer/ros2_ws/install/serial_communication/share/serial_communication/hook/ament_prefix_path.ps1'
[3.068s] INFO:colcon.colcon_core.shell:Creating environment descriptor '/home/strayer/ros2_ws/install/serial_communication/share/serial_communication/hook/ament_prefix_path.dsv'
[3.071s] INFO:colcon.colcon_core.shell:Creating environment hook '/home/strayer/ros2_ws/install/serial_communication/share/serial_communication/hook/ament_prefix_path.sh'
[3.075s] INFO:colcon.colcon_core.shell:Skip shell extension 'powershell' for command environment: Not usable outside of PowerShell
[3.075s] DEBUG:colcon.colcon_core.shell:Skip shell extension 'dsv' for command environment
[3.117s] DEBUG:colcon.colcon_core.event_handler.log_command:Invoking command in '/home/strayer/ros2_ws/build/ldlidar_sl_ros2': CMAKE_PREFIX_PATH=${CMAKE_PREFIX_PATH}:/home/strayer/ros2_ws/install/serial_communication:/home/strayer/ros2_ws/install/navigation:/opt/ros/humble /usr/bin/cmake --build /home/strayer/ros2_ws/build/ldlidar_sl_ros2 -- -j4 -l4
[4.495s] INFO:colcon.colcon_core.task.python.build:Building Python package in '/home/strayer/ros2_ws/src/navigation'
[4.496s] INFO:colcon.colcon_core.shell:Skip shell extension 'powershell' for command environment: Not usable outside of PowerShell
[4.496s] DEBUG:colcon.colcon_core.shell:Skip shell extension 'dsv' for command environment
[5.788s] INFO:colcon.colcon_core.task.python.build:Building Python package in '/home/strayer/ros2_ws/src/serial_communication'
[5.789s] INFO:colcon.colcon_core.shell:Skip shell extension 'powershell' for command environment: Not usable outside of PowerShell
[5.789s] DEBUG:colcon.colcon_core.shell:Skip shell extension 'dsv' for command environment
[5.815s] DEBUG:colcon.colcon_core.event_handler.log_command:Invoked command in '/home/strayer/ros2_ws/build/ldlidar_sl_ros2' returned '0': CMAKE_PREFIX_PATH=${CMAKE_PREFIX_PATH}:/home/strayer/ros2_ws/install/serial_communication:/home/strayer/ros2_ws/install/navigation:/opt/ros/humble /usr/bin/cmake --build /home/strayer/ros2_ws/build/ldlidar_sl_ros2 -- -j4 -l4
[5.864s] DEBUG:colcon.colcon_core.event_handler.log_command:Invoking command in '/home/strayer/ros2_ws/build/ldlidar_sl_ros2': CMAKE_PREFIX_PATH=${CMAKE_PREFIX_PATH}:/home/strayer/ros2_ws/install/serial_communication:/home/strayer/ros2_ws/install/navigation:/opt/ros/humble /usr/bin/cmake --install /home/strayer/ros2_ws/build/ldlidar_sl_ros2
[5.973s] Level 1:colcon.colcon_core.environment:create_environment_scripts_only(ldlidar_sl_ros2)
[5.981s] DEBUG:colcon.colcon_core.event_handler.log_command:Invoked command in '/home/strayer/ros2_ws/build/ldlidar_sl_ros2' returned '0': CMAKE_PREFIX_PATH=${CMAKE_PREFIX_PATH}:/home/strayer/ros2_ws/install/serial_communication:/home/strayer/ros2_ws/install/navigation:/opt/ros/humble /usr/bin/cmake --install /home/strayer/ros2_ws/build/ldlidar_sl_ros2
[6.014s] Level 1:colcon.colcon_core.environment:checking '/home/strayer/ros2_ws/install/ldlidar_sl_ros2' for CMake module files
[6.019s] Level 1:colcon.colcon_core.environment:checking '/home/strayer/ros2_ws/install/ldlidar_sl_ros2' for CMake config files
[6.023s] Level 1:colcon.colcon_core.shell:create_environment_hook('ldlidar_sl_ros2', 'cmake_prefix_path')
[6.025s] INFO:colcon.colcon_core.shell:Creating environment hook '/home/strayer/ros2_ws/install/ldlidar_sl_ros2/share/ldlidar_sl_ros2/hook/cmake_prefix_path.ps1'
[6.028s] INFO:colcon.colcon_core.shell:Creating environment descriptor '/home/strayer/ros2_ws/install/ldlidar_sl_ros2/share/ldlidar_sl_ros2/hook/cmake_prefix_path.dsv'
[6.032s] INFO:colcon.colcon_core.shell:Creating environment hook '/home/strayer/ros2_ws/install/ldlidar_sl_ros2/share/ldlidar_sl_ros2/hook/cmake_prefix_path.sh'
[6.037s] Level 1:colcon.colcon_core.environment:checking '/home/strayer/ros2_ws/install/ldlidar_sl_ros2/lib'
[6.038s] Level 1:colcon.colcon_core.environment:checking '/home/strayer/ros2_ws/install/ldlidar_sl_ros2/bin'
[6.039s] Level 1:colcon.colcon_core.environment:checking '/home/strayer/ros2_ws/install/ldlidar_sl_ros2/lib/pkgconfig/ldlidar_sl_ros2.pc'
[6.040s] Level 1:colcon.colcon_core.environment:checking '/home/strayer/ros2_ws/install/ldlidar_sl_ros2/lib/python3.10/site-packages'
[6.043s] Level 1:colcon.colcon_core.environment:checking '/home/strayer/ros2_ws/install/ldlidar_sl_ros2/bin'
[6.045s] INFO:colcon.colcon_core.shell:Creating package script '/home/strayer/ros2_ws/install/ldlidar_sl_ros2/share/ldlidar_sl_ros2/package.ps1'
[6.053s] INFO:colcon.colcon_core.shell:Creating package descriptor '/home/strayer/ros2_ws/install/ldlidar_sl_ros2/share/ldlidar_sl_ros2/package.dsv'
[6.058s] INFO:colcon.colcon_core.shell:Creating package script '/home/strayer/ros2_ws/install/ldlidar_sl_ros2/share/ldlidar_sl_ros2/package.sh'
[6.065s] INFO:colcon.colcon_core.shell:Creating package script '/home/strayer/ros2_ws/install/ldlidar_sl_ros2/share/ldlidar_sl_ros2/package.bash'
[6.092s] INFO:colcon.colcon_core.shell:Creating package script '/home/strayer/ros2_ws/install/ldlidar_sl_ros2/share/ldlidar_sl_ros2/package.zsh'
[6.105s] Level 1:colcon.colcon_core.environment:create_file_with_runtime_dependencies(/home/strayer/ros2_ws/install/ldlidar_sl_ros2/share/colcon-core/packages/ldlidar_sl_ros2)
[6.110s] Level 1:colcon.colcon_core.environment:create_environment_scripts_only(ldlidar_sl_ros2)
[6.115s] Level 1:colcon.colcon_core.environment:checking '/home/strayer/ros2_ws/install/ldlidar_sl_ros2' for CMake module files
[6.120s] Level 1:colcon.colcon_core.environment:checking '/home/strayer/ros2_ws/install/ldlidar_sl_ros2' for CMake config files
[6.123s] Level 1:colcon.colcon_core.shell:create_environment_hook('ldlidar_sl_ros2', 'cmake_prefix_path')
[6.124s] INFO:colcon.colcon_core.shell:Creating environment hook '/home/strayer/ros2_ws/install/ldlidar_sl_ros2/share/ldlidar_sl_ros2/hook/cmake_prefix_path.ps1'
[6.128s] INFO:colcon.colcon_core.shell:Creating environment descriptor '/home/strayer/ros2_ws/install/ldlidar_sl_ros2/share/ldlidar_sl_ros2/hook/cmake_prefix_path.dsv'
[6.135s] INFO:colcon.colcon_core.shell:Creating environment hook '/home/strayer/ros2_ws/install/ldlidar_sl_ros2/share/ldlidar_sl_ros2/hook/cmake_prefix_path.sh'
[6.139s] Level 1:colcon.colcon_core.environment:checking '/home/strayer/ros2_ws/install/ldlidar_sl_ros2/lib'
[6.140s] Level 1:colcon.colcon_core.environment:checking '/home/strayer/ros2_ws/install/ldlidar_sl_ros2/bin'
[6.141s] Level 1:colcon.colcon_core.environment:checking '/home/strayer/ros2_ws/install/ldlidar_sl_ros2/lib/pkgconfig/ldlidar_sl_ros2.pc'
[6.143s] Level 1:colcon.colcon_core.environment:checking '/home/strayer/ros2_ws/install/ldlidar_sl_ros2/lib/python3.10/site-packages'
[6.145s] Level 1:colcon.colcon_core.environment:checking '/home/strayer/ros2_ws/install/ldlidar_sl_ros2/bin'
[6.147s] INFO:colcon.colcon_core.shell:Creating package script '/home/strayer/ros2_ws/install/ldlidar_sl_ros2/share/ldlidar_sl_ros2/package.ps1'
[6.151s] INFO:colcon.colcon_core.shell:Creating package descriptor '/home/strayer/ros2_ws/install/ldlidar_sl_ros2/share/ldlidar_sl_ros2/package.dsv'
[6.155s] INFO:colcon.colcon_core.shell:Creating package script '/home/strayer/ros2_ws/install/ldlidar_sl_ros2/share/ldlidar_sl_ros2/package.sh'
[6.160s] INFO:colcon.colcon_core.shell:Creating package script '/home/strayer/ros2_ws/install/ldlidar_sl_ros2/share/ldlidar_sl_ros2/package.bash'
[6.164s] INFO:colcon.colcon_core.shell:Creating package script '/home/strayer/ros2_ws/install/ldlidar_sl_ros2/share/ldlidar_sl_ros2/package.zsh'
[6.168s] Level 1:colcon.colcon_core.environment:create_file_with_runtime_dependencies(/home/strayer/ros2_ws/install/ldlidar_sl_ros2/share/colcon-core/packages/ldlidar_sl_ros2)
[9.065s] DEBUG:colcon.colcon_core.event_handler.log_command:Invoking command in '/home/strayer/ros2_ws/src/serial_communication': PYTHONPATH=/home/strayer/ros2_ws/build/serial_communication/prefix_override:/usr/lib/python3/dist-packages/colcon_core/task/python/colcon_distutils_commands:/home/strayer/ros2_ws/install/serial_communication/lib/python3.10/site-packages:${PYTHONPATH} /usr/bin/python3 -W ignore:setup.py install is deprecated -W ignore:easy_install command is deprecated setup.py egg_info --egg-base ../../build/serial_communication build --build-base /home/strayer/ros2_ws/build/serial_communication/build install --record /home/strayer/ros2_ws/build/serial_communication/install.log --single-version-externally-managed install_data
[9.070s] DEBUG:colcon.colcon_core.event_handler.log_command:Invoking command in '/home/strayer/ros2_ws/src/navigation': PYTHONPATH=/home/strayer/ros2_ws/build/navigation/prefix_override:/usr/lib/python3/dist-packages/colcon_core/task/python/colcon_distutils_commands:/home/strayer/ros2_ws/install/navigation/lib/python3.10/site-packages:${PYTHONPATH} /usr/bin/python3 -W ignore:setup.py install is deprecated -W ignore:easy_install command is deprecated setup.py egg_info --egg-base ../../build/navigation build --build-base /home/strayer/ros2_ws/build/navigation/build install --record /home/strayer/ros2_ws/build/navigation/install.log --single-version-externally-managed install_data
[11.101s] Level 1:colcon.colcon_core.environment:checking '/home/strayer/ros2_ws/install/navigation' for CMake module files
[11.105s] DEBUG:colcon.colcon_core.event_handler.log_command:Invoked command in '/home/strayer/ros2_ws/src/navigation' returned '0': PYTHONPATH=/home/strayer/ros2_ws/build/navigation/prefix_override:/usr/lib/python3/dist-packages/colcon_core/task/python/colcon_distutils_commands:/home/strayer/ros2_ws/install/navigation/lib/python3.10/site-packages:${PYTHONPATH} /usr/bin/python3 -W ignore:setup.py install is deprecated -W ignore:easy_install command is deprecated setup.py egg_info --egg-base ../../build/navigation build --build-base /home/strayer/ros2_ws/build/navigation/build install --record /home/strayer/ros2_ws/build/navigation/install.log --single-version-externally-managed install_data
[11.109s] Level 1:colcon.colcon_core.environment:checking '/home/strayer/ros2_ws/install/navigation' for CMake config files
[11.118s] Level 1:colcon.colcon_core.environment:checking '/home/strayer/ros2_ws/install/navigation/lib'
[11.119s] Level 1:colcon.colcon_core.environment:checking '/home/strayer/ros2_ws/install/navigation/bin'
[11.120s] Level 1:colcon.colcon_core.environment:checking '/home/strayer/ros2_ws/install/navigation/lib/pkgconfig/navigation.pc'
[11.122s] Level 1:colcon.colcon_core.environment:checking '/home/strayer/ros2_ws/install/navigation/lib/python3.10/site-packages'
[11.123s] Level 1:colcon.colcon_core.shell:create_environment_hook('navigation', 'pythonpath')
[11.125s] INFO:colcon.colcon_core.shell:Creating environment hook '/home/strayer/ros2_ws/install/navigation/share/navigation/hook/pythonpath.ps1'
[11.130s] INFO:colcon.colcon_core.shell:Creating environment descriptor '/home/strayer/ros2_ws/install/navigation/share/navigation/hook/pythonpath.dsv'
[11.135s] INFO:colcon.colcon_core.shell:Creating environment hook '/home/strayer/ros2_ws/install/navigation/share/navigation/hook/pythonpath.sh'
[11.140s] Level 1:colcon.colcon_core.environment:checking '/home/strayer/ros2_ws/install/navigation/bin'
[11.141s] Level 1:colcon.colcon_core.environment:create_environment_scripts_only(navigation)
[11.143s] INFO:colcon.colcon_core.shell:Creating package script '/home/strayer/ros2_ws/install/navigation/share/navigation/package.ps1'
[11.149s] INFO:colcon.colcon_core.shell:Creating package descriptor '/home/strayer/ros2_ws/install/navigation/share/navigation/package.dsv'
[11.154s] INFO:colcon.colcon_core.shell:Creating package script '/home/strayer/ros2_ws/install/navigation/share/navigation/package.sh'
[11.160s] INFO:colcon.colcon_core.shell:Creating package script '/home/strayer/ros2_ws/install/navigation/share/navigation/package.bash'
[11.166s] INFO:colcon.colcon_core.shell:Creating package script '/home/strayer/ros2_ws/install/navigation/share/navigation/package.zsh'
[11.170s] Level 1:colcon.colcon_core.environment:create_file_with_runtime_dependencies(/home/strayer/ros2_ws/install/navigation/share/colcon-core/packages/navigation)
[11.218s] Level 1:colcon.colcon_core.environment:checking '/home/strayer/ros2_ws/install/serial_communication' for CMake module files
[11.219s] DEBUG:colcon.colcon_core.event_handler.log_command:Invoked command in '/home/strayer/ros2_ws/src/serial_communication' returned '0': PYTHONPATH=/home/strayer/ros2_ws/build/serial_communication/prefix_override:/usr/lib/python3/dist-packages/colcon_core/task/python/colcon_distutils_commands:/home/strayer/ros2_ws/install/serial_communication/lib/python3.10/site-packages:${PYTHONPATH} /usr/bin/python3 -W ignore:setup.py install is deprecated -W ignore:easy_install command is deprecated setup.py egg_info --egg-base ../../build/serial_communication build --build-base /home/strayer/ros2_ws/build/serial_communication/build install --record /home/strayer/ros2_ws/build/serial_communication/install.log --single-version-externally-managed install_data
[11.221s] Level 1:colcon.colcon_core.environment:checking '/home/strayer/ros2_ws/install/serial_communication' for CMake config files
[11.225s] Level 1:colcon.colcon_core.environment:checking '/home/strayer/ros2_ws/install/serial_communication/lib'
[11.226s] Level 1:colcon.colcon_core.environment:checking '/home/strayer/ros2_ws/install/serial_communication/bin'
[11.226s] Level 1:colcon.colcon_core.environment:checking '/home/strayer/ros2_ws/install/serial_communication/lib/pkgconfig/serial_communication.pc'
[11.228s] Level 1:colcon.colcon_core.environment:checking '/home/strayer/ros2_ws/install/serial_communication/lib/python3.10/site-packages'
[11.229s] Level 1:colcon.colcon_core.shell:create_environment_hook('serial_communication', 'pythonpath')
[11.230s] INFO:colcon.colcon_core.shell:Creating environment hook '/home/strayer/ros2_ws/install/serial_communication/share/serial_communication/hook/pythonpath.ps1'
[11.234s] INFO:colcon.colcon_core.shell:Creating environment descriptor '/home/strayer/ros2_ws/install/serial_communication/share/serial_communication/hook/pythonpath.dsv'
[11.237s] INFO:colcon.colcon_core.shell:Creating environment hook '/home/strayer/ros2_ws/install/serial_communication/share/serial_communication/hook/pythonpath.sh'
[11.240s] Level 1:colcon.colcon_core.environment:checking '/home/strayer/ros2_ws/install/serial_communication/bin'
[11.241s] Level 1:colcon.colcon_core.environment:create_environment_scripts_only(serial_communication)
[11.242s] INFO:colcon.colcon_core.shell:Creating package script '/home/strayer/ros2_ws/install/serial_communication/share/serial_communication/package.ps1'
[11.245s] INFO:colcon.colcon_core.shell:Creating package descriptor '/home/strayer/ros2_ws/install/serial_communication/share/serial_communication/package.dsv'
[11.247s] INFO:colcon.colcon_core.shell:Creating package script '/home/strayer/ros2_ws/install/serial_communication/share/serial_communication/package.sh'
[11.250s] INFO:colcon.colcon_core.shell:Creating package script '/home/strayer/ros2_ws/install/serial_communication/share/serial_communication/package.bash'
[11.252s] INFO:colcon.colcon_core.shell:Creating package script '/home/strayer/ros2_ws/install/serial_communication/share/serial_communication/package.zsh'
[11.254s] Level 1:colcon.colcon_core.environment:create_file_with_runtime_dependencies(/home/strayer/ros2_ws/install/serial_communication/share/colcon-core/packages/serial_communication)
[11.255s] DEBUG:colcon.colcon_parallel_executor.executor.parallel:closing loop
[11.257s] DEBUG:colcon.colcon_parallel_executor.executor.parallel:loop closed
[11.257s] DEBUG:colcon.colcon_parallel_executor.executor.parallel:run_until_complete finished with '0'
[11.257s] DEBUG:colcon.colcon_core.event_reactor:joining thread
[11.292s] INFO:colcon.colcon_core.plugin_system:Skipping extension 'colcon_notification.desktop_notification.terminal_notifier': Not used on non-Darwin systems
[11.292s] INFO:colcon.colcon_core.plugin_system:Skipping extension 'colcon_notification.desktop_notification.win32': Not used on non-Windows systems
[11.293s] INFO:colcon.colcon_notification.desktop_notification:Sending desktop notification using 'notify2'
[11.371s] DEBUG:colcon.colcon_core.event_reactor:joined thread
[11.372s] INFO:colcon.colcon_core.shell:Creating prefix script '/home/strayer/ros2_ws/install/local_setup.ps1'
[11.380s] INFO:colcon.colcon_core.shell:Creating prefix util module '/home/strayer/ros2_ws/install/_local_setup_util_ps1.py'
[11.390s] INFO:colcon.colcon_core.shell:Creating prefix chain script '/home/strayer/ros2_ws/install/setup.ps1'
[11.398s] INFO:colcon.colcon_core.shell:Creating prefix script '/home/strayer/ros2_ws/install/local_setup.sh'
[11.403s] INFO:colcon.colcon_core.shell:Creating prefix util module '/home/strayer/ros2_ws/install/_local_setup_util_sh.py'
[11.406s] INFO:colcon.colcon_core.shell:Creating prefix chain script '/home/strayer/ros2_ws/install/setup.sh'
[11.414s] INFO:colcon.colcon_core.shell:Creating prefix script '/home/strayer/ros2_ws/install/local_setup.bash'
[11.419s] INFO:colcon.colcon_core.shell:Creating prefix chain script '/home/strayer/ros2_ws/install/setup.bash'
[11.426s] INFO:colcon.colcon_core.shell:Creating prefix script '/home/strayer/ros2_ws/install/local_setup.zsh'
[11.430s] INFO:colcon.colcon_core.shell:Creating prefix chain script '/home/strayer/ros2_ws/install/setup.zsh'
