[6.000s] Invoking command in '/home/strayer/ros2_ws/src/serial_communication': PYTHONPATH=/home/strayer/ros2_ws/build/serial_communication/prefix_override:/usr/lib/python3/dist-packages/colcon_core/task/python/colcon_distutils_commands:/home/strayer/ros2_ws/install/serial_communication/lib/python3.10/site-packages:${PYTHONPATH} /usr/bin/python3 -W ignore:setup.py install is deprecated -W ignore:easy_install command is deprecated setup.py egg_info --egg-base ../../build/serial_communication build --build-base /home/strayer/ros2_ws/build/serial_communication/build install --record /home/strayer/ros2_ws/build/serial_communication/install.log --single-version-externally-managed install_data
[7.751s] running egg_info
[7.755s] writing ../../build/serial_communication/serial_communication.egg-info/PKG-INFO
[7.760s] writing dependency_links to ../../build/serial_communication/serial_communication.egg-info/dependency_links.txt
[7.762s] writing entry points to ../../build/serial_communication/serial_communication.egg-info/entry_points.txt
[7.765s] writing requirements to ../../build/serial_communication/serial_communication.egg-info/requires.txt
[7.767s] writing top-level names to ../../build/serial_communication/serial_communication.egg-info/top_level.txt
[7.776s] reading manifest file '../../build/serial_communication/serial_communication.egg-info/SOURCES.txt'
[7.783s] writing manifest file '../../build/serial_communication/serial_communication.egg-info/SOURCES.txt'
[7.785s] running build
[7.786s] running build_py
[7.790s] running install
[7.793s] running install_lib
[7.801s] running install_data
[7.803s] running install_egg_info
[7.813s] removing '/home/strayer/ros2_ws/install/serial_communication/lib/python3.10/site-packages/serial_communication-0.0.0-py3.10.egg-info' (and everything under it)
[7.815s] Copying ../../build/serial_communication/serial_communication.egg-info to /home/strayer/ros2_ws/install/serial_communication/lib/python3.10/site-packages/serial_communication-0.0.0-py3.10.egg-info
[7.823s] running install_scripts
[7.972s] Installing stm32_reciever script to /home/strayer/ros2_ws/install/serial_communication/lib/serial_communication
[7.976s] Installing stm32_sender script to /home/strayer/ros2_ws/install/serial_communication/lib/serial_communication
[7.989s] writing list of installed files to '/home/strayer/ros2_ws/build/serial_communication/install.log'
[8.156s] Invoked command in '/home/strayer/ros2_ws/src/serial_communication' returned '0': PYTHONPATH=/home/strayer/ros2_ws/build/serial_communication/prefix_override:/usr/lib/python3/dist-packages/colcon_core/task/python/colcon_distutils_commands:/home/strayer/ros2_ws/install/serial_communication/lib/python3.10/site-packages:${PYTHONPATH} /usr/bin/python3 -W ignore:setup.py install is deprecated -W ignore:easy_install command is deprecated setup.py egg_info --egg-base ../../build/serial_communication build --build-base /home/strayer/ros2_ws/build/serial_communication/build install --record /home/strayer/ros2_ws/build/serial_communication/install.log --single-version-externally-managed install_data
