[0.079s] Invoking command in '/home/strayer/ros2_ws/build/nav2': CMAKE_PREFIX_PATH=${CMAKE_PREFIX_PATH}:/home/strayer/ros2_ws/install/serial_communication:/opt/ros/humble /usr/bin/cmake /home/strayer/ros2_ws/src/nav2 -DCMAKE_INSTALL_PREFIX=/home/strayer/ros2_ws/install/nav2
[1.295s] -- The C compiler identification is GNU 11.4.0
[2.044s] -- The CXX compiler identification is GNU 11.4.0
[2.090s] -- Detecting C compiler ABI info
[2.477s] -- Detecting C compiler ABI info - done
[2.504s] -- Check for working C compiler: /usr/bin/cc - skipped
[2.506s] -- Detecting C compile features
[2.509s] -- Detecting C compile features - done
[2.523s] -- Detecting CXX compiler ABI info
[2.911s] -- Detecting CXX compiler ABI info - done
[2.940s] -- Check for working CXX compiler: /usr/bin/c++ - skipped
[2.941s] -- Detecting CXX compile features
[2.942s] -- Detecting CXX compile features - done
[3.008s] -- Found ament_cmake: 1.3.14 (/opt/ros/humble/share/ament_cmake/cmake)
[3.841s] -- Found Python3: /usr/bin/python3 (found version "3.10.12") found components: Interpreter 
[5.211s] -- Configuring done
[5.236s] -- Generating done
[5.252s] -- Build files have been written to: /home/strayer/ros2_ws/build/nav2
[5.280s] Invoked command in '/home/strayer/ros2_ws/build/nav2' returned '0': CMAKE_PREFIX_PATH=${CMAKE_PREFIX_PATH}:/home/strayer/ros2_ws/install/serial_communication:/opt/ros/humble /usr/bin/cmake /home/strayer/ros2_ws/src/nav2 -DCMAKE_INSTALL_PREFIX=/home/strayer/ros2_ws/install/nav2
[5.299s] Invoking command in '/home/strayer/ros2_ws/build/nav2': CMAKE_PREFIX_PATH=${CMAKE_PREFIX_PATH}:/home/strayer/ros2_ws/install/serial_communication:/opt/ros/humble /usr/bin/cmake --build /home/strayer/ros2_ws/build/nav2 -- -j4 -l4
[5.534s] Invoked command in '/home/strayer/ros2_ws/build/nav2' returned '0': CMAKE_PREFIX_PATH=${CMAKE_PREFIX_PATH}:/home/strayer/ros2_ws/install/serial_communication:/opt/ros/humble /usr/bin/cmake --build /home/strayer/ros2_ws/build/nav2 -- -j4 -l4
[5.597s] Invoking command in '/home/strayer/ros2_ws/build/nav2': CMAKE_PREFIX_PATH=${CMAKE_PREFIX_PATH}:/home/strayer/ros2_ws/install/serial_communication:/opt/ros/humble /usr/bin/cmake --install /home/strayer/ros2_ws/build/nav2
[5.646s] -- Install configuration: ""
[5.647s] -- Installing: /home/strayer/ros2_ws/install/nav2/share/nav2//launch
[5.648s] -- Installing: /home/strayer/ros2_ws/install/nav2/share/nav2//launch/navigation.launch.py
[5.649s] -- Installing: /home/strayer/ros2_ws/install/nav2/share/nav2//rviz
[5.650s] -- Installing: /home/strayer/ros2_ws/install/nav2/share/nav2//rviz/nav2_config.rviz
[5.653s] -- Installing: /home/strayer/ros2_ws/install/nav2/share/nav2//config
[5.654s] -- Installing: /home/strayer/ros2_ws/install/nav2/share/ament_index/resource_index/package_run_dependencies/nav2
[5.656s] -- Installing: /home/strayer/ros2_ws/install/nav2/share/ament_index/resource_index/parent_prefix_path/nav2
[5.658s] -- Installing: /home/strayer/ros2_ws/install/nav2/share/nav2/environment/ament_prefix_path.sh
[5.660s] -- Installing: /home/strayer/ros2_ws/install/nav2/share/nav2/environment/ament_prefix_path.dsv
[5.661s] -- Installing: /home/strayer/ros2_ws/install/nav2/share/nav2/environment/path.sh
[5.663s] -- Installing: /home/strayer/ros2_ws/install/nav2/share/nav2/environment/path.dsv
[5.664s] -- Installing: /home/strayer/ros2_ws/install/nav2/share/nav2/local_setup.bash
[5.666s] -- Installing: /home/strayer/ros2_ws/install/nav2/share/nav2/local_setup.sh
[5.667s] -- Installing: /home/strayer/ros2_ws/install/nav2/share/nav2/local_setup.zsh
[5.669s] -- Installing: /home/strayer/ros2_ws/install/nav2/share/nav2/local_setup.dsv
[5.670s] -- Installing: /home/strayer/ros2_ws/install/nav2/share/nav2/package.dsv
[5.671s] -- Installing: /home/strayer/ros2_ws/install/nav2/share/ament_index/resource_index/packages/nav2
[5.673s] -- Installing: /home/strayer/ros2_ws/install/nav2/share/nav2/cmake/nav2Config.cmake
[5.674s] -- Installing: /home/strayer/ros2_ws/install/nav2/share/nav2/cmake/nav2Config-version.cmake
[5.676s] -- Installing: /home/strayer/ros2_ws/install/nav2/share/nav2/package.xml
[5.697s] Invoked command in '/home/strayer/ros2_ws/build/nav2' returned '0': CMAKE_PREFIX_PATH=${CMAKE_PREFIX_PATH}:/home/strayer/ros2_ws/install/serial_communication:/opt/ros/humble /usr/bin/cmake --install /home/strayer/ros2_ws/build/nav2
