[4.087s] Invoking command in '/home/strayer/ros2_ws/src/navigation': PYTHONPATH=/home/strayer/ros2_ws/build/navigation/prefix_override:/usr/lib/python3/dist-packages/colcon_core/task/python/colcon_distutils_commands:/home/strayer/ros2_ws/install/navigation/lib/python3.10/site-packages:${PYTHONPATH} /usr/bin/python3 -W ignore:setup.py install is deprecated -W ignore:easy_install command is deprecated setup.py egg_info --egg-base ../../build/navigation build --build-base /home/strayer/ros2_ws/build/navigation/build install --record /home/strayer/ros2_ws/build/navigation/install.log --single-version-externally-managed install_data
[5.802s] running egg_info
[5.806s] writing ../../build/navigation/navigation.egg-info/PKG-INFO
[5.807s] writing dependency_links to ../../build/navigation/navigation.egg-info/dependency_links.txt
[5.809s] writing entry points to ../../build/navigation/navigation.egg-info/entry_points.txt
[5.811s] writing requirements to ../../build/navigation/navigation.egg-info/requires.txt
[5.812s] writing top-level names to ../../build/navigation/navigation.egg-info/top_level.txt
[5.822s] reading manifest file '../../build/navigation/navigation.egg-info/SOURCES.txt'
[5.828s] writing manifest file '../../build/navigation/navigation.egg-info/SOURCES.txt'
[5.829s] running build
[5.829s] running build_py
[5.830s] running install
[5.832s] running install_lib
[5.838s] running install_data
[5.839s] copying config/nav2_params.yaml -> /home/strayer/ros2_ws/install/navigation/share/navigation/config
[5.841s] running install_egg_info
[5.853s] removing '/home/strayer/ros2_ws/install/navigation/lib/python3.10/site-packages/navigation-0.0.0-py3.10.egg-info' (and everything under it)
[5.855s] Copying ../../build/navigation/navigation.egg-info to /home/strayer/ros2_ws/install/navigation/lib/python3.10/site-packages/navigation-0.0.0-py3.10.egg-info
[5.864s] running install_scripts
[5.986s] writing list of installed files to '/home/strayer/ros2_ws/build/navigation/install.log'
[6.183s] Invoked command in '/home/strayer/ros2_ws/src/navigation' returned '0': PYTHONPATH=/home/strayer/ros2_ws/build/navigation/prefix_override:/usr/lib/python3/dist-packages/colcon_core/task/python/colcon_distutils_commands:/home/strayer/ros2_ws/install/navigation/lib/python3.10/site-packages:${PYTHONPATH} /usr/bin/python3 -W ignore:setup.py install is deprecated -W ignore:easy_install command is deprecated setup.py egg_info --egg-base ../../build/navigation build --build-base /home/strayer/ros2_ws/build/navigation/build install --record /home/strayer/ros2_ws/build/navigation/install.log --single-version-externally-managed install_data
