running egg_info
creating ../../build/navigation/navigation.egg-info
writing ../../build/navigation/navigation.egg-info/PKG-INFO
writing dependency_links to ../../build/navigation/navigation.egg-info/dependency_links.txt
writing entry points to ../../build/navigation/navigation.egg-info/entry_points.txt
writing requirements to ../../build/navigation/navigation.egg-info/requires.txt
writing top-level names to ../../build/navigation/navigation.egg-info/top_level.txt
writing manifest file '../../build/navigation/navigation.egg-info/SOURCES.txt'
reading manifest file '../../build/navigation/navigation.egg-info/SOURCES.txt'
writing manifest file '../../build/navigation/navigation.egg-info/SOURCES.txt'
running build
running build_py
creating /home/strayer/ros2_ws/build/navigation/build
creating /home/strayer/ros2_ws/build/navigation/build/lib
creating /home/strayer/ros2_ws/build/navigation/build/lib/navigation
copying navigation/__init__.py -> /home/strayer/ros2_ws/build/navigation/build/lib/navigation
running install
running install_lib
creating /home/strayer/ros2_ws/install/navigation/lib/python3.10/site-packages/navigation
copying /home/strayer/ros2_ws/build/navigation/build/lib/navigation/__init__.py -> /home/strayer/ros2_ws/install/navigation/lib/python3.10/site-packages/navigation
byte-compiling /home/strayer/ros2_ws/install/navigation/lib/python3.10/site-packages/navigation/__init__.py to __init__.cpython-310.pyc
running install_data
creating /home/strayer/ros2_ws/install/navigation/share/ament_index
creating /home/strayer/ros2_ws/install/navigation/share/ament_index/resource_index
creating /home/strayer/ros2_ws/install/navigation/share/ament_index/resource_index/packages
copying resource/navigation -> /home/strayer/ros2_ws/install/navigation/share/ament_index/resource_index/packages
copying package.xml -> /home/strayer/ros2_ws/install/navigation/share/navigation
creating /home/strayer/ros2_ws/install/navigation/share/navigation/launch
copying launch/navigation2.launch.py -> /home/strayer/ros2_ws/install/navigation/share/navigation/launch
creating /home/strayer/ros2_ws/install/navigation/share/navigation/config
copying config/nav2_params.yaml -> /home/strayer/ros2_ws/install/navigation/share/navigation/config
creating /home/strayer/ros2_ws/install/navigation/share/navigation/maps
copying maps/map.yaml -> /home/strayer/ros2_ws/install/navigation/share/navigation/maps
copying maps/map.pgm -> /home/strayer/ros2_ws/install/navigation/share/navigation/maps
running install_egg_info
Copying ../../build/navigation/navigation.egg-info to /home/strayer/ros2_ws/install/navigation/lib/python3.10/site-packages/navigation-0.0.0-py3.10.egg-info
running install_scripts
writing list of installed files to '/home/strayer/ros2_ws/build/navigation/install.log'
