[2.993s] Invoking command in '/home/strayer/ros2_ws/src/navigation': PYTHONPATH=/home/strayer/ros2_ws/build/navigation/prefix_override:/usr/lib/python3/dist-packages/colcon_core/task/python/colcon_distutils_commands:/home/strayer/ros2_ws/install/navigation/lib/python3.10/site-packages:${PYTHONPATH} /usr/bin/python3 -W ignore:setup.py install is deprecated -W ignore:easy_install command is deprecated setup.py egg_info --egg-base ../../build/navigation build --build-base /home/strayer/ros2_ws/build/navigation/build install --record /home/strayer/ros2_ws/build/navigation/install.log --single-version-externally-managed install_data
[4.134s] running egg_info
[4.136s] creating ../../build/navigation/navigation.egg-info
[4.137s] writing ../../build/navigation/navigation.egg-info/PKG-INFO
[4.139s] writing dependency_links to ../../build/navigation/navigation.egg-info/dependency_links.txt
[4.139s] writing entry points to ../../build/navigation/navigation.egg-info/entry_points.txt
[4.140s] writing requirements to ../../build/navigation/navigation.egg-info/requires.txt
[4.140s] writing top-level names to ../../build/navigation/navigation.egg-info/top_level.txt
[4.141s] writing manifest file '../../build/navigation/navigation.egg-info/SOURCES.txt'
[4.148s] reading manifest file '../../build/navigation/navigation.egg-info/SOURCES.txt'
[4.151s] writing manifest file '../../build/navigation/navigation.egg-info/SOURCES.txt'
[4.152s] running build
[4.152s] running build_py
[4.153s] creating /home/strayer/ros2_ws/build/navigation/build
[4.154s] creating /home/strayer/ros2_ws/build/navigation/build/lib
[4.154s] creating /home/strayer/ros2_ws/build/navigation/build/lib/navigation
[4.155s] copying navigation/__init__.py -> /home/strayer/ros2_ws/build/navigation/build/lib/navigation
[4.156s] running install
[4.157s] running install_lib
[4.161s] creating /home/strayer/ros2_ws/install/navigation/lib/python3.10/site-packages/navigation
[4.162s] copying /home/strayer/ros2_ws/build/navigation/build/lib/navigation/__init__.py -> /home/strayer/ros2_ws/install/navigation/lib/python3.10/site-packages/navigation
[4.164s] byte-compiling /home/strayer/ros2_ws/install/navigation/lib/python3.10/site-packages/navigation/__init__.py to __init__.cpython-310.pyc
[4.165s] running install_data
[4.167s] creating /home/strayer/ros2_ws/install/navigation/share/ament_index
[4.168s] creating /home/strayer/ros2_ws/install/navigation/share/ament_index/resource_index
[4.168s] creating /home/strayer/ros2_ws/install/navigation/share/ament_index/resource_index/packages
[4.169s] copying resource/navigation -> /home/strayer/ros2_ws/install/navigation/share/ament_index/resource_index/packages
[4.169s] copying package.xml -> /home/strayer/ros2_ws/install/navigation/share/navigation
[4.170s] creating /home/strayer/ros2_ws/install/navigation/share/navigation/launch
[4.170s] copying launch/navigation2.launch.py -> /home/strayer/ros2_ws/install/navigation/share/navigation/launch
[4.171s] creating /home/strayer/ros2_ws/install/navigation/share/navigation/config
[4.171s] copying config/nav2_params.yaml -> /home/strayer/ros2_ws/install/navigation/share/navigation/config
[4.172s] creating /home/strayer/ros2_ws/install/navigation/share/navigation/maps
[4.172s] copying maps/map.yaml -> /home/strayer/ros2_ws/install/navigation/share/navigation/maps
[4.174s] copying maps/map.pgm -> /home/strayer/ros2_ws/install/navigation/share/navigation/maps
[4.182s] running install_egg_info
[4.192s] Copying ../../build/navigation/navigation.egg-info to /home/strayer/ros2_ws/install/navigation/lib/python3.10/site-packages/navigation-0.0.0-py3.10.egg-info
[4.198s] running install_scripts
[4.283s] writing list of installed files to '/home/strayer/ros2_ws/build/navigation/install.log'
[4.409s] Invoked command in '/home/strayer/ros2_ws/src/navigation' returned '0': PYTHONPATH=/home/strayer/ros2_ws/build/navigation/prefix_override:/usr/lib/python3/dist-packages/colcon_core/task/python/colcon_distutils_commands:/home/strayer/ros2_ws/install/navigation/lib/python3.10/site-packages:${PYTHONPATH} /usr/bin/python3 -W ignore:setup.py install is deprecated -W ignore:easy_install command is deprecated setup.py egg_info --egg-base ../../build/navigation build --build-base /home/strayer/ros2_ws/build/navigation/build install --record /home/strayer/ros2_ws/build/navigation/install.log --single-version-externally-managed install_data
