Archive member included to satisfy reference by file (symbol)

D:/RuanJianChengXu1/EmbededSystem/STM32CLT/STM32CubeCLT_1.18.0/GNU-tools-for-STM32/bin/../lib/gcc/arm-none-eabi/13.3.1/../../../../arm-none-eabi/lib/thumb/v7-m/nofp\libc_nano.a(libc_a-exit.o)
                              D:/RuanJianChengXu1/EmbededSystem/STM32CLT/STM32CubeCLT_1.18.0/GNU-tools-for-STM32/bin/../lib/gcc/arm-none-eabi/13.3.1/../../../../arm-none-eabi/lib/thumb/v7-m/nofp/crt0.o (exit)
D:/RuanJianChengXu1/EmbededSystem/STM32CLT/STM32CubeCLT_1.18.0/GNU-tools-for-STM32/bin/../lib/gcc/arm-none-eabi/13.3.1/../../../../arm-none-eabi/lib/thumb/v7-m/nofp\libc_nano.a(libc_a-findfp.o)
                              D:/RuanJianChengXu1/EmbededSystem/STM32CLT/STM32CubeCLT_1.18.0/GNU-tools-for-STM32/bin/../lib/gcc/arm-none-eabi/13.3.1/../../../../arm-none-eabi/lib/thumb/v7-m/nofp\libc_nano.a(libc_a-exit.o) (__stdio_exit_handler)
D:/RuanJianChengXu1/EmbededSystem/STM32CLT/STM32CubeCLT_1.18.0/GNU-tools-for-STM32/bin/../lib/gcc/arm-none-eabi/13.3.1/../../../../arm-none-eabi/lib/thumb/v7-m/nofp\libc_nano.a(libc_a-fwalk.o)
                              D:/RuanJianChengXu1/EmbededSystem/STM32CLT/STM32CubeCLT_1.18.0/GNU-tools-for-STM32/bin/../lib/gcc/arm-none-eabi/13.3.1/../../../../arm-none-eabi/lib/thumb/v7-m/nofp\libc_nano.a(libc_a-findfp.o) (_fwalk_sglue)
D:/RuanJianChengXu1/EmbededSystem/STM32CLT/STM32CubeCLT_1.18.0/GNU-tools-for-STM32/bin/../lib/gcc/arm-none-eabi/13.3.1/../../../../arm-none-eabi/lib/thumb/v7-m/nofp\libc_nano.a(libc_a-stdio.o)
                              D:/RuanJianChengXu1/EmbededSystem/STM32CLT/STM32CubeCLT_1.18.0/GNU-tools-for-STM32/bin/../lib/gcc/arm-none-eabi/13.3.1/../../../../arm-none-eabi/lib/thumb/v7-m/nofp\libc_nano.a(libc_a-findfp.o) (__sread)
D:/RuanJianChengXu1/EmbededSystem/STM32CLT/STM32CubeCLT_1.18.0/GNU-tools-for-STM32/bin/../lib/gcc/arm-none-eabi/13.3.1/../../../../arm-none-eabi/lib/thumb/v7-m/nofp\libc_nano.a(libc_a-memset.o)
                              D:/RuanJianChengXu1/EmbededSystem/STM32CLT/STM32CubeCLT_1.18.0/GNU-tools-for-STM32/bin/../lib/gcc/arm-none-eabi/13.3.1/../../../../arm-none-eabi/lib/thumb/v7-m/nofp/crt0.o (memset)
D:/RuanJianChengXu1/EmbededSystem/STM32CLT/STM32CubeCLT_1.18.0/GNU-tools-for-STM32/bin/../lib/gcc/arm-none-eabi/13.3.1/../../../../arm-none-eabi/lib/thumb/v7-m/nofp\libc_nano.a(libc_a-closer.o)
                              D:/RuanJianChengXu1/EmbededSystem/STM32CLT/STM32CubeCLT_1.18.0/GNU-tools-for-STM32/bin/../lib/gcc/arm-none-eabi/13.3.1/../../../../arm-none-eabi/lib/thumb/v7-m/nofp\libc_nano.a(libc_a-stdio.o) (_close_r)
D:/RuanJianChengXu1/EmbededSystem/STM32CLT/STM32CubeCLT_1.18.0/GNU-tools-for-STM32/bin/../lib/gcc/arm-none-eabi/13.3.1/../../../../arm-none-eabi/lib/thumb/v7-m/nofp\libc_nano.a(libc_a-reent.o)
                              D:/RuanJianChengXu1/EmbededSystem/STM32CLT/STM32CubeCLT_1.18.0/GNU-tools-for-STM32/bin/../lib/gcc/arm-none-eabi/13.3.1/../../../../arm-none-eabi/lib/thumb/v7-m/nofp\libc_nano.a(libc_a-closer.o) (errno)
D:/RuanJianChengXu1/EmbededSystem/STM32CLT/STM32CubeCLT_1.18.0/GNU-tools-for-STM32/bin/../lib/gcc/arm-none-eabi/13.3.1/../../../../arm-none-eabi/lib/thumb/v7-m/nofp\libc_nano.a(libc_a-impure.o)
                              D:/RuanJianChengXu1/EmbededSystem/STM32CLT/STM32CubeCLT_1.18.0/GNU-tools-for-STM32/bin/../lib/gcc/arm-none-eabi/13.3.1/../../../../arm-none-eabi/lib/thumb/v7-m/nofp\libc_nano.a(libc_a-reent.o) (_impure_ptr)
D:/RuanJianChengXu1/EmbededSystem/STM32CLT/STM32CubeCLT_1.18.0/GNU-tools-for-STM32/bin/../lib/gcc/arm-none-eabi/13.3.1/../../../../arm-none-eabi/lib/thumb/v7-m/nofp\libc_nano.a(libc_a-lseekr.o)
                              D:/RuanJianChengXu1/EmbededSystem/STM32CLT/STM32CubeCLT_1.18.0/GNU-tools-for-STM32/bin/../lib/gcc/arm-none-eabi/13.3.1/../../../../arm-none-eabi/lib/thumb/v7-m/nofp\libc_nano.a(libc_a-stdio.o) (_lseek_r)
D:/RuanJianChengXu1/EmbededSystem/STM32CLT/STM32CubeCLT_1.18.0/GNU-tools-for-STM32/bin/../lib/gcc/arm-none-eabi/13.3.1/../../../../arm-none-eabi/lib/thumb/v7-m/nofp\libc_nano.a(libc_a-readr.o)
                              D:/RuanJianChengXu1/EmbededSystem/STM32CLT/STM32CubeCLT_1.18.0/GNU-tools-for-STM32/bin/../lib/gcc/arm-none-eabi/13.3.1/../../../../arm-none-eabi/lib/thumb/v7-m/nofp\libc_nano.a(libc_a-stdio.o) (_read_r)
D:/RuanJianChengXu1/EmbededSystem/STM32CLT/STM32CubeCLT_1.18.0/GNU-tools-for-STM32/bin/../lib/gcc/arm-none-eabi/13.3.1/../../../../arm-none-eabi/lib/thumb/v7-m/nofp\libc_nano.a(libc_a-writer.o)
                              D:/RuanJianChengXu1/EmbededSystem/STM32CLT/STM32CubeCLT_1.18.0/GNU-tools-for-STM32/bin/../lib/gcc/arm-none-eabi/13.3.1/../../../../arm-none-eabi/lib/thumb/v7-m/nofp\libc_nano.a(libc_a-stdio.o) (_write_r)
D:/RuanJianChengXu1/EmbededSystem/STM32CLT/STM32CubeCLT_1.18.0/GNU-tools-for-STM32/bin/../lib/gcc/arm-none-eabi/13.3.1/../../../../arm-none-eabi/lib/thumb/v7-m/nofp\libc_nano.a(libc_a-init.o)
[...]
Memory Configuration

Name             Origin             Length             Attributes
RAM              0x20000000         0x00005000         xrw
FLASH            0x08000000         0x00010000         xr
*default*        0x00000000         0xffffffff

Linker script and memory map

LOAD D:/RuanJianChengXu1/EmbededSystem/STM32CLT/STM32CubeCLT_1.18.0/GNU-tools-for-STM32/bin/../lib/gcc/arm-none-eabi/13.3.1/thumb/v7-m/nofp/crti.o
LOAD D:/RuanJianChengXu1/EmbededSystem/STM32CLT/STM32CubeCLT_1.18.0/GNU-tools-for-STM32/bin/../lib/gcc/arm-none-eabi/13.3.1/thumb/v7-m/nofp/crtbegin.o
LOAD D:/RuanJianChengXu1/EmbededSystem/STM32CLT/STM32CubeCLT_1.18.0/GNU-tools-for-STM32/bin/../lib/gcc/arm-none-eabi/13.3.1/../../../../arm-none-eabi/lib/thumb/v7-m/nofp/crt0.o
START GROUP
LOAD D:/RuanJianChengXu1/EmbededSystem/STM32CLT/STM32CubeCLT_1.18.0/GNU-tools-for-STM32/bin/../lib/gcc/arm-none-eabi/13.3.1/../../../../arm-none-eabi/lib/thumb/v7-m/nofp\libc_nano.a
LOAD D:/RuanJianChengXu1/EmbededSystem/STM32CLT/STM32CubeCLT_1.18.0/GNU-tools-for-STM32/bin/../lib/gcc/arm-none-eabi/13.3.1/../../../../arm-none-eabi/lib/thumb/v7-m/nofp\libm.a
END GROUP
LOAD cmake/stm32cubemx/CMakeFiles/STM32_Drivers.dir/__/__/Core/Src/system_stm32f1xx.c.obj
LOAD cmake/stm32cubemx/CMakeFiles/STM32_Drivers.dir/__/__/Drivers/STM32F1xx_HAL_Driver/Src/stm32f1xx_hal_gpio_ex.c.obj
LOAD cmake/stm32cubemx/CMakeFiles/STM32_Drivers.dir/__/__/Drivers/STM32F1xx_HAL_Driver/Src/stm32f1xx_hal_can.c.obj
LOAD cmake/stm32cubemx/CMakeFiles/STM32_Drivers.dir/__/__/Drivers/STM32F1xx_HAL_Driver/Src/stm32f1xx_hal.c.obj
LOAD cmake/stm32cubemx/CMakeFiles/STM32_Drivers.dir/__/__/Drivers/STM32F1xx_HAL_Driver/Src/stm32f1xx_hal_rcc.c.obj
LOAD cmake/stm32cubemx/CMakeFiles/STM32_Drivers.dir/__/__/Drivers/STM32F1xx_HAL_Driver/Src/stm32f1xx_hal_rcc_ex.c.obj
LOAD cmake/stm32cubemx/CMakeFiles/STM32_Drivers.dir/__/__/Drivers/STM32F1xx_HAL_Driver/Src/stm32f1xx_hal_gpio.c.obj
LOAD cmake/stm32cubemx/CMakeFiles/STM32_Drivers.dir/__/__/Drivers/STM32F1xx_HAL_Driver/Src/stm32f1xx_hal_dma.c.obj
LOAD cmake/stm32cubemx/CMakeFiles/STM32_Drivers.dir/__/__/Drivers/STM32F1xx_HAL_Driver/Src/stm32f1xx_hal_cortex.c.obj
LOAD cmake/stm32cubemx/CMakeFiles/STM32_Drivers.dir/__/__/Drivers/STM32F1xx_HAL_Driver/Src/stm32f1xx_hal_pwr.c.obj
LOAD cmake/stm32cubemx/CMakeFiles/STM32_Drivers.dir/__/__/Drivers/STM32F1xx_HAL_Driver/Src/stm32f1xx_hal_flash.c.obj
LOAD cmake/stm32cubemx/CMakeFiles/STM32_Drivers.dir/__/__/Drivers/STM32F1xx_HAL_Driver/Src/stm32f1xx_hal_flash_ex.c.obj
LOAD cmake/stm32cubemx/CMakeFiles/STM32_Drivers.dir/__/__/Drivers/STM32F1xx_HAL_Driver/Src/stm32f1xx_hal_exti.c.obj
LOAD cmake/stm32cubemx/CMakeFiles/STM32_Drivers.dir/__/__/Drivers/STM32F1xx_HAL_Driver/Src/stm32f1xx_hal_i2c.c.obj
LOAD cmake/stm32cubemx/CMakeFiles/STM32_Drivers.dir/__/__/Drivers/STM32F1xx_HAL_Driver/Src/stm32f1xx_hal_tim.c.obj
LOAD cmake/stm32cubemx/CMakeFiles/STM32_Drivers.dir/__/__/Drivers/STM32F1xx_HAL_Driver/Src/stm32f1xx_hal_tim_ex.c.obj
LOAD cmake/stm32cubemx/CMakeFiles/STM32_Drivers.dir/__/__/Drivers/STM32F1xx_HAL_Driver/Src/stm32f1xx_hal_uart.c.obj
LOAD CMakeFiles/Arm_Control_Board.dir/Core/Src/font.c.obj
LOAD CMakeFiles/Arm_Control_Board.dir/Core/Src/oled.c.obj
LOAD CMakeFiles/Arm_Control_Board.dir/Core/Src/42_stepper.c.obj
LOAD CMakeFiles/Arm_Control_Board.dir/Core/Src/servo.c.obj
LOAD CMakeFiles/Arm_Control_Board.dir/Core/Src/Arm.c.obj
LOAD CMakeFiles/Arm_Control_Board.dir/Core/Src/ArmCommunication.c.obj
LOAD CMakeFiles/Arm_Control_Board.dir/Core/Src/main.c.obj
LOAD CMakeFiles/Arm_Control_Board.dir/Core/Src/gpio.c.obj
LOAD CMakeFiles/Arm_Control_Board.dir/Core/Src/can.c.obj
LOAD CMakeFiles/Arm_Control_Board.dir/Core/Src/i2c.c.obj
LOAD CMakeFiles/Arm_Control_Board.dir/Core/Src/tim.c.obj
LOAD CMakeFiles/Arm_Control_Board.dir/Core/Src/usart.c.obj
LOAD CMakeFiles/Arm_Control_Board.dir/Core/Src/stm32f1xx_it.c.obj
LOAD CMakeFiles/Arm_Control_Board.dir/Core/Src/stm32f1xx_hal_msp.c.obj
LOAD CMakeFiles/Arm_Control_Board.dir/Core/Src/sysmem.c.obj
LOAD CMakeFiles/Arm_Control_Board.dir/Core/Src/syscalls.c.obj
LOAD CMakeFiles/Arm_Control_Board.dir/startup_stm32f103xb.s.obj
START GROUP
LOAD D:/RuanJianChengXu1/EmbededSystem/STM32CLT/STM32CubeCLT_1.18.0/GNU-tools-for-STM32/bin/../lib/gcc/arm-none-eabi/13.3.1/thumb/v7-m/nofp\libgcc.a
LOAD D:/RuanJianChengXu1/EmbededSystem/STM32CLT/STM32CubeCLT_1.18.0/GNU-tools-for-STM32/bin/../lib/gcc/arm-none-eabi/13.3.1/../../../../arm-none-eabi/lib/thumb/v7-m/nofp\libg_nano.a
LOAD D:/RuanJianChengXu1/EmbededSystem/STM32CLT/STM32CubeCLT_1.18.0/GNU-tools-for-STM32/bin/../lib/gcc/arm-none-eabi/13.3.1/../../../../arm-none-eabi/lib/thumb/v7-m/nofp\libc_nano.a
END GROUP
START GROUP
LOAD D:/RuanJianChengXu1/EmbededSystem/STM32CLT/STM32CubeCLT_1.18.0/GNU-tools-for-STM32/bin/../lib/gcc/arm-none-eabi/13.3.1/thumb/v7-m/nofp\libgcc.a
LOAD D:/RuanJianChengXu1/EmbededSystem/STM32CLT/STM32CubeCLT_1.18.0/GNU-tools-for-STM32/bin/../lib/gcc/arm-none-eabi/13.3.1/../../../../arm-none-eabi/lib/thumb/v7-m/nofp\libc_nano.a
END GROUP
LOAD D:/RuanJianChengXu1/EmbededSystem/STM32CLT/STM32CubeCLT_1.18.0/GNU-tools-for-STM32/bin/../lib/gcc/arm-none-eabi/13.3.1/thumb/v7-m/nofp/crtend.o
LOAD D:/RuanJianChengXu1/EmbededSystem/STM32CLT/STM32CubeCLT_1.18.0/GNU-tools-for-STM32/bin/../lib/gcc/arm-none-eabi/13.3.1/thumb/v7-m/nofp/crtn.o
                0x20005000                        _estack = (ORIGIN (RAM) + LENGTH (RAM))
                0x00000200                        _Min_Heap_Size = 0x200
                0x00000400                        _Min_Stack_Size = 0x400

.isr_vector     0x08000000      0x10c
                0x08000000                        . = ALIGN (0x4)
 *(.isr_vector)
 .isr_vector    0x08000000      0x10c CMakeFiles/Arm_Control_Board.dir/startup_stm32f103xb.s.obj
                0x08000000                g_pfnVectors
                0x0800010c                        . = ALIGN (0x4)

.text           0x0800010c     0x5e38
                0x0800010c                        . = ALIGN (0x4)
 *(.text)
 .text          0x0800010c       0x40 D:/RuanJianChengXu1/EmbededSystem/STM32CLT/STM32CubeCLT_1.18.0/GNU-tools-for-STM32/bin/../lib/gcc/arm-none-eabi/13.3.1/thumb/v7-m/nofp/crtbegin.o
 .text          0x0800014c      0x21c D:/RuanJianChengXu1/EmbededSystem/STM32CLT/STM32CubeCLT_1.18.0/GNU-tools-for-STM32/bin/../lib/gcc/arm-none-eabi/13.3.1/thumb/v7-m/nofp\libgcc.a(_arm_addsubsf3.o)
                0x0800014c                __aeabi_frsub
                0x08000154                __subsf3
                0x08000154                __aeabi_fsub
                0x08000158                __aeabi_fadd
                0x08000158                __addsf3
                0x080002b8                __aeabi_ui2f
                0x080002b8                __floatunsisf
                0x080002c0                __aeabi_i2f
                0x080002c0                __floatsisf
                0x080002dc                __aeabi_ul2f
                0x080002dc                __floatundisf
                0x080002ec                __aeabi_l2f
                0x080002ec                __floatdisf
 *(.text*)
 .text.memset   0x08000368       0x10 D:/RuanJianChengXu1/EmbededSystem/STM32CLT/STM32CubeCLT_1.18.0/GNU-tools-for-STM32/bin/../lib/gcc/arm-none-eabi/13.3.1/../../../../arm-none-eabi/lib/thumb/v7-m/nofp\libc_nano.a(libc_a-memset.o)
                0x08000368                memset
 .text.__libc_init_array
                0x08000378       0x48 D:/RuanJianChengXu1/EmbededSystem/STM32CLT/STM32CubeCLT_1.18.0/GNU-tools-for-STM32/bin/../lib/gcc/arm-none-eabi/13.3.1/../../../../arm-none-eabi/lib/thumb/v7-m/nofp\libc_nano.a(libc_a-init.o)
                0x08000378                __libc_init_array
 .text.__retarget_lock_acquire_recursive
                0x080003c0        0x2 D:/RuanJianChengXu1/EmbededSystem/STM32CLT/STM32CubeCLT_1.18.0/GNU-tools-for-STM32/bin/../lib/gcc/arm-none-eabi/13.3.1/../../../../arm-none-eabi/lib/thumb/v7-m/nofp\libc_nano.a(libc_a-lock.o)
                0x080003c0                __retarget_lock_acquire_recursive
 .text.__retarget_lock_release_recursive
                0x080003c2        0x2 D:/RuanJianChengXu1/EmbededSystem/STM32CLT/STM32CubeCLT_1.18.0/GNU-tools-for-STM32/bin/../lib/gcc/arm-none-eabi/13.3.1/../../../../arm-none-eabi/lib/thumb/v7-m/nofp\libc_nano.a(libc_a-lock.o)
                0x080003c2                __retarget_lock_release_recursive
 .text._free_r  0x080003c4       0x90 D:/RuanJianChengXu1/EmbededSystem/STM32CLT/STM32CubeCLT_1.18.0/GNU-tools-for-STM32/bin/../lib/gcc/arm-none-eabi/13.3.1/../../../../arm-none-eabi/lib/thumb/v7-m/nofp\libc_nano.a(libc_a-freer.o)
                0x080003c4                _free_r
 .text.sbrk_aligned
                0x08000454       0x44 D:/RuanJianChengXu1/EmbededSystem/STM32CLT/STM32CubeCLT_1.18.0/GNU-tools-for-STM32/bin/../lib/gcc/arm-none-eabi/13.3.1/../../../../arm-none-eabi/lib/thumb/v7-m/nofp\libc_nano.a(libc_a-mallocr.o)
 .text._malloc_r
                0x08000498      0x100 D:/RuanJianChengXu1/EmbededSystem/STM32CLT/STM32CubeCLT_1.18.0/GNU-tools-for-STM32/bin/../lib/gcc/arm-none-eabi/13.3.1/../../../../arm-none-eabi/lib/thumb/v7-m/nofp\libc_nano.a(libc_a-mallocr.o)
                0x08000498                _malloc_r
 .text.__malloc_lock
                0x08000598        0xc D:/RuanJianChengXu1/EmbededSystem/STM32CLT/STM32CubeCLT_1.18.0/GNU-tools-for-STM32/bin/../lib/gcc/arm-none-eabi/13.3.1/../../../../arm-none-eabi/lib/thumb/v7-m/nofp\libc_nano.a(libc_a-mlock.o)
                0x08000598                __malloc_lock
 .text.__malloc_unlock
                0x080005a4        0xc D:/RuanJianChengXu1/EmbededSystem/STM32CLT/STM32CubeCLT_1.18.0/GNU-tools-for-STM32/bin/../lib/gcc/arm-none-eabi/13.3.1/../../../../arm-none-eabi/lib/thumb/v7-m/nofp\libc_nano.a(libc_a-mlock.o)
                0x080005a4                __malloc_unlock
 .text._sbrk_r  0x080005b0       0x20 D:/RuanJianChengXu1/EmbededSystem/STM32CLT/STM32CubeCLT_1.18.0/GNU-tools-for-STM32/bin/../lib/gcc/arm-none-eabi/13.3.1/../../../../arm-none-eabi/lib/thumb/v7-m/nofp\libc_nano.a(libc_a-sbrkr.o)
                0x080005b0                _sbrk_r
 .text.SystemInit
                0x080005d0        0xc cmake/stm32cubemx/CMakeFiles/STM32_Drivers.dir/__/__/Core/Src/system_stm32f1xx.c.obj
                0x080005d0                SystemInit
 .text.HAL_CAN_Init
                0x080005dc      0x1f6 cmake/stm32cubemx/CMakeFiles/STM32_Drivers.dir/__/__/Drivers/STM32F1xx_HAL_Driver/Src/stm32f1xx_hal_can.c.obj
                0x080005dc                HAL_CAN_Init
 .text.HAL_CAN_ConfigFilter
                0x080007d2      0x192 cmake/stm32cubemx/CMakeFiles/STM32_Drivers.dir/__/__/Drivers/STM32F1xx_HAL_Driver/Src/stm32f1xx_hal_can.c.obj
                0x080007d2                HAL_CAN_ConfigFilter
 .text.HAL_CAN_Start
                0x08000964       0x88 cmake/stm32cubemx/CMakeFiles/STM32_Drivers.dir/__/__/Drivers/STM32F1xx_HAL_Driver/Src/stm32f1xx_hal_can.c.obj
                0x08000964                HAL_CAN_Start
 .text.HAL_CAN_AddTxMessage
                0x080009ec      0x19e cmake/stm32cubemx/CMakeFiles/STM32_Drivers.dir/__/__/Drivers/STM32F1xx_HAL_Driver/Src/stm32f1xx_hal_can.c.obj
                0x080009ec                HAL_CAN_AddTxMessage
 .text.HAL_CAN_GetTxMailboxesFreeLevel
                0x08000b8a       0x68 cmake/stm32cubemx/CMakeFiles/STM32_Drivers.dir/__/__/Drivers/STM32F1xx_HAL_Driver/Src/stm32f1xx_hal_can.c.obj
                0x08000b8a                HAL_CAN_GetTxMailboxesFreeLevel
 .text.HAL_CAN_GetRxMessage
                0x08000bf2      0x242 cmake/stm32cubemx/CMakeFiles/STM32_Drivers.dir/__/__/Drivers/STM32F1xx_HAL_Driver/Src/stm32f1xx_hal_can.c.obj
                0x08000bf2                HAL_CAN_GetRxMessage
 .text.HAL_CAN_ActivateNotification
                0x08000e34       0x4a cmake/stm32cubemx/CMakeFiles/STM32_Drivers.dir/__/__/Drivers/STM32F1xx_HAL_Driver/Src/stm32f1xx_hal_can.c.obj
                0x08000e34                HAL_CAN_ActivateNotification
 .text.HAL_CAN_IRQHandler
                0x08000e7e      0x36e cmake/stm32cubemx/CMakeFiles/STM32_Drivers.dir/__/__/Drivers/STM32F1xx_HAL_Driver/Src/stm32f1xx_hal_can.c.obj
                0x08000e7e                HAL_CAN_IRQHandler
 .text.HAL_CAN_TxMailbox0CompleteCallback
                0x080011ec       0x12 cmake/stm32cubemx/CMakeFiles/STM32_Drivers.dir/__/__/Drivers/STM32F1xx_HAL_Driver/Src/stm32f1xx_hal_can.c.obj
                0x080011ec                HAL_CAN_TxMailbox0CompleteCallback
 .text.HAL_CAN_TxMailbox1CompleteCallback
                0x080011fe       0x12 cmake/stm32cubemx/CMakeFiles/STM32_Drivers.dir/__/__/Drivers/STM32F1xx_HAL_Driver/Src/stm32f1xx_hal_can.c.obj
                0x080011fe                HAL_CAN_TxMailbox1CompleteCallback
 .text.HAL_CAN_TxMailbox2CompleteCallback
                0x08001210       0x12 cmake/stm32cubemx/CMakeFiles/STM32_Drivers.dir/__/__/Drivers/STM32F1xx_HAL_Driver/Src/stm32f1xx_hal_can.c.obj
                0x08001210                HAL_CAN_TxMailbox2CompleteCallback
 .text.HAL_CAN_TxMailbox0AbortCallback
                0x08001222       0x12 cmake/stm32cubemx/CMakeFiles/STM32_Drivers.dir/__/__/Drivers/STM32F1xx_HAL_Driver/Src/stm32f1xx_hal_can.c.obj
                0x08001222                HAL_CAN_TxMailbox0AbortCallback
 .text.HAL_CAN_TxMailbox1AbortCallback
                0x08001234       0x12 cmake/stm32cubemx/CMakeFiles/STM32_Drivers.dir/__/__/Drivers/STM32F1xx_HAL_Driver/Src/stm32f1xx_hal_can.c.obj
                0x08001234                HAL_CAN_TxMailbox1AbortCallback
 .text.HAL_CAN_TxMailbox2AbortCallback
                0x08001246       0x12 cmake/stm32cubemx/CMakeFiles/STM32_Drivers.dir/__/__/Drivers/STM32F1xx_HAL_Driver/Src/stm32f1xx_hal_can.c.obj
                0x08001246                HAL_CAN_TxMailbox2AbortCallback
 .text.HAL_CAN_RxFifo0FullCallback
                0x08001258       0x12 cmake/stm32cubemx/CMakeFiles/STM32_Drivers.dir/__/__/Drivers/STM32F1xx_HAL_Driver/Src/stm32f1xx_hal_can.c.obj
                0x08001258                HAL_CAN_RxFifo0FullCallback
 .text.HAL_CAN_RxFifo1MsgPendingCallback
                0x0800126a       0x12 cmake/stm32cubemx/CMakeFiles/STM32_Drivers.dir/__/__/Drivers/STM32F1xx_HAL_Driver/Src/stm32f1xx_hal_can.c.obj
                0x0800126a                HAL_CAN_RxFifo1MsgPendingCallback
 .text.HAL_CAN_RxFifo1FullCallback
                0x0800127c       0x12 cmake/stm32cubemx/CMakeFiles/STM32_Drivers.dir/__/__/Drivers/STM32F1xx_HAL_Driver/Src/stm32f1xx_hal_can.c.obj
                0x0800127c                HAL_CAN_RxFifo1FullCallback
 .text.HAL_CAN_SleepCallback
                0x0800128e       0x12 cmake/stm32cubemx/CMakeFiles/STM32_Drivers.dir/__/__/Drivers/STM32F1xx_HAL_Driver/Src/stm32f1xx_hal_can.c.obj
                0x0800128e                HAL_CAN_SleepCallback
 .text.HAL_CAN_WakeUpFromRxMsgCallback
                0x080012a0       0x12 cmake/stm32cubemx/CMakeFiles/STM32_Drivers.dir/__/__/Drivers/STM32F1xx_HAL_Driver/Src/stm32f1xx_hal_can.c.obj
                0x080012a0                HAL_CAN_WakeUpFromRxMsgCallback
 .text.HAL_CAN_ErrorCallback
                0x080012b2       0x12 cmake/stm32cubemx/CMakeFiles/STM32_Drivers.dir/__/__/Drivers/STM32F1xx_HAL_Driver/Src/stm32f1xx_hal_can.c.obj
                0x080012b2                HAL_CAN_ErrorCallback
 .text.HAL_Init
                0x080012c4       0x2c cmake/stm32cubemx/CMakeFiles/STM32_Drivers.dir/__/__/Drivers/STM32F1xx_HAL_Driver/Src/stm32f1xx_hal.c.obj
                0x080012c4                HAL_Init
 .text.HAL_InitTick
                0x080012f0       0x60 cmake/stm32cubemx/CMakeFiles/STM32_Drivers.dir/__/__/Drivers/STM32F1xx_HAL_Driver/Src/stm32f1xx_hal.c.obj
                0x080012f0                HAL_InitTick
 .text.HAL_IncTick
                0x08001350       0x24 cmake/stm32cubemx/CMakeFiles/STM32_Drivers.dir/__/__/Drivers/STM32F1xx_HAL_Driver/Src/stm32f1xx_hal.c.obj
                0x08001350                HAL_IncTick
 .text.HAL_GetTick
                0x08001374       0x14 cmake/stm32cubemx/CMakeFiles/STM32_Drivers.dir/__/__/Drivers/STM32F1xx_HAL_Driver/Src/stm32f1xx_hal.c.obj
                0x08001374                HAL_GetTick
 .text.HAL_Delay
                0x08001388       0x48 cmake/stm32cubemx/CMakeFiles/STM32_Drivers.dir/__/__/Drivers/STM32F1xx_HAL_Driver/Src/stm32f1xx_hal.c.obj
                0x08001388                HAL_Delay
 .text.HAL_RCC_OscConfig
                0x080013d0      0x504 cmake/stm32cubemx/CMakeFiles/STM32_Drivers.dir/__/__/Drivers/STM32F1xx_HAL_Driver/Src/stm32f1xx_hal_rcc.c.obj
                0x080013d0                HAL_RCC_OscConfig
 .text.HAL_RCC_ClockConfig
                0x080018d4      0x1d4 cmake/stm32cubemx/CMakeFiles/STM32_Drivers.dir/__/__/Drivers/STM32F1xx_HAL_Driver/Src/stm32f1xx_hal_rcc.c.obj
                0x080018d4                HAL_RCC_ClockConfig
 .text.HAL_RCC_GetSysClockFreq
                0x08001aa8       0xa8 cmake/stm32cubemx/CMakeFiles/STM32_Drivers.dir/__/__/Drivers/STM32F1xx_HAL_Driver/Src/stm32f1xx_hal_rcc.c.obj
                0x08001aa8                HAL_RCC_GetSysClockFreq
 .text.HAL_RCC_GetHCLKFreq
                0x08001b50       0x14 cmake/stm32cubemx/CMakeFiles/STM32_Drivers.dir/__/__/Drivers/STM32F1xx_HAL_Driver/Src/stm32f1xx_hal_rcc.c.obj
                0x08001b50                HAL_RCC_GetHCLKFreq
 .text.HAL_RCC_GetPCLK1Freq
                0x08001b64       0x28 cmake/stm32cubemx/CMakeFiles/STM32_Drivers.dir/__/__/Drivers/STM32F1xx_HAL_Driver/Src/stm32f1xx_hal_rcc.c.obj
                0x08001b64                HAL_RCC_GetPCLK1Freq
 .text.HAL_RCC_GetPCLK2Freq
                0x08001b8c       0x28 cmake/stm32cubemx/CMakeFiles/STM32_Drivers.dir/__/__/Drivers/STM32F1xx_HAL_Driver/Src/stm32f1xx_hal_rcc.c.obj
                0x08001b8c                HAL_RCC_GetPCLK2Freq
 .text.RCC_Delay
                0x08001bb4       0x3c cmake/stm32cubemx/CMakeFiles/STM32_Drivers.dir/__/__/Drivers/STM32F1xx_HAL_Driver/Src/stm32f1xx_hal_rcc.c.obj
 .text.HAL_GPIO_Init
                0x08001bf0      0x308 cmake/stm32cubemx/CMakeFiles/STM32_Drivers.dir/__/__/Drivers/STM32F1xx_HAL_Driver/Src/stm32f1xx_hal_gpio.c.obj
                0x08001bf0                HAL_GPIO_Init
 .text.HAL_GPIO_WritePin
                0x08001ef8       0x30 cmake/stm32cubemx/CMakeFiles/STM32_Drivers.dir/__/__/Drivers/STM32F1xx_HAL_Driver/Src/stm32f1xx_hal_gpio.c.obj
                0x08001ef8                HAL_GPIO_WritePin
 .text.HAL_DMA_Abort
                0x08001f28       0x76 cmake/stm32cubemx/CMakeFiles/STM32_Drivers.dir/__/__/Drivers/STM32F1xx_HAL_Driver/Src/stm32f1xx_hal_dma.c.obj
                0x08001f28                HAL_DMA_Abort
 *fill*         0x08001f9e        0x2 
 .text.HAL_DMA_Abort_IT
                0x08001fa0       0xf0 cmake/stm32cubemx/CMakeFiles/STM32_Drivers.dir/__/__/Drivers/STM32F1xx_HAL_Driver/Src/stm32f1xx_hal_dma.c.obj
                0x08001fa0                HAL_DMA_Abort_IT
 .text.__NVIC_SetPriorityGrouping
                0x08002090       0x48 cmake/stm32cubemx/CMakeFiles/STM32_Drivers.dir/__/__/Drivers/STM32F1xx_HAL_Driver/Src/stm32f1xx_hal_cortex.c.obj
 .text.__NVIC_GetPriorityGrouping
                0x080020d8       0x1c cmake/stm32cubemx/CMakeFiles/STM32_Drivers.dir/__/__/Drivers/STM32F1xx_HAL_Driver/Src/stm32f1xx_hal_cortex.c.obj
 .text.__NVIC_EnableIRQ
                0x080020f4       0x38 cmake/stm32cubemx/CMakeFiles/STM32_Drivers.dir/__/__/Drivers/STM32F1xx_HAL_Driver/Src/stm32f1xx_hal_cortex.c.obj
 .text.__NVIC_SetPriority
                0x0800212c       0x54 cmake/stm32cubemx/CMakeFiles/STM32_Drivers.dir/__/__/Drivers/STM32F1xx_HAL_Driver/Src/stm32f1xx_hal_cortex.c.obj
 .text.NVIC_EncodePriority
                0x08002180       0x64 cmake/stm32cubemx/CMakeFiles/STM32_Drivers.dir/__/__/Drivers/STM32F1xx_HAL_Driver/Src/stm32f1xx_hal_cortex.c.obj
 .text.SysTick_Config
                0x080021e4       0x44 cmake/stm32cubemx/CMakeFiles/STM32_Drivers.dir/__/__/Drivers/STM32F1xx_HAL_Driver/Src/stm32f1xx_hal_cortex.c.obj
 .text.HAL_NVIC_SetPriorityGrouping
                0x08002228       0x16 cmake/stm32cubemx/CMakeFiles/STM32_Drivers.dir/__/__/Drivers/STM32F1xx_HAL_Driver/Src/stm32f1xx_hal_cortex.c.obj
                0x08002228                HAL_NVIC_SetPriorityGrouping
 .text.HAL_NVIC_SetPriority
                0x0800223e       0x38 cmake/stm32cubemx/CMakeFiles/STM32_Drivers.dir/__/__/Drivers/STM32F1xx_HAL_Driver/Src/stm32f1xx_hal_cortex.c.obj
                0x0800223e                HAL_NVIC_SetPriority
 .text.HAL_NVIC_EnableIRQ
                0x08002276       0x1c cmake/stm32cubemx/CMakeFiles/STM32_Drivers.dir/__/__/Drivers/STM32F1xx_HAL_Driver/Src/stm32f1xx_hal_cortex.c.obj
                0x08002276                HAL_NVIC_EnableIRQ
 .text.HAL_SYSTICK_Config
                0x08002292       0x18 cmake/stm32cubemx/CMakeFiles/STM32_Drivers.dir/__/__/Drivers/STM32F1xx_HAL_Driver/Src/stm32f1xx_hal_cortex.c.obj
                0x08002292                HAL_SYSTICK_Config
 *fill*         0x080022aa        0x2 
 .text.HAL_I2C_Init
                0x080022ac      0x288 cmake/stm32cubemx/CMakeFiles/STM32_Drivers.dir/__/__/Drivers/STM32F1xx_HAL_Driver/Src/stm32f1xx_hal_i2c.c.obj
                0x080022ac                HAL_I2C_Init
 .text.HAL_I2C_Mem_Write
                0x08002534      0x1f4 cmake/stm32cubemx/CMakeFiles/STM32_Drivers.dir/__/__/Drivers/STM32F1xx_HAL_Driver/Src/stm32f1xx_hal_i2c.c.obj
                0x08002534                HAL_I2C_Mem_Write
 .text.I2C_RequestMemoryWrite
                0x08002728      0x12c cmake/stm32cubemx/CMakeFiles/STM32_Drivers.dir/__/__/Drivers/STM32F1xx_HAL_Driver/Src/stm32f1xx_hal_i2c.c.obj
 .text.I2C_WaitOnFlagUntilTimeout
                0x08002854       0xf4 cmake/stm32cubemx/CMakeFiles/STM32_Drivers.dir/__/__/Drivers/STM32F1xx_HAL_Driver/Src/stm32f1xx_hal_i2c.c.obj
 .text.I2C_WaitOnMasterAddressFlagUntilTimeout
                0x08002948      0x140 cmake/stm32cubemx/CMakeFiles/STM32_Drivers.dir/__/__/Drivers/STM32F1xx_HAL_Driver/Src/stm32f1xx_hal_i2c.c.obj
 .text.I2C_WaitOnTXEFlagUntilTimeout
                0x08002a88       0x90 cmake/stm32cubemx/CMakeFiles/STM32_Drivers.dir/__/__/Drivers/STM32F1xx_HAL_Driver/Src/stm32f1xx_hal_i2c.c.obj
 .text.I2C_WaitOnBTFFlagUntilTimeout
                0x08002b18       0x90 cmake/stm32cubemx/CMakeFiles/STM32_Drivers.dir/__/__/Drivers/STM32F1xx_HAL_Driver/Src/stm32f1xx_hal_i2c.c.obj
 .text.I2C_IsAcknowledgeFailed
                0x08002ba8       0x5c cmake/stm32cubemx/CMakeFiles/STM32_Drivers.dir/__/__/Drivers/STM32F1xx_HAL_Driver/Src/stm32f1xx_hal_i2c.c.obj
 .text.HAL_TIM_Base_Init
                0x08002c04       0x9e cmake/stm32cubemx/CMakeFiles/STM32_Drivers.dir/__/__/Drivers/STM32F1xx_HAL_Driver/Src/stm32f1xx_hal_tim.c.obj
                0x08002c04                HAL_TIM_Base_Init
 .text.HAL_TIM_PWM_Init
                0x08002ca2       0x9e cmake/stm32cubemx/CMakeFiles/STM32_Drivers.dir/__/__/Drivers/STM32F1xx_HAL_Driver/Src/stm32f1xx_hal_tim.c.obj
                0x08002ca2                HAL_TIM_PWM_Init
 .text.HAL_TIM_PWM_MspInit
                0x08002d40       0x12 cmake/stm32cubemx/CMakeFiles/STM32_Drivers.dir/__/__/Drivers/STM32F1xx_HAL_Driver/Src/stm32f1xx_hal_tim.c.obj
                0x08002d40                HAL_TIM_PWM_MspInit
 *fill*         0x08002d52        0x2 
 .text.HAL_TIM_PWM_Start
                0x08002d54      0x144 cmake/stm32cubemx/CMakeFiles/STM32_Drivers.dir/__/__/Drivers/STM32F1xx_HAL_Driver/Src/stm32f1xx_hal_tim.c.obj
                0x08002d54                HAL_TIM_PWM_Start
 .text.HAL_TIM_PWM_ConfigChannel
                0x08002e98      0x184 cmake/stm32cubemx/CMakeFiles/STM32_Drivers.dir/__/__/Drivers/STM32F1xx_HAL_Driver/Src/stm32f1xx_hal_tim.c.obj
                0x08002e98                HAL_TIM_PWM_ConfigChannel
 .text.HAL_TIM_ConfigClockSource
                0x0800301c      0x18e cmake/stm32cubemx/CMakeFiles/STM32_Drivers.dir/__/__/Drivers/STM32F1xx_HAL_Driver/Src/stm32f1xx_hal_tim.c.obj
                0x0800301c                HAL_TIM_ConfigClockSource
 *fill*         0x080031aa        0x2 
 .text.TIM_Base_SetConfig
                0x080031ac       0xdc cmake/stm32cubemx/CMakeFiles/STM32_Drivers.dir/__/__/Drivers/STM32F1xx_HAL_Driver/Src/stm32f1xx_hal_tim.c.obj
                0x080031ac                TIM_Base_SetConfig
 .text.TIM_OC1_SetConfig
                0x08003288       0xcc cmake/stm32cubemx/CMakeFiles/STM32_Drivers.dir/__/__/Drivers/STM32F1xx_HAL_Driver/Src/stm32f1xx_hal_tim.c.obj
 .text.TIM_OC2_SetConfig
                0x08003354       0xd4 cmake/stm32cubemx/CMakeFiles/STM32_Drivers.dir/__/__/Drivers/STM32F1xx_HAL_Driver/Src/stm32f1xx_hal_tim.c.obj
                0x08003354                TIM_OC2_SetConfig
 .text.TIM_OC3_SetConfig
                0x08003428       0xd4 cmake/stm32cubemx/CMakeFiles/STM32_Drivers.dir/__/__/Drivers/STM32F1xx_HAL_Driver/Src/stm32f1xx_hal_tim.c.obj
 .text.TIM_OC4_SetConfig
                0x080034fc       0x9c cmake/stm32cubemx/CMakeFiles/STM32_Drivers.dir/__/__/Drivers/STM32F1xx_HAL_Driver/Src/stm32f1xx_hal_tim.c.obj
 .text.TIM_TI1_ConfigInputStage
                0x08003598       0x5c cmake/stm32cubemx/CMakeFiles/STM32_Drivers.dir/__/__/Drivers/STM32F1xx_HAL_Driver/Src/stm32f1xx_hal_tim.c.obj
 .text.TIM_TI2_ConfigInputStage
                0x080035f4       0x5e cmake/stm32cubemx/CMakeFiles/STM32_Drivers.dir/__/__/Drivers/STM32F1xx_HAL_Driver/Src/stm32f1xx_hal_tim.c.obj
 .text.TIM_ITRx_SetConfig
                0x08003652       0x34 cmake/stm32cubemx/CMakeFiles/STM32_Drivers.dir/__/__/Drivers/STM32F1xx_HAL_Driver/Src/stm32f1xx_hal_tim.c.obj
 .text.TIM_ETR_SetConfig
                0x08003686       0x3e cmake/stm32cubemx/CMakeFiles/STM32_Drivers.dir/__/__/Drivers/STM32F1xx_HAL_Driver/Src/stm32f1xx_hal_tim.c.obj
                0x08003686                TIM_ETR_SetConfig
 .text.TIM_CCxChannelCmd
                0x080036c4       0x48 cmake/stm32cubemx/CMakeFiles/STM32_Drivers.dir/__/__/Drivers/STM32F1xx_HAL_Driver/Src/stm32f1xx_hal_tim.c.obj
                0x080036c4                TIM_CCxChannelCmd
 .text.HAL_TIMEx_MasterConfigSynchronization
                0x0800370c       0xbc cmake/stm32cubemx/CMakeFiles/STM32_Drivers.dir/__/__/Drivers/STM32F1xx_HAL_Driver/Src/stm32f1xx_hal_tim_ex.c.obj
                0x0800370c                HAL_TIMEx_MasterConfigSynchronization
 .text.HAL_UART_Init
                0x080037c8       0xa0 cmake/stm32cubemx/CMakeFiles/STM32_Drivers.dir/__/__/Drivers/STM32F1xx_HAL_Driver/Src/stm32f1xx_hal_uart.c.obj
                0x080037c8                HAL_UART_Init
 .text.HAL_UART_Receive_IT
                0x08003868       0x4a cmake/stm32cubemx/CMakeFiles/STM32_Drivers.dir/__/__/Drivers/STM32F1xx_HAL_Driver/Src/stm32f1xx_hal_uart.c.obj
                0x08003868                HAL_UART_Receive_IT
 *fill*         0x080038b2        0x2 
 .text.HAL_UART_IRQHandler
                0x080038b4      0x524 cmake/stm32cubemx/CMakeFiles/STM32_Drivers.dir/__/__/Drivers/STM32F1xx_HAL_Driver/Src/stm32f1xx_hal_uart.c.obj
                0x080038b4                HAL_UART_IRQHandler
 .text.HAL_UART_TxCpltCallback
                0x08003dd8       0x12 cmake/stm32cubemx/CMakeFiles/STM32_Drivers.dir/__/__/Drivers/STM32F1xx_HAL_Driver/Src/stm32f1xx_hal_uart.c.obj
                0x08003dd8                HAL_UART_TxCpltCallback
 .text.HAL_UART_ErrorCallback
                0x08003dea       0x12 cmake/stm32cubemx/CMakeFiles/STM32_Drivers.dir/__/__/Drivers/STM32F1xx_HAL_Driver/Src/stm32f1xx_hal_uart.c.obj
                0x08003dea                HAL_UART_ErrorCallback
 .text.HAL_UARTEx_RxEventCallback
                0x08003dfc       0x16 cmake/stm32cubemx/CMakeFiles/STM32_Drivers.dir/__/__/Drivers/STM32F1xx_HAL_Driver/Src/stm32f1xx_hal_uart.c.obj
                0x08003dfc                HAL_UARTEx_RxEventCallback
 .text.UART_Start_Receive_IT
                0x08003e12       0x72 cmake/stm32cubemx/CMakeFiles/STM32_Drivers.dir/__/__/Drivers/STM32F1xx_HAL_Driver/Src/stm32f1xx_hal_uart.c.obj
                0x08003e12                UART_Start_Receive_IT
 .text.UART_EndRxTransfer
                0x08003e84       0xc4 cmake/stm32cubemx/CMakeFiles/STM32_Drivers.dir/__/__/Drivers/STM32F1xx_HAL_Driver/Src/stm32f1xx_hal_uart.c.obj
 .text.UART_DMAAbortOnError
                0x08003f48       0x28 cmake/stm32cubemx/CMakeFiles/STM32_Drivers.dir/__/__/Drivers/STM32F1xx_HAL_Driver/Src/stm32f1xx_hal_uart.c.obj
 .text.UART_Transmit_IT
                0x08003f70       0x9e cmake/stm32cubemx/CMakeFiles/STM32_Drivers.dir/__/__/Drivers/STM32F1xx_HAL_Driver/Src/stm32f1xx_hal_uart.c.obj
 .text.UART_EndTransmit_IT
                0x0800400e       0x30 cmake/stm32cubemx/CMakeFiles/STM32_Drivers.dir/__/__/Drivers/STM32F1xx_HAL_Driver/Src/stm32f1xx_hal_uart.c.obj
 .text.UART_Receive_IT
                0x0800403e      0x17c cmake/stm32cubemx/CMakeFiles/STM32_Drivers.dir/__/__/Drivers/STM32F1xx_HAL_Driver/Src/stm32f1xx_hal_uart.c.obj
 *fill*         0x080041ba        0x2 
 .text.UART_SetConfig
                0x080041bc      0x11c cmake/stm32cubemx/CMakeFiles/STM32_Drivers.dir/__/__/Drivers/STM32F1xx_HAL_Driver/Src/stm32f1xx_hal_uart.c.obj
 .text.WriteCmd
                0x080042d8       0x4c CMakeFiles/Arm_Control_Board.dir/Core/Src/oled.c.obj
                0x080042d8                WriteCmd
 .text.OLED_WR_CMD
                0x08004324       0x30 CMakeFiles/Arm_Control_Board.dir/Core/Src/oled.c.obj
                0x08004324                OLED_WR_CMD
 .text.OLED_WR_DATA
                0x08004354       0x30 CMakeFiles/Arm_Control_Board.dir/Core/Src/oled.c.obj
                0x08004354                OLED_WR_DATA
 .text.OLED_Init
                0x08004384       0x1e CMakeFiles/Arm_Control_Board.dir/Core/Src/oled.c.obj
                0x08004384                OLED_Init
 .text.OLED_DisPlay_On
                0x080043a2       0x1a CMakeFiles/Arm_Control_Board.dir/Core/Src/oled.c.obj
                0x080043a2                OLED_DisPlay_On
 .text.OLED_NewFrame
                0x080043bc       0x18 CMakeFiles/Arm_Control_Board.dir/Core/Src/oled.c.obj
                0x080043bc                OLED_NewFrame
 .text.OLED_ShowFrame
                0x080043d4       0x68 CMakeFiles/Arm_Control_Board.dir/Core/Src/oled.c.obj
                0x080043d4                OLED_ShowFrame
 .text.OLED_SetByte_Fine
                0x0800443c       0xe8 CMakeFiles/Arm_Control_Board.dir/Core/Src/oled.c.obj
 .text.OLED_SetBits
                0x08004524       0x82 CMakeFiles/Arm_Control_Board.dir/Core/Src/oled.c.obj
 .text.OLED_SetBits_Fine
                0x080045a6       0xbe CMakeFiles/Arm_Control_Board.dir/Core/Src/oled.c.obj
 .text.OLED_SetBlock
                0x08004664       0xe2 CMakeFiles/Arm_Control_Board.dir/Core/Src/oled.c.obj
 .text.OLED_DrawImage
                0x08004746       0x3c CMakeFiles/Arm_Control_Board.dir/Core/Src/oled.c.obj
                0x08004746                OLED_DrawImage
 .text.OLED_PrintASCIIChar
                0x08004782       0x5e CMakeFiles/Arm_Control_Board.dir/Core/Src/oled.c.obj
                0x08004782                OLED_PrintASCIIChar
 .text.OLED_PrintASCIIString
                0x080047e0       0x4e CMakeFiles/Arm_Control_Board.dir/Core/Src/oled.c.obj
                0x080047e0                OLED_PrintASCIIString
 .text.Stepper_Init
                0x0800482e       0x50 CMakeFiles/Arm_Control_Board.dir/Core/Src/42_stepper.c.obj
                0x0800482e                Stepper_Init
 *fill*         0x0800487e        0x2 
 .text.Relative_Position_Set_Command
                0x08004880       0x9c CMakeFiles/Arm_Control_Board.dir/Core/Src/42_stepper.c.obj
                0x08004880                Relative_Position_Set_Command
 .text.Checksum_Generator
                0x0800491c       0x3c CMakeFiles/Arm_Control_Board.dir/Core/Src/42_stepper.c.obj
 .text.Send_Message_to_Stepper
                0x08004958       0xf4 CMakeFiles/Arm_Control_Board.dir/Core/Src/42_stepper.c.obj
                0x08004958                Send_Message_to_Stepper
 .text.Read_Message_from_Stepper
                0x08004a4c       0x7c CMakeFiles/Arm_Control_Board.dir/Core/Src/42_stepper.c.obj
                0x08004a4c                Read_Message_from_Stepper
 .text.HAL_CAN_RxFifo0MsgPendingCallback
                0x08004ac8       0x28 CMakeFiles/Arm_Control_Board.dir/Core/Src/42_stepper.c.obj
                0x08004ac8                HAL_CAN_RxFifo0MsgPendingCallback
 .text.Servo_Init
                0x08004af0       0x60 CMakeFiles/Arm_Control_Board.dir/Core/Src/servo.c.obj
                0x08004af0                Servo_Init
 .text.Servo_Set_Angel
                0x08004b50       0x78 CMakeFiles/Arm_Control_Board.dir/Core/Src/servo.c.obj
                0x08004b50                Servo_Set_Angel
 .text.Move_to_Get
                0x08004bc8       0x4c CMakeFiles/Arm_Control_Board.dir/Core/Src/Arm.c.obj
                0x08004bc8                Move_to_Get
 .text.Move_to_Origin
                0x08004c14       0x40 CMakeFiles/Arm_Control_Board.dir/Core/Src/Arm.c.obj
                0x08004c14                Move_to_Origin
 .text.Arm_Serial_Init
                0x08004c54       0x20 CMakeFiles/Arm_Control_Board.dir/Core/Src/ArmCommunication.c.obj
                0x08004c54                Arm_Serial_Init
 .text.Arm_Receive_ISR
                0x08004c74       0x64 CMakeFiles/Arm_Control_Board.dir/Core/Src/ArmCommunication.c.obj
                0x08004c74                Arm_Receive_ISR
 .text.Arm_Receive_ParseFrame
                0x08004cd8       0x90 CMakeFiles/Arm_Control_Board.dir/Core/Src/ArmCommunication.c.obj
 .text.main     0x08004d68      0x12c CMakeFiles/Arm_Control_Board.dir/Core/Src/main.c.obj
                0x08004d68                main
 .text.SystemClock_Config
                0x08004e94       0x8a CMakeFiles/Arm_Control_Board.dir/Core/Src/main.c.obj
                0x08004e94                SystemClock_Config
 *fill*         0x08004f1e        0x2 
 .text.OLED_Show_Data
                0x08004f20       0xd4 CMakeFiles/Arm_Control_Board.dir/Core/Src/main.c.obj
 .text.Error_Handler
                0x08004ff4        0xc CMakeFiles/Arm_Control_Board.dir/Core/Src/main.c.obj
                0x08004ff4                Error_Handler
 .text.MX_GPIO_Init
                0x08005000       0xb0 CMakeFiles/Arm_Control_Board.dir/Core/Src/gpio.c.obj
                0x08005000                MX_GPIO_Init
 .text.MX_CAN_Init
                0x080050b0       0x6c CMakeFiles/Arm_Control_Board.dir/Core/Src/can.c.obj
                0x080050b0                MX_CAN_Init
 .text.HAL_CAN_MspInit
                0x0800511c       0xd0 CMakeFiles/Arm_Control_Board.dir/Core/Src/can.c.obj
                0x0800511c                HAL_CAN_MspInit
 .text.MX_I2C1_Init
                0x080051ec       0x5c CMakeFiles/Arm_Control_Board.dir/Core/Src/i2c.c.obj
                0x080051ec                MX_I2C1_Init
 .text.HAL_I2C_MspInit
                0x08005248       0x7c CMakeFiles/Arm_Control_Board.dir/Core/Src/i2c.c.obj
                0x08005248                HAL_I2C_MspInit
 .text.MX_TIM3_Init
                0x080052c4      0x104 CMakeFiles/Arm_Control_Board.dir/Core/Src/tim.c.obj
                0x080052c4                MX_TIM3_Init
 .text.HAL_TIM_Base_MspInit
                0x080053c8       0x3c CMakeFiles/Arm_Control_Board.dir/Core/Src/tim.c.obj
                0x080053c8                HAL_TIM_Base_MspInit
 .text.HAL_TIM_MspPostInit
                0x08005404       0x64 CMakeFiles/Arm_Control_Board.dir/Core/Src/tim.c.obj
                0x08005404                HAL_TIM_MspPostInit
 .text.MX_USART1_UART_Init
                0x08005468       0x54 CMakeFiles/Arm_Control_Board.dir/Core/Src/usart.c.obj
                0x08005468                MX_USART1_UART_Init
 .text.MX_USART2_UART_Init
                0x080054bc       0x54 CMakeFiles/Arm_Control_Board.dir/Core/Src/usart.c.obj
                0x080054bc                MX_USART2_UART_Init
 .text.HAL_UART_MspInit
                0x08005510      0x128 CMakeFiles/Arm_Control_Board.dir/Core/Src/usart.c.obj
                0x08005510                HAL_UART_MspInit
 .text.NMI_Handler
                0x08005638        0x8 CMakeFiles/Arm_Control_Board.dir/Core/Src/stm32f1xx_it.c.obj
                0x08005638                NMI_Handler
 .text.HardFault_Handler
                0x08005640        0x8 CMakeFiles/Arm_Control_Board.dir/Core/Src/stm32f1xx_it.c.obj
                0x08005640                HardFault_Handler
 .text.MemManage_Handler
                0x08005648        0x8 CMakeFiles/Arm_Control_Board.dir/Core/Src/stm32f1xx_it.c.obj
                0x08005648                MemManage_Handler
 .text.BusFault_Handler
                0x08005650        0x8 CMakeFiles/Arm_Control_Board.dir/Core/Src/stm32f1xx_it.c.obj
                0x08005650                BusFault_Handler
 .text.UsageFault_Handler
                0x08005658        0x8 CMakeFiles/Arm_Control_Board.dir/Core/Src/stm32f1xx_it.c.obj
                0x08005658                UsageFault_Handler
 .text.SVC_Handler
                0x08005660        0xc CMakeFiles/Arm_Control_Board.dir/Core/Src/stm32f1xx_it.c.obj
                0x08005660                SVC_Handler
 .text.DebugMon_Handler
                0x0800566c        0xc CMakeFiles/Arm_Control_Board.dir/Core/Src/stm32f1xx_it.c.obj
                0x0800566c                DebugMon_Handler
 .text.PendSV_Handler
                0x08005678        0xc CMakeFiles/Arm_Control_Board.dir/Core/Src/stm32f1xx_it.c.obj
                0x08005678                PendSV_Handler
 .text.SysTick_Handler
                0x08005684        0xc CMakeFiles/Arm_Control_Board.dir/Core/Src/stm32f1xx_it.c.obj
                0x08005684                SysTick_Handler
 .text.CAN1_RX1_IRQHandler
                0x08005690       0x14 CMakeFiles/Arm_Control_Board.dir/Core/Src/stm32f1xx_it.c.obj
                0x08005690                CAN1_RX1_IRQHandler
 .text.USART1_IRQHandler
                0x080056a4       0x14 CMakeFiles/Arm_Control_Board.dir/Core/Src/stm32f1xx_it.c.obj
                0x080056a4                USART1_IRQHandler
 .text.USART2_IRQHandler
                0x080056b8       0x14 CMakeFiles/Arm_Control_Board.dir/Core/Src/stm32f1xx_it.c.obj
                0x080056b8                USART2_IRQHandler
 .text.HAL_UART_RxCpltCallback
                0x080056cc       0x24 CMakeFiles/Arm_Control_Board.dir/Core/Src/stm32f1xx_it.c.obj
                0x080056cc                HAL_UART_RxCpltCallback
 .text.HAL_MspInit
                0x080056f0       0x64 CMakeFiles/Arm_Control_Board.dir/Core/Src/stm32f1xx_hal_msp.c.obj
                0x080056f0                HAL_MspInit
 .text._sbrk    0x08005754       0x6c CMakeFiles/Arm_Control_Board.dir/Core/Src/sysmem.c.obj
                0x08005754                _sbrk
 .text.Reset_Handler
                0x080057c0       0x48 CMakeFiles/Arm_Control_Board.dir/startup_stm32f103xb.s.obj
                0x080057c0                Reset_Handler
 .text.Default_Handler
                0x08005808        0x2 CMakeFiles/Arm_Control_Board.dir/startup_stm32f103xb.s.obj
                0x08005808                RTC_Alarm_IRQHandler
                0x08005808                EXTI2_IRQHandler
                0x08005808                TIM1_CC_IRQHandler
                0x08005808                PVD_IRQHandler
                0x08005808                EXTI3_IRQHandler
                0x08005808                EXTI0_IRQHandler
                0x08005808                I2C2_EV_IRQHandler
                0x08005808                ADC1_2_IRQHandler
                0x08005808                SPI1_IRQHandler
                0x08005808                TAMPER_IRQHandler
                0x08005808                DMA1_Channel4_IRQHandler
                0x08005808                USART3_IRQHandler
                0x08005808                RTC_IRQHandler
                0x08005808                DMA1_Channel7_IRQHandler
                0x08005808                TIM4_IRQHandler
                0x08005808                I2C1_EV_IRQHandler
                0x08005808                DMA1_Channel6_IRQHandler
                0x08005808                TIM3_IRQHandler
                0x08005808                RCC_IRQHandler
                0x08005808                TIM1_TRG_COM_IRQHandler
                0x08005808                DMA1_Channel1_IRQHandler
                0x08005808                Default_Handler
                0x08005808                EXTI15_10_IRQHandler
                0x08005808                EXTI9_5_IRQHandler
                0x08005808                SPI2_IRQHandler
                0x08005808                DMA1_Channel5_IRQHandler
                0x08005808                EXTI4_IRQHandler
                0x08005808                USB_LP_CAN1_RX0_IRQHandler
                0x08005808                USB_HP_CAN1_TX_IRQHandler
                0x08005808                DMA1_Channel3_IRQHandler
                0x08005808                TIM1_UP_IRQHandler
                0x08005808                WWDG_IRQHandler
                0x08005808                TIM2_IRQHandler
                0x08005808                TIM1_BRK_IRQHandler
                0x08005808                EXTI1_IRQHandler
                0x08005808                I2C2_ER_IRQHandler
                0x08005808                DMA1_Channel2_IRQHandler
                0x08005808                CAN1_SCE_IRQHandler
                0x08005808                FLASH_IRQHandler
                0x08005808                I2C1_ER_IRQHandler
                0x08005808                USBWakeUp_IRQHandler
 *fill*         0x0800580a        0x2 
 .text.snprintf
                0x0800580c       0x6c D:/RuanJianChengXu1/EmbededSystem/STM32CLT/STM32CubeCLT_1.18.0/GNU-tools-for-STM32/bin/../lib/gcc/arm-none-eabi/13.3.1/../../../../arm-none-eabi/lib/thumb/v7-m/nofp\libg_nano.a(libc_a-snprintf.o)
                0x0800580c                sniprintf
                0x0800580c                snprintf
 .text.__errno  0x08005878        0xc D:/RuanJianChengXu1/EmbededSystem/STM32CLT/STM32CubeCLT_1.18.0/GNU-tools-for-STM32/bin/../lib/gcc/arm-none-eabi/13.3.1/../../../../arm-none-eabi/lib/thumb/v7-m/nofp\libg_nano.a(libc_a-errno.o)
                0x08005878                __errno
 .text.__ssputs_r
                0x08005884       0xb6 D:/RuanJianChengXu1/EmbededSystem/STM32CLT/STM32CubeCLT_1.18.0/GNU-tools-for-STM32/bin/../lib/gcc/arm-none-eabi/13.3.1/../../../../arm-none-eabi/lib/thumb/v7-m/nofp\libg_nano.a(libc_a-nano-svfprintf.o)
                0x08005884                __ssputs_r
 *fill*         0x0800593a        0x2 
 .text._svfprintf_r
                0x0800593c      0x1f8 D:/RuanJianChengXu1/EmbededSystem/STM32CLT/STM32CubeCLT_1.18.0/GNU-tools-for-STM32/bin/../lib/gcc/arm-none-eabi/13.3.1/../../../../arm-none-eabi/lib/thumb/v7-m/nofp\libg_nano.a(libc_a-nano-svfprintf.o)
                0x0800593c                _svfiprintf_r
                0x0800593c                _svfprintf_r
 .text._printf_common
                0x08005b34       0xe4 D:/RuanJianChengXu1/EmbededSystem/STM32CLT/STM32CubeCLT_1.18.0/GNU-tools-for-STM32/bin/../lib/gcc/arm-none-eabi/13.3.1/../../../../arm-none-eabi/lib/thumb/v7-m/nofp\libg_nano.a(libc_a-nano-vfprintf_i.o)
                0x08005b34                _printf_common
 .text._printf_i
                0x08005c18      0x23c D:/RuanJianChengXu1/EmbededSystem/STM32CLT/STM32CubeCLT_1.18.0/GNU-tools-for-STM32/bin/../lib/gcc/arm-none-eabi/13.3.1/../../../../arm-none-eabi/lib/thumb/v7-m/nofp\libg_nano.a(libc_a-nano-vfprintf_i.o)
                0x08005c18                _printf_i
 .text.memmove  0x08005e54       0x34 D:/RuanJianChengXu1/EmbededSystem/STM32CLT/STM32CubeCLT_1.18.0/GNU-tools-for-STM32/bin/../lib/gcc/arm-none-eabi/13.3.1/../../../../arm-none-eabi/lib/thumb/v7-m/nofp\libg_nano.a(libc_a-memmove.o)
                0x08005e54                memmove
 .text.memchr   0x08005e88       0x1c D:/RuanJianChengXu1/EmbededSystem/STM32CLT/STM32CubeCLT_1.18.0/GNU-tools-for-STM32/bin/../lib/gcc/arm-none-eabi/13.3.1/../../../../arm-none-eabi/lib/thumb/v7-m/nofp\libg_nano.a(libc_a-memchr-stub.o)
                0x08005e88                memchr
 .text.memcpy   0x08005ea4       0x1c D:/RuanJianChengXu1/EmbededSystem/STM32CLT/STM32CubeCLT_1.18.0/GNU-tools-for-STM32/bin/../lib/gcc/arm-none-eabi/13.3.1/../../../../arm-none-eabi/lib/thumb/v7-m/nofp\libg_nano.a(libc_a-memcpy-stub.o)
                0x08005ea4                memcpy
 .text._realloc_r
                0x08005ec0       0x5c D:/RuanJianChengXu1/EmbededSystem/STM32CLT/STM32CubeCLT_1.18.0/GNU-tools-for-STM32/bin/../lib/gcc/arm-none-eabi/13.3.1/../../../../arm-none-eabi/lib/thumb/v7-m/nofp\libg_nano.a(libc_a-reallocr.o)
                0x08005ec0                _realloc_r
 .text._malloc_usable_size_r
                0x08005f1c       0x10 D:/RuanJianChengXu1/EmbededSystem/STM32CLT/STM32CubeCLT_1.18.0/GNU-tools-for-STM32/bin/../lib/gcc/arm-none-eabi/13.3.1/../../../../arm-none-eabi/lib/thumb/v7-m/nofp\libg_nano.a(libc_a-msizer.o)
                0x08005f1c                _malloc_usable_size_r
 *(.glue_7)
 .glue_7        0x08005f2c        0x0 linker stubs
 *(.glue_7t)
 .glue_7t       0x08005f2c        0x0 linker stubs
 *(.eh_frame)
 .eh_frame      0x08005f2c        0x0 D:/RuanJianChengXu1/EmbededSystem/STM32CLT/STM32CubeCLT_1.18.0/GNU-tools-for-STM32/bin/../lib/gcc/arm-none-eabi/13.3.1/thumb/v7-m/nofp/crtbegin.o
 *(.init)
 .init          0x08005f2c        0x4 D:/RuanJianChengXu1/EmbededSystem/STM32CLT/STM32CubeCLT_1.18.0/GNU-tools-for-STM32/bin/../lib/gcc/arm-none-eabi/13.3.1/thumb/v7-m/nofp/crti.o
                0x08005f2c                _init
 .init          0x08005f30        0x8 D:/RuanJianChengXu1/EmbededSystem/STM32CLT/STM32CubeCLT_1.18.0/GNU-tools-for-STM32/bin/../lib/gcc/arm-none-eabi/13.3.1/thumb/v7-m/nofp/crtn.o
 *(.fini)
 .fini          0x08005f38        0x4 D:/RuanJianChengXu1/EmbededSystem/STM32CLT/STM32CubeCLT_1.18.0/GNU-tools-for-STM32/bin/../lib/gcc/arm-none-eabi/13.3.1/thumb/v7-m/nofp/crti.o
                0x08005f38                _fini
 .fini          0x08005f3c        0x8 D:/RuanJianChengXu1/EmbededSystem/STM32CLT/STM32CubeCLT_1.18.0/GNU-tools-for-STM32/bin/../lib/gcc/arm-none-eabi/13.3.1/thumb/v7-m/nofp/crtn.o
                0x08005f44                        . = ALIGN (0x4)
                0x08005f44                        _etext = .

.vfp11_veneer   0x08005f44        0x0
 .vfp11_veneer  0x08005f44        0x0 linker stubs

.v4_bx          0x08005f44        0x0
 .v4_bx         0x08005f44        0x0 linker stubs

.iplt           0x08005f44        0x0
 .iplt          0x08005f44        0x0 D:/RuanJianChengXu1/EmbededSystem/STM32CLT/STM32CubeCLT_1.18.0/GNU-tools-for-STM32/bin/../lib/gcc/arm-none-eabi/13.3.1/thumb/v7-m/nofp/crtbegin.o

.rodata         0x08005f44      0x5d0
                0x08005f44                        . = ALIGN (0x4)
 *(.rodata)
 .rodata        0x08005f44       0x37 CMakeFiles/Arm_Control_Board.dir/Core/Src/main.c.obj
 *(.rodata*)
 *fill*         0x08005f7b        0x1 
 .rodata.AHBPrescTable
                0x08005f7c       0x10 cmake/stm32cubemx/CMakeFiles/STM32_Drivers.dir/__/__/Core/Src/system_stm32f1xx.c.obj
                0x08005f7c                AHBPrescTable
 .rodata.APBPrescTable
                0x08005f8c        0x8 cmake/stm32cubemx/CMakeFiles/STM32_Drivers.dir/__/__/Core/Src/system_stm32f1xx.c.obj
                0x08005f8c                APBPrescTable
 .rodata.aPLLMULFactorTable.1
                0x08005f94       0x10 cmake/stm32cubemx/CMakeFiles/STM32_Drivers.dir/__/__/Drivers/STM32F1xx_HAL_Driver/Src/stm32f1xx_hal_rcc.c.obj
 .rodata.aPredivFactorTable.0
                0x08005fa4        0x2 cmake/stm32cubemx/CMakeFiles/STM32_Drivers.dir/__/__/Drivers/STM32F1xx_HAL_Driver/Src/stm32f1xx_hal_rcc.c.obj
 *fill*         0x08005fa6        0x2 
 .rodata.ascii_8x6
                0x08005fa8      0x228 CMakeFiles/Arm_Control_Board.dir/Core/Src/font.c.obj
                0x08005fa8                ascii_8x6
 .rodata.afont8x6
                0x080061d0        0x8 CMakeFiles/Arm_Control_Board.dir/Core/Src/font.c.obj
                0x080061d0                afont8x6
 .rodata.ScuData
                0x080061d8      0x300 CMakeFiles/Arm_Control_Board.dir/Core/Src/font.c.obj
                0x080061d8                ScuData
 .rodata.ScuImg
                0x080064d8        0x8 CMakeFiles/Arm_Control_Board.dir/Core/Src/font.c.obj
                0x080064d8                ScuImg
 .rodata._svfprintf_r.str1.1
                0x080064e0       0x33 D:/RuanJianChengXu1/EmbededSystem/STM32CLT/STM32CubeCLT_1.18.0/GNU-tools-for-STM32/bin/../lib/gcc/arm-none-eabi/13.3.1/../../../../arm-none-eabi/lib/thumb/v7-m/nofp\libg_nano.a(libc_a-nano-svfprintf.o)
                                 0x11 (size before relaxing)
 .rodata._printf_i.str1.1
                0x08006513       0x22 D:/RuanJianChengXu1/EmbededSystem/STM32CLT/STM32CubeCLT_1.18.0/GNU-tools-for-STM32/bin/../lib/gcc/arm-none-eabi/13.3.1/../../../../arm-none-eabi/lib/thumb/v7-m/nofp\libg_nano.a(libc_a-nano-vfprintf_i.o)
                0x08006538                        . = ALIGN (0x4)
 *fill*         0x08006513        0x1 

.ARM.extab      0x08006514        0x0
                0x08006514                        . = ALIGN (0x4)
 *(.ARM.extab* .gnu.linkonce.armextab.*)
                0x08006514                        . = ALIGN (0x4)

.ARM            0x08006514        0x0
                0x08006514                        . = ALIGN (0x4)
                0x08006514                        __exidx_start = .
 *(.ARM.exidx*)
                0x08006514                        __exidx_end = .
                0x08006514                        . = ALIGN (0x4)

.preinit_array  0x08006514        0x0
                0x08006514                        . = ALIGN (0x4)
                0x08006514                        PROVIDE (__preinit_array_start = .)
 *(.preinit_array*)
                0x08006514                        PROVIDE (__preinit_array_end = .)
                0x08006514                        . = ALIGN (0x4)

.init_array     0x08006514        0x4
                0x08006514                        . = ALIGN (0x4)
                0x08006514                        PROVIDE (__init_array_start = .)
 *(SORT_BY_NAME(.init_array.*))
 *(.init_array*)
 .init_array    0x08006514        0x4 D:/RuanJianChengXu1/EmbededSystem/STM32CLT/STM32CubeCLT_1.18.0/GNU-tools-for-STM32/bin/../lib/gcc/arm-none-eabi/13.3.1/thumb/v7-m/nofp/crtbegin.o
                0x08006518                        PROVIDE (__init_array_end = .)
                0x08006518                        . = ALIGN (0x4)

.fini_array     0x08006518        0x4
                0x08006518                        . = ALIGN (0x4)
                [!provide]                        PROVIDE (__fini_array_start = .)
 *(SORT_BY_NAME(.fini_array.*))
 *(.fini_array*)
 .fini_array    0x08006518        0x4 D:/RuanJianChengXu1/EmbededSystem/STM32CLT/STM32CubeCLT_1.18.0/GNU-tools-for-STM32/bin/../lib/gcc/arm-none-eabi/13.3.1/thumb/v7-m/nofp/crtbegin.o
                [!provide]                        PROVIDE (__fini_array_end = .)
                0x0800651c                        . = ALIGN (0x4)
                0x0800651c                        _sidata = LOADADDR (.data)

.rel.dyn        0x0800651c        0x0
 .rel.iplt      0x0800651c        0x0 D:/RuanJianChengXu1/EmbededSystem/STM32CLT/STM32CubeCLT_1.18.0/GNU-tools-for-STM32/bin/../lib/gcc/arm-none-eabi/13.3.1/thumb/v7-m/nofp/crtbegin.o

.data           0x20000000       0x78 load address 0x0800651c
                0x20000000                        . = ALIGN (0x4)
                0x20000000                        _sdata = .
 *(.data)
 *(.data*)
 .data._impure_ptr
                0x20000000        0x4 D:/RuanJianChengXu1/EmbededSystem/STM32CLT/STM32CubeCLT_1.18.0/GNU-tools-for-STM32/bin/../lib/gcc/arm-none-eabi/13.3.1/../../../../arm-none-eabi/lib/thumb/v7-m/nofp\libc_nano.a(libc_a-impure.o)
                0x20000000                _impure_ptr
 .data._impure_data
                0x20000004       0x4c D:/RuanJianChengXu1/EmbededSystem/STM32CLT/STM32CubeCLT_1.18.0/GNU-tools-for-STM32/bin/../lib/gcc/arm-none-eabi/13.3.1/../../../../arm-none-eabi/lib/thumb/v7-m/nofp\libc_nano.a(libc_a-impure.o)
                0x20000004                _impure_data
 .data.SystemCoreClock
                0x20000050        0x4 cmake/stm32cubemx/CMakeFiles/STM32_Drivers.dir/__/__/Core/Src/system_stm32f1xx.c.obj
                0x20000050                SystemCoreClock
 .data.uwTickPrio
                0x20000054        0x4 cmake/stm32cubemx/CMakeFiles/STM32_Drivers.dir/__/__/Drivers/STM32F1xx_HAL_Driver/Src/stm32f1xx_hal.c.obj
                0x20000054                uwTickPrio
 .data.uwTickFreq
                0x20000058        0x1 cmake/stm32cubemx/CMakeFiles/STM32_Drivers.dir/__/__/Drivers/STM32F1xx_HAL_Driver/Src/stm32f1xx_hal.c.obj
                0x20000058                uwTickFreq
 *fill*         0x20000059        0x3 
 .data.CMD_Data
                0x2000005c       0x1b CMakeFiles/Arm_Control_Board.dir/Core/Src/oled.c.obj
                0x2000005c                CMD_Data
 *(.RamFunc)
 *(.RamFunc*)
                0x20000078                        . = ALIGN (0x4)
 *fill*         0x20000077        0x1 
                0x20000078                        _edata = .

.igot.plt       0x20000078        0x0 load address 0x08006594
 .igot.plt      0x20000078        0x0 D:/RuanJianChengXu1/EmbededSystem/STM32CLT/STM32CubeCLT_1.18.0/GNU-tools-for-STM32/bin/../lib/gcc/arm-none-eabi/13.3.1/thumb/v7-m/nofp/crtbegin.o
                0x20000078                        . = ALIGN (0x4)

.bss            0x20000078      0x75c load address 0x08006594
                0x20000078                        _sbss = .
                0x20000078                        __bss_start__ = _sbss
 *(.bss)
 .bss           0x20000078       0x1c D:/RuanJianChengXu1/EmbededSystem/STM32CLT/STM32CubeCLT_1.18.0/GNU-tools-for-STM32/bin/../lib/gcc/arm-none-eabi/13.3.1/thumb/v7-m/nofp/crtbegin.o
 *(.bss*)
 .bss.__sf      0x20000094      0x138 D:/RuanJianChengXu1/EmbededSystem/STM32CLT/STM32CubeCLT_1.18.0/GNU-tools-for-STM32/bin/../lib/gcc/arm-none-eabi/13.3.1/../../../../arm-none-eabi/lib/thumb/v7-m/nofp\libc_nano.a(libc_a-findfp.o)
                0x20000094                __sf
 .bss.errno     0x200001cc        0x4 D:/RuanJianChengXu1/EmbededSystem/STM32CLT/STM32CubeCLT_1.18.0/GNU-tools-for-STM32/bin/../lib/gcc/arm-none-eabi/13.3.1/../../../../arm-none-eabi/lib/thumb/v7-m/nofp\libc_nano.a(libc_a-reent.o)
                0x200001cc                errno
 .bss.__lock___malloc_recursive_mutex
                0x200001d0        0x1 D:/RuanJianChengXu1/EmbededSystem/STM32CLT/STM32CubeCLT_1.18.0/GNU-tools-for-STM32/bin/../lib/gcc/arm-none-eabi/13.3.1/../../../../arm-none-eabi/lib/thumb/v7-m/nofp\libc_nano.a(libc_a-lock.o)
                0x200001d0                __lock___malloc_recursive_mutex
 *fill*         0x200001d1        0x3 
 .bss.__malloc_sbrk_start
                0x200001d4        0x4 D:/RuanJianChengXu1/EmbededSystem/STM32CLT/STM32CubeCLT_1.18.0/GNU-tools-for-STM32/bin/../lib/gcc/arm-none-eabi/13.3.1/../../../../arm-none-eabi/lib/thumb/v7-m/nofp\libc_nano.a(libc_a-mallocr.o)
                0x200001d4                __malloc_sbrk_start
 .bss.__malloc_free_list
                0x200001d8        0x4 D:/RuanJianChengXu1/EmbededSystem/STM32CLT/STM32CubeCLT_1.18.0/GNU-tools-for-STM32/bin/../lib/gcc/arm-none-eabi/13.3.1/../../../../arm-none-eabi/lib/thumb/v7-m/nofp\libc_nano.a(libc_a-mallocr.o)
                0x200001d8                __malloc_free_list
 .bss.uwTick    0x200001dc        0x4 cmake/stm32cubemx/CMakeFiles/STM32_Drivers.dir/__/__/Drivers/STM32F1xx_HAL_Driver/Src/stm32f1xx_hal.c.obj
                0x200001dc                uwTick
 .bss.OLED_GRAM
                0x200001e0      0x400 CMakeFiles/Arm_Control_Board.dir/Core/Src/oled.c.obj
                0x200001e0                OLED_GRAM
 .bss.stepper_tx_message
                0x200005e0       0x18 CMakeFiles/Arm_Control_Board.dir/Core/Src/42_stepper.c.obj
                0x200005e0                stepper_tx_message
 .bss.set_relative_position_command
                0x200005f8        0xd CMakeFiles/Arm_Control_Board.dir/Core/Src/42_stepper.c.obj
                0x200005f8                set_relative_position_command
 *fill*         0x20000605        0x3 
 .bss.read_command
                0x20000608        0x6 CMakeFiles/Arm_Control_Board.dir/Core/Src/42_stepper.c.obj
                0x20000608                read_command
 *fill*         0x2000060e        0x2 
 .bss.mechanical_claw_servo
                0x20000610        0x8 CMakeFiles/Arm_Control_Board.dir/Core/Src/Arm.c.obj
                0x20000610                mechanical_claw_servo
 .bss.steppers  0x20000618       0x3c CMakeFiles/Arm_Control_Board.dir/Core/Src/Arm.c.obj
                0x20000618                steppers
 .bss.arm_rxByte
                0x20000654        0x1 CMakeFiles/Arm_Control_Board.dir/Core/Src/ArmCommunication.c.obj
 *fill*         0x20000655        0x3 
 .bss.arm_rxBuf
                0x20000658        0x6 CMakeFiles/Arm_Control_Board.dir/Core/Src/ArmCommunication.c.obj
 .bss.arm_rxIndex
                0x2000065e        0x1 CMakeFiles/Arm_Control_Board.dir/Core/Src/ArmCommunication.c.obj
 *fill*         0x2000065f        0x1 
 .bss.move_steps
                0x20000660        0x4 CMakeFiles/Arm_Control_Board.dir/Core/Src/ArmCommunication.c.obj
                0x20000660                move_steps
 .bss.isClose   0x20000664        0x1 CMakeFiles/Arm_Control_Board.dir/Core/Src/ArmCommunication.c.obj
                0x20000664                isClose
 .bss.getSteps  0x20000665        0x1 CMakeFiles/Arm_Control_Board.dir/Core/Src/ArmCommunication.c.obj
                0x20000665                getSteps
 *fill*         0x20000666        0x2 
 .bss.oled_buffer
                0x20000668       0x14 CMakeFiles/Arm_Control_Board.dir/Core/Src/main.c.obj
                0x20000668                oled_buffer
 .bss.hcan      0x2000067c       0x28 CMakeFiles/Arm_Control_Board.dir/Core/Src/can.c.obj
                0x2000067c                hcan
 .bss.hi2c1     0x200006a4       0x54 CMakeFiles/Arm_Control_Board.dir/Core/Src/i2c.c.obj
                0x200006a4                hi2c1
 .bss.htim3     0x200006f8       0x48 CMakeFiles/Arm_Control_Board.dir/Core/Src/tim.c.obj
                0x200006f8                htim3
 .bss.huart1    0x20000740       0x48 CMakeFiles/Arm_Control_Board.dir/Core/Src/usart.c.obj
                0x20000740                huart1
 .bss.huart2    0x20000788       0x48 CMakeFiles/Arm_Control_Board.dir/Core/Src/usart.c.obj
                0x20000788                huart2
 .bss.__sbrk_heap_end
                0x200007d0        0x4 CMakeFiles/Arm_Control_Board.dir/Core/Src/sysmem.c.obj
 *(COMMON)
                0x200007d4                        . = ALIGN (0x4)
                0x200007d4                        _ebss = .
                0x200007d4                        __bss_end__ = _ebss

._user_heap_stack
                0x200007d4      0x604 load address 0x08006594
                0x200007d8                        . = ALIGN (0x8)
 *fill*         0x200007d4        0x4 
                [!provide]                        PROVIDE (end = .)
                0x200007d8                        PROVIDE (_end = .)
                0x200009d8                        . = (. + _Min_Heap_Size)
 *fill*         0x200007d8      0x200 
                0x20000dd8                        . = (. + _Min_Stack_Size)
 *fill*         0x200009d8      0x400 
                0x20000dd8                        . = ALIGN (0x8)

/DISCARD/
 libc.a(*)
 libm.a(*)
 libgcc.a(*)
OUTPUT(Arm_Control_Board.elf elf32-littlearm)
LOAD linker stubs
LOAD D:/RuanJianChengXu1/EmbededSystem/STM32CLT/STM32CubeCLT_1.18.0/GNU-tools-for-STM32/bin/../lib/gcc/arm-none-eabi/13.3.1/../../../../arm-none-eabi/lib/thumb/v7-m/nofp\libc.a
LOAD D:/RuanJianChengXu1/EmbededSystem/STM32CLT/STM32CubeCLT_1.18.0/GNU-tools-for-STM32/bin/../lib/gcc/arm-none-eabi/13.3.1/../../../../arm-none-eabi/lib/thumb/v7-m/nofp\libm.a
LOAD D:/RuanJianChengXu1/EmbededSystem/STM32CLT/STM32CubeCLT_1.18.0/GNU-tools-for-STM32/bin/../lib/gcc/arm-none-eabi/13.3.1/thumb/v7-m/nofp\libgcc.a

.ARM.attributes
                0x00000000       0x29
 .ARM.attributes
                0x00000000       0x1d D:/RuanJianChengXu1/EmbededSystem/STM32CLT/STM32CubeCLT_1.18.0/GNU-tools-for-STM32/bin/../lib/gcc/arm-none-eabi/13.3.1/thumb/v7-m/nofp/crti.o
 .ARM.attributes
                0x0000001d       0x2d D:/RuanJianChengXu1/EmbededSystem/STM32CLT/STM32CubeCLT_1.18.0/GNU-tools-for-STM32/bin/../lib/gcc/arm-none-eabi/13.3.1/thumb/v7-m/nofp/crtbegin.o
 .ARM.attributes
                0x0000004a       0x2d D:/RuanJianChengXu1/EmbededSystem/STM32CLT/STM32CubeCLT_1.18.0/GNU-tools-for-STM32/bin/../lib/gcc/arm-none-eabi/13.3.1/../../../../arm-none-eabi/lib/thumb/v7-m/nofp\libc_nano.a(libc_a-findfp.o)
 .ARM.attributes
                0x00000077       0x2d D:/RuanJianChengXu1/EmbededSystem/STM32CLT/STM32CubeCLT_1.18.0/GNU-tools-for-STM32/bin/../lib/gcc/arm-none-eabi/13.3.1/../../../../arm-none-eabi/lib/thumb/v7-m/nofp\libc_nano.a(libc_a-memset.o)
 .ARM.attributes
                0x000000a4       0x2d D:/RuanJianChengXu1/EmbededSystem/STM32CLT/STM32CubeCLT_1.18.0/GNU-tools-for-STM32/bin/../lib/gcc/arm-none-eabi/13.3.1/../../../../arm-none-eabi/lib/thumb/v7-m/nofp\libc_nano.a(libc_a-reent.o)
 .ARM.attributes
                0x000000d1       0x2d D:/RuanJianChengXu1/EmbededSystem/STM32CLT/STM32CubeCLT_1.18.0/GNU-tools-for-STM32/bin/../lib/gcc/arm-none-eabi/13.3.1/../../../../arm-none-eabi/lib/thumb/v7-m/nofp\libc_nano.a(libc_a-impure.o)
 .ARM.attributes
                0x000000fe       0x2d D:/RuanJianChengXu1/EmbededSystem/STM32CLT/STM32CubeCLT_1.18.0/GNU-tools-for-STM32/bin/../lib/gcc/arm-none-eabi/13.3.1/../../../../arm-none-eabi/lib/thumb/v7-m/nofp\libc_nano.a(libc_a-init.o)
 .ARM.attributes
                0x0000012b       0x2d D:/RuanJianChengXu1/EmbededSystem/STM32CLT/STM32CubeCLT_1.18.0/GNU-tools-for-STM32/bin/../lib/gcc/arm-none-eabi/13.3.1/../../../../arm-none-eabi/lib/thumb/v7-m/nofp\libc_nano.a(libc_a-lock.o)
 .ARM.attributes
                0x00000158       0x2d D:/RuanJianChengXu1/EmbededSystem/STM32CLT/STM32CubeCLT_1.18.0/GNU-tools-for-STM32/bin/../lib/gcc/arm-none-eabi/13.3.1/../../../../arm-none-eabi/lib/thumb/v7-m/nofp\libc_nano.a(libc_a-freer.o)
 .ARM.attributes
                0x00000185       0x2d D:/RuanJianChengXu1/EmbededSystem/STM32CLT/STM32CubeCLT_1.18.0/GNU-tools-for-STM32/bin/../lib/gcc/arm-none-eabi/13.3.1/../../../../arm-none-eabi/lib/thumb/v7-m/nofp\libc_nano.a(libc_a-mallocr.o)
 .ARM.attributes
                0x000001b2       0x2d D:/RuanJianChengXu1/EmbededSystem/STM32CLT/STM32CubeCLT_1.18.0/GNU-tools-for-STM32/bin/../lib/gcc/arm-none-eabi/13.3.1/../../../../arm-none-eabi/lib/thumb/v7-m/nofp\libc_nano.a(libc_a-mlock.o)
 .ARM.attributes
                0x000001df       0x2d D:/RuanJianChengXu1/EmbededSystem/STM32CLT/STM32CubeCLT_1.18.0/GNU-tools-for-STM32/bin/../lib/gcc/arm-none-eabi/13.3.1/../../../../arm-none-eabi/lib/thumb/v7-m/nofp\libc_nano.a(libc_a-sbrkr.o)
 .ARM.attributes
                0x0000020c       0x2d cmake/stm32cubemx/CMakeFiles/STM32_Drivers.dir/__/__/Core/Src/system_stm32f1xx.c.obj
 .ARM.attributes
                0x00000239       0x2d cmake/stm32cubemx/CMakeFiles/STM32_Drivers.dir/__/__/Drivers/STM32F1xx_HAL_Driver/Src/stm32f1xx_hal_can.c.obj
 .ARM.attributes
                0x00000266       0x2d cmake/stm32cubemx/CMakeFiles/STM32_Drivers.dir/__/__/Drivers/STM32F1xx_HAL_Driver/Src/stm32f1xx_hal.c.obj
 .ARM.attributes
                0x00000293       0x2d cmake/stm32cubemx/CMakeFiles/STM32_Drivers.dir/__/__/Drivers/STM32F1xx_HAL_Driver/Src/stm32f1xx_hal_rcc.c.obj
 .ARM.attributes
                0x000002c0       0x2d cmake/stm32cubemx/CMakeFiles/STM32_Drivers.dir/__/__/Drivers/STM32F1xx_HAL_Driver/Src/stm32f1xx_hal_gpio.c.obj
 .ARM.attributes
                0x000002ed       0x2d cmake/stm32cubemx/CMakeFiles/STM32_Drivers.dir/__/__/Drivers/STM32F1xx_HAL_Driver/Src/stm32f1xx_hal_dma.c.obj
 .ARM.attributes
                0x0000031a       0x2d cmake/stm32cubemx/CMakeFiles/STM32_Drivers.dir/__/__/Drivers/STM32F1xx_HAL_Driver/Src/stm32f1xx_hal_cortex.c.obj
 .ARM.attributes
                0x00000347       0x2d cmake/stm32cubemx/CMakeFiles/STM32_Drivers.dir/__/__/Drivers/STM32F1xx_HAL_Driver/Src/stm32f1xx_hal_i2c.c.obj
 .ARM.attributes
                0x00000374       0x2d cmake/stm32cubemx/CMakeFiles/STM32_Drivers.dir/__/__/Drivers/STM32F1xx_HAL_Driver/Src/stm32f1xx_hal_tim.c.obj
 .ARM.attributes
                0x000003a1       0x2d cmake/stm32cubemx/CMakeFiles/STM32_Drivers.dir/__/__/Drivers/STM32F1xx_HAL_Driver/Src/stm32f1xx_hal_tim_ex.c.obj
 .ARM.attributes
                0x000003ce       0x2d cmake/stm32cubemx/CMakeFiles/STM32_Drivers.dir/__/__/Drivers/STM32F1xx_HAL_Driver/Src/stm32f1xx_hal_uart.c.obj
 .ARM.attributes
                0x000003fb       0x2d CMakeFiles/Arm_Control_Board.dir/Core/Src/font.c.obj
 .ARM.attributes
                0x00000428       0x2d CMakeFiles/Arm_Control_Board.dir/Core/Src/oled.c.obj
 .ARM.attributes
                0x00000455       0x2d CMakeFiles/Arm_Control_Board.dir/Core/Src/42_stepper.c.obj
 .ARM.attributes
                0x00000482       0x2d CMakeFiles/Arm_Control_Board.dir/Core/Src/servo.c.obj
 .ARM.attributes
                0x000004af       0x2d CMakeFiles/Arm_Control_Board.dir/Core/Src/Arm.c.obj
 .ARM.attributes
                0x000004dc       0x2d CMakeFiles/Arm_Control_Board.dir/Core/Src/ArmCommunication.c.obj
 .ARM.attributes
                0x00000509       0x2d CMakeFiles/Arm_Control_Board.dir/Core/Src/main.c.obj
 .ARM.attributes
                0x00000536       0x2d CMakeFiles/Arm_Control_Board.dir/Core/Src/gpio.c.obj
 .ARM.attributes
                0x00000563       0x2d CMakeFiles/Arm_Control_Board.dir/Core/Src/can.c.obj
 .ARM.attributes
                0x00000590       0x2d CMakeFiles/Arm_Control_Board.dir/Core/Src/i2c.c.obj
 .ARM.attributes
                0x000005bd       0x2d CMakeFiles/Arm_Control_Board.dir/Core/Src/tim.c.obj
 .ARM.attributes
                0x000005ea       0x2d CMakeFiles/Arm_Control_Board.dir/Core/Src/usart.c.obj
 .ARM.attributes
                0x00000617       0x2d CMakeFiles/Arm_Control_Board.dir/Core/Src/stm32f1xx_it.c.obj
 .ARM.attributes
                0x00000644       0x2d CMakeFiles/Arm_Control_Board.dir/Core/Src/stm32f1xx_hal_msp.c.obj
 .ARM.attributes
                0x00000671       0x2d CMakeFiles/Arm_Control_Board.dir/Core/Src/sysmem.c.obj
 .ARM.attributes
                0x0000069e       0x21 CMakeFiles/Arm_Control_Board.dir/startup_stm32f103xb.s.obj
 .ARM.attributes
                0x000006bf       0x1d D:/RuanJianChengXu1/EmbededSystem/STM32CLT/STM32CubeCLT_1.18.0/GNU-tools-for-STM32/bin/../lib/gcc/arm-none-eabi/13.3.1/thumb/v7-m/nofp\libgcc.a(_arm_addsubsf3.o)
 .ARM.attributes
                0x000006dc       0x2d D:/RuanJianChengXu1/EmbededSystem/STM32CLT/STM32CubeCLT_1.18.0/GNU-tools-for-STM32/bin/../lib/gcc/arm-none-eabi/13.3.1/../../../../arm-none-eabi/lib/thumb/v7-m/nofp\libg_nano.a(libc_a-snprintf.o)
 .ARM.attributes
                0x00000709       0x2d D:/RuanJianChengXu1/EmbededSystem/STM32CLT/STM32CubeCLT_1.18.0/GNU-tools-for-STM32/bin/../lib/gcc/arm-none-eabi/13.3.1/../../../../arm-none-eabi/lib/thumb/v7-m/nofp\libg_nano.a(libc_a-errno.o)
 .ARM.attributes
                0x00000736       0x2d D:/RuanJianChengXu1/EmbededSystem/STM32CLT/STM32CubeCLT_1.18.0/GNU-tools-for-STM32/bin/../lib/gcc/arm-none-eabi/13.3.1/../../../../arm-none-eabi/lib/thumb/v7-m/nofp\libg_nano.a(libc_a-nano-svfprintf.o)
 .ARM.attributes
                0x00000763       0x2d D:/RuanJianChengXu1/EmbededSystem/STM32CLT/STM32CubeCLT_1.18.0/GNU-tools-for-STM32/bin/../lib/gcc/arm-none-eabi/13.3.1/../../../../arm-none-eabi/lib/thumb/v7-m/nofp\libg_nano.a(libc_a-nano-vfprintf_i.o)
 .ARM.attributes
                0x00000790       0x2d D:/RuanJianChengXu1/EmbededSystem/STM32CLT/STM32CubeCLT_1.18.0/GNU-tools-for-STM32/bin/../lib/gcc/arm-none-eabi/13.3.1/../../../../arm-none-eabi/lib/thumb/v7-m/nofp\libg_nano.a(libc_a-memmove.o)
 .ARM.attributes
                0x000007bd       0x2d D:/RuanJianChengXu1/EmbededSystem/STM32CLT/STM32CubeCLT_1.18.0/GNU-tools-for-STM32/bin/../lib/gcc/arm-none-eabi/13.3.1/../../../../arm-none-eabi/lib/thumb/v7-m/nofp\libg_nano.a(libc_a-memchr-stub.o)
 .ARM.attributes
                0x000007ea       0x2d D:/RuanJianChengXu1/EmbededSystem/STM32CLT/STM32CubeCLT_1.18.0/GNU-tools-for-STM32/bin/../lib/gcc/arm-none-eabi/13.3.1/../../../../arm-none-eabi/lib/thumb/v7-m/nofp\libg_nano.a(libc_a-memcpy-stub.o)
 .ARM.attributes
                0x00000817       0x2d D:/RuanJianChengXu1/EmbededSystem/STM32CLT/STM32CubeCLT_1.18.0/GNU-tools-for-STM32/bin/../lib/gcc/arm-none-eabi/13.3.1/../../../../arm-none-eabi/lib/thumb/v7-m/nofp\libg_nano.a(libc_a-reallocr.o)
 .ARM.attributes
                0x00000844       0x2d D:/RuanJianChengXu1/EmbededSystem/STM32CLT/STM32CubeCLT_1.18.0/GNU-tools-for-STM32/bin/../lib/gcc/arm-none-eabi/13.3.1/../../../../arm-none-eabi/lib/thumb/v7-m/nofp\libg_nano.a(libc_a-msizer.o)
 .ARM.attributes
                0x00000871       0x1d D:/RuanJianChengXu1/EmbededSystem/STM32CLT/STM32CubeCLT_1.18.0/GNU-tools-for-STM32/bin/../lib/gcc/arm-none-eabi/13.3.1/thumb/v7-m/nofp/crtn.o

.comment        0x00000000       0x43
 .comment       0x00000000       0x43 cmake/stm32cubemx/CMakeFiles/STM32_Drivers.dir/__/__/Core/Src/system_stm32f1xx.c.obj
                                 0x44 (size before relaxing)
 .comment       0x00000043       0x44 cmake/stm32cubemx/CMakeFiles/STM32_Drivers.dir/__/__/Drivers/STM32F1xx_HAL_Driver/Src/stm32f1xx_hal_can.c.obj
 .comment       0x00000043       0x44 cmake/stm32cubemx/CMakeFiles/STM32_Drivers.dir/__/__/Drivers/STM32F1xx_HAL_Driver/Src/stm32f1xx_hal.c.obj
 .comment       0x00000043       0x44 cmake/stm32cubemx/CMakeFiles/STM32_Drivers.dir/__/__/Drivers/STM32F1xx_HAL_Driver/Src/stm32f1xx_hal_rcc.c.obj
 .comment       0x00000043       0x44 cmake/stm32cubemx/CMakeFiles/STM32_Drivers.dir/__/__/Drivers/STM32F1xx_HAL_Driver/Src/stm32f1xx_hal_gpio.c.obj
 .comment       0x00000043       0x44 cmake/stm32cubemx/CMakeFiles/STM32_Drivers.dir/__/__/Drivers/STM32F1xx_HAL_Driver/Src/stm32f1xx_hal_dma.c.obj
 .comment       0x00000043       0x44 cmake/stm32cubemx/CMakeFiles/STM32_Drivers.dir/__/__/Drivers/STM32F1xx_HAL_Driver/Src/stm32f1xx_hal_cortex.c.obj
 .comment       0x00000043       0x44 cmake/stm32cubemx/CMakeFiles/STM32_Drivers.dir/__/__/Drivers/STM32F1xx_HAL_Driver/Src/stm32f1xx_hal_i2c.c.obj
 .comment       0x00000043       0x44 cmake/stm32cubemx/CMakeFiles/STM32_Drivers.dir/__/__/Drivers/STM32F1xx_HAL_Driver/Src/stm32f1xx_hal_tim.c.obj
 .comment       0x00000043       0x44 cmake/stm32cubemx/CMakeFiles/STM32_Drivers.dir/__/__/Drivers/STM32F1xx_HAL_Driver/Src/stm32f1xx_hal_tim_ex.c.obj
 .comment       0x00000043       0x44 cmake/stm32cubemx/CMakeFiles/STM32_Drivers.dir/__/__/Drivers/STM32F1xx_HAL_Driver/Src/stm32f1xx_hal_uart.c.obj
 .comment       0x00000043       0x44 CMakeFiles/Arm_Control_Board.dir/Core/Src/font.c.obj
 .comment       0x00000043       0x44 CMakeFiles/Arm_Control_Board.dir/Core/Src/oled.c.obj
 .comment       0x00000043       0x44 CMakeFiles/Arm_Control_Board.dir/Core/Src/42_stepper.c.obj
 .comment       0x00000043       0x44 CMakeFiles/Arm_Control_Board.dir/Core/Src/servo.c.obj
 .comment       0x00000043       0x44 CMakeFiles/Arm_Control_Board.dir/Core/Src/Arm.c.obj
 .comment       0x00000043       0x44 CMakeFiles/Arm_Control_Board.dir/Core/Src/ArmCommunication.c.obj
 .comment       0x00000043       0x44 CMakeFiles/Arm_Control_Board.dir/Core/Src/main.c.obj
 .comment       0x00000043       0x44 CMakeFiles/Arm_Control_Board.dir/Core/Src/gpio.c.obj
 .comment       0x00000043       0x44 CMakeFiles/Arm_Control_Board.dir/Core/Src/can.c.obj
 .comment       0x00000043       0x44 CMakeFiles/Arm_Control_Board.dir/Core/Src/i2c.c.obj
 .comment       0x00000043       0x44 CMakeFiles/Arm_Control_Board.dir/Core/Src/tim.c.obj
 .comment       0x00000043       0x44 CMakeFiles/Arm_Control_Board.dir/Core/Src/usart.c.obj
 .comment       0x00000043       0x44 CMakeFiles/Arm_Control_Board.dir/Core/Src/stm32f1xx_it.c.obj
 .comment       0x00000043       0x44 CMakeFiles/Arm_Control_Board.dir/Core/Src/stm32f1xx_hal_msp.c.obj
 .comment       0x00000043       0x44 CMakeFiles/Arm_Control_Board.dir/Core/Src/sysmem.c.obj
 .comment       0x00000043       0x44 D:/RuanJianChengXu1/EmbededSystem/STM32CLT/STM32CubeCLT_1.18.0/GNU-tools-for-STM32/bin/../lib/gcc/arm-none-eabi/13.3.1/../../../../arm-none-eabi/lib/thumb/v7-m/nofp\libg_nano.a(libc_a-snprintf.o)
 .comment       0x00000043       0x44 D:/RuanJianChengXu1/EmbededSystem/STM32CLT/STM32CubeCLT_1.18.0/GNU-tools-for-STM32/bin/../lib/gcc/arm-none-eabi/13.3.1/../../../../arm-none-eabi/lib/thumb/v7-m/nofp\libg_nano.a(libc_a-errno.o)
 .comment       0x00000043       0x44 D:/RuanJianChengXu1/EmbededSystem/STM32CLT/STM32CubeCLT_1.18.0/GNU-tools-for-STM32/bin/../lib/gcc/arm-none-eabi/13.3.1/../../../../arm-none-eabi/lib/thumb/v7-m/nofp\libg_nano.a(libc_a-nano-svfprintf.o)
 .comment       0x00000043       0x44 D:/RuanJianChengXu1/EmbededSystem/STM32CLT/STM32CubeCLT_1.18.0/GNU-tools-for-STM32/bin/../lib/gcc/arm-none-eabi/13.3.1/../../../../arm-none-eabi/lib/thumb/v7-m/nofp\libg_nano.a(libc_a-nano-vfprintf_i.o)
 .comment       0x00000043       0x44 D:/RuanJianChengXu1/EmbededSystem/STM32CLT/STM32CubeCLT_1.18.0/GNU-tools-for-STM32/bin/../lib/gcc/arm-none-eabi/13.3.1/../../../../arm-none-eabi/lib/thumb/v7-m/nofp\libg_nano.a(libc_a-memmove.o)
 .comment       0x00000043       0x44 D:/RuanJianChengXu1/EmbededSystem/STM32CLT/STM32CubeCLT_1.18.0/GNU-tools-for-STM32/bin/../lib/gcc/arm-none-eabi/13.3.1/../../../../arm-none-eabi/lib/thumb/v7-m/nofp\libg_nano.a(libc_a-memchr-stub.o)
 .comment       0x00000043       0x44 D:/RuanJianChengXu1/EmbededSystem/STM32CLT/STM32CubeCLT_1.18.0/GNU-tools-for-STM32/bin/../lib/gcc/arm-none-eabi/13.3.1/../../../../arm-none-eabi/lib/thumb/v7-m/nofp\libg_nano.a(libc_a-memcpy-stub.o)
 .comment       0x00000043       0x44 D:/RuanJianChengXu1/EmbededSystem/STM32CLT/STM32CubeCLT_1.18.0/GNU-tools-for-STM32/bin/../lib/gcc/arm-none-eabi/13.3.1/../../../../arm-none-eabi/lib/thumb/v7-m/nofp\libg_nano.a(libc_a-reallocr.o)
 .comment       0x00000043       0x44 D:/RuanJianChengXu1/EmbededSystem/STM32CLT/STM32CubeCLT_1.18.0/GNU-tools-for-STM32/bin/../lib/gcc/arm-none-eabi/13.3.1/../../../../arm-none-eabi/lib/thumb/v7-m/nofp\libg_nano.a(libc_a-msizer.o)

.debug_frame    0x00000000     0x5304
 .debug_frame   0x00000000      0x144 D:/RuanJianChengXu1/EmbededSystem/STM32CLT/STM32CubeCLT_1.18.0/GNU-tools-for-STM32/bin/../lib/gcc/arm-none-eabi/13.3.1/../../../../arm-none-eabi/lib/thumb/v7-m/nofp\libc_nano.a(libc_a-findfp.o)
 .debug_frame   0x00000144       0x20 D:/RuanJianChengXu1/EmbededSystem/STM32CLT/STM32CubeCLT_1.18.0/GNU-tools-for-STM32/bin/../lib/gcc/arm-none-eabi/13.3.1/../../../../arm-none-eabi/lib/thumb/v7-m/nofp\libc_nano.a(libc_a-memset.o)
 .debug_frame   0x00000164       0x38 D:/RuanJianChengXu1/EmbededSystem/STM32CLT/STM32CubeCLT_1.18.0/GNU-tools-for-STM32/bin/../lib/gcc/arm-none-eabi/13.3.1/../../../../arm-none-eabi/lib/thumb/v7-m/nofp\libc_nano.a(libc_a-reent.o)
 .debug_frame   0x0000019c       0x2c D:/RuanJianChengXu1/EmbededSystem/STM32CLT/STM32CubeCLT_1.18.0/GNU-tools-for-STM32/bin/../lib/gcc/arm-none-eabi/13.3.1/../../../../arm-none-eabi/lib/thumb/v7-m/nofp\libc_nano.a(libc_a-init.o)
 .debug_frame   0x000001c8       0xb0 D:/RuanJianChengXu1/EmbededSystem/STM32CLT/STM32CubeCLT_1.18.0/GNU-tools-for-STM32/bin/../lib/gcc/arm-none-eabi/13.3.1/../../../../arm-none-eabi/lib/thumb/v7-m/nofp\libc_nano.a(libc_a-lock.o)
 .debug_frame   0x00000278       0x38 D:/RuanJianChengXu1/EmbededSystem/STM32CLT/STM32CubeCLT_1.18.0/GNU-tools-for-STM32/bin/../lib/gcc/arm-none-eabi/13.3.1/../../../../arm-none-eabi/lib/thumb/v7-m/nofp\libc_nano.a(libc_a-freer.o)
 .debug_frame   0x000002b0       0x50 D:/RuanJianChengXu1/EmbededSystem/STM32CLT/STM32CubeCLT_1.18.0/GNU-tools-for-STM32/bin/../lib/gcc/arm-none-eabi/13.3.1/../../../../arm-none-eabi/lib/thumb/v7-m/nofp\libc_nano.a(libc_a-mallocr.o)
 .debug_frame   0x00000300       0x30 D:/RuanJianChengXu1/EmbededSystem/STM32CLT/STM32CubeCLT_1.18.0/GNU-tools-for-STM32/bin/../lib/gcc/arm-none-eabi/13.3.1/../../../../arm-none-eabi/lib/thumb/v7-m/nofp\libc_nano.a(libc_a-mlock.o)
 .debug_frame   0x00000330       0x2c D:/RuanJianChengXu1/EmbededSystem/STM32CLT/STM32CubeCLT_1.18.0/GNU-tools-for-STM32/bin/../lib/gcc/arm-none-eabi/13.3.1/../../../../arm-none-eabi/lib/thumb/v7-m/nofp\libc_nano.a(libc_a-sbrkr.o)
 .debug_frame   0x0000035c       0x58 cmake/stm32cubemx/CMakeFiles/STM32_Drivers.dir/__/__/Core/Src/system_stm32f1xx.c.obj
 .debug_frame   0x000003b4      0x5a0 cmake/stm32cubemx/CMakeFiles/STM32_Drivers.dir/__/__/Drivers/STM32F1xx_HAL_Driver/Src/stm32f1xx_hal_can.c.obj
 .debug_frame   0x00000954      0x334 cmake/stm32cubemx/CMakeFiles/STM32_Drivers.dir/__/__/Drivers/STM32F1xx_HAL_Driver/Src/stm32f1xx_hal.c.obj
 .debug_frame   0x00000c88      0x218 cmake/stm32cubemx/CMakeFiles/STM32_Drivers.dir/__/__/Drivers/STM32F1xx_HAL_Driver/Src/stm32f1xx_hal_rcc.c.obj
 .debug_frame   0x00000ea0      0x14c cmake/stm32cubemx/CMakeFiles/STM32_Drivers.dir/__/__/Drivers/STM32F1xx_HAL_Driver/Src/stm32f1xx_hal_gpio.c.obj
 .debug_frame   0x00000fec      0x208 cmake/stm32cubemx/CMakeFiles/STM32_Drivers.dir/__/__/Drivers/STM32F1xx_HAL_Driver/Src/stm32f1xx_hal_dma.c.obj
 .debug_frame   0x000011f4      0x428 cmake/stm32cubemx/CMakeFiles/STM32_Drivers.dir/__/__/Drivers/STM32F1xx_HAL_Driver/Src/stm32f1xx_hal_cortex.c.obj
 .debug_frame   0x0000161c      0xc84 cmake/stm32cubemx/CMakeFiles/STM32_Drivers.dir/__/__/Drivers/STM32F1xx_HAL_Driver/Src/stm32f1xx_hal_i2c.c.obj
 .debug_frame   0x000022a0     0x11b8 cmake/stm32cubemx/CMakeFiles/STM32_Drivers.dir/__/__/Drivers/STM32F1xx_HAL_Driver/Src/stm32f1xx_hal_tim.c.obj
 .debug_frame   0x00003458      0x638 cmake/stm32cubemx/CMakeFiles/STM32_Drivers.dir/__/__/Drivers/STM32F1xx_HAL_Driver/Src/stm32f1xx_hal_tim_ex.c.obj
 .debug_frame   0x00003a90      0x944 cmake/stm32cubemx/CMakeFiles/STM32_Drivers.dir/__/__/Drivers/STM32F1xx_HAL_Driver/Src/stm32f1xx_hal_uart.c.obj
 .debug_frame   0x000043d4      0x460 CMakeFiles/Arm_Control_Board.dir/Core/Src/oled.c.obj
 .debug_frame   0x00004834      0x1d0 CMakeFiles/Arm_Control_Board.dir/Core/Src/42_stepper.c.obj
 .debug_frame   0x00004a04       0x5c CMakeFiles/Arm_Control_Board.dir/Core/Src/servo.c.obj
 .debug_frame   0x00004a60       0x9c CMakeFiles/Arm_Control_Board.dir/Core/Src/Arm.c.obj
 .debug_frame   0x00004afc       0x90 CMakeFiles/Arm_Control_Board.dir/Core/Src/ArmCommunication.c.obj
 .debug_frame   0x00004b8c       0x90 CMakeFiles/Arm_Control_Board.dir/Core/Src/main.c.obj
 .debug_frame   0x00004c1c       0x34 CMakeFiles/Arm_Control_Board.dir/Core/Src/gpio.c.obj
 .debug_frame   0x00004c50       0x74 CMakeFiles/Arm_Control_Board.dir/Core/Src/can.c.obj
 .debug_frame   0x00004cc4       0x74 CMakeFiles/Arm_Control_Board.dir/Core/Src/i2c.c.obj
 .debug_frame   0x00004d38       0xa8 CMakeFiles/Arm_Control_Board.dir/Core/Src/tim.c.obj
 .debug_frame   0x00004de0       0x90 CMakeFiles/Arm_Control_Board.dir/Core/Src/usart.c.obj
 .debug_frame   0x00004e70      0x17c CMakeFiles/Arm_Control_Board.dir/Core/Src/stm32f1xx_it.c.obj
 .debug_frame   0x00004fec       0x38 CMakeFiles/Arm_Control_Board.dir/Core/Src/stm32f1xx_hal_msp.c.obj
 .debug_frame   0x00005024       0x34 CMakeFiles/Arm_Control_Board.dir/Core/Src/sysmem.c.obj
 .debug_frame   0x00005058       0x4c D:/RuanJianChengXu1/EmbededSystem/STM32CLT/STM32CubeCLT_1.18.0/GNU-tools-for-STM32/bin/../lib/gcc/arm-none-eabi/13.3.1/thumb/v7-m/nofp\libgcc.a(_arm_addsubsf3.o)
 .debug_frame   0x000050a4       0x7c D:/RuanJianChengXu1/EmbededSystem/STM32CLT/STM32CubeCLT_1.18.0/GNU-tools-for-STM32/bin/../lib/gcc/arm-none-eabi/13.3.1/../../../../arm-none-eabi/lib/thumb/v7-m/nofp\libg_nano.a(libc_a-snprintf.o)
 .debug_frame   0x00005120       0x20 D:/RuanJianChengXu1/EmbededSystem/STM32CLT/STM32CubeCLT_1.18.0/GNU-tools-for-STM32/bin/../lib/gcc/arm-none-eabi/13.3.1/../../../../arm-none-eabi/lib/thumb/v7-m/nofp\libg_nano.a(libc_a-errno.o)
 .debug_frame   0x00005140       0x90 D:/RuanJianChengXu1/EmbededSystem/STM32CLT/STM32CubeCLT_1.18.0/GNU-tools-for-STM32/bin/../lib/gcc/arm-none-eabi/13.3.1/../../../../arm-none-eabi/lib/thumb/v7-m/nofp\libg_nano.a(libc_a-nano-svfprintf.o)
 .debug_frame   0x000051d0       0x60 D:/RuanJianChengXu1/EmbededSystem/STM32CLT/STM32CubeCLT_1.18.0/GNU-tools-for-STM32/bin/../lib/gcc/arm-none-eabi/13.3.1/../../../../arm-none-eabi/lib/thumb/v7-m/nofp\libg_nano.a(libc_a-nano-vfprintf_i.o)
 .debug_frame   0x00005230       0x28 D:/RuanJianChengXu1/EmbededSystem/STM32CLT/STM32CubeCLT_1.18.0/GNU-tools-for-STM32/bin/../lib/gcc/arm-none-eabi/13.3.1/../../../../arm-none-eabi/lib/thumb/v7-m/nofp\libg_nano.a(libc_a-memmove.o)
 .debug_frame   0x00005258       0x28 D:/RuanJianChengXu1/EmbededSystem/STM32CLT/STM32CubeCLT_1.18.0/GNU-tools-for-STM32/bin/../lib/gcc/arm-none-eabi/13.3.1/../../../../arm-none-eabi/lib/thumb/v7-m/nofp\libg_nano.a(libc_a-memchr-stub.o)
 .debug_frame   0x00005280       0x28 D:/RuanJianChengXu1/EmbededSystem/STM32CLT/STM32CubeCLT_1.18.0/GNU-tools-for-STM32/bin/../lib/gcc/arm-none-eabi/13.3.1/../../../../arm-none-eabi/lib/thumb/v7-m/nofp\libg_nano.a(libc_a-memcpy-stub.o)
 .debug_frame   0x000052a8       0x3c D:/RuanJianChengXu1/EmbededSystem/STM32CLT/STM32CubeCLT_1.18.0/GNU-tools-for-STM32/bin/../lib/gcc/arm-none-eabi/13.3.1/../../../../arm-none-eabi/lib/thumb/v7-m/nofp\libg_nano.a(libc_a-reallocr.o)
 .debug_frame   0x000052e4       0x20 D:/RuanJianChengXu1/EmbededSystem/STM32CLT/STM32CubeCLT_1.18.0/GNU-tools-for-STM32/bin/../lib/gcc/arm-none-eabi/13.3.1/../../../../arm-none-eabi/lib/thumb/v7-m/nofp\libg_nano.a(libc_a-msizer.o)

.debug_info     0x00000000    0x1885b
 .debug_info    0x00000000      0x222 cmake/stm32cubemx/CMakeFiles/STM32_Drivers.dir/__/__/Core/Src/system_stm32f1xx.c.obj
 .debug_info    0x00000222      0xf13 cmake/stm32cubemx/CMakeFiles/STM32_Drivers.dir/__/__/Drivers/STM32F1xx_HAL_Driver/Src/stm32f1xx_hal_can.c.obj
 .debug_info    0x00001135      0x704 cmake/stm32cubemx/CMakeFiles/STM32_Drivers.dir/__/__/Drivers/STM32F1xx_HAL_Driver/Src/stm32f1xx_hal.c.obj
 .debug_info    0x00001839      0x7d5 cmake/stm32cubemx/CMakeFiles/STM32_Drivers.dir/__/__/Drivers/STM32F1xx_HAL_Driver/Src/stm32f1xx_hal_rcc.c.obj
 .debug_info    0x0000200e      0x5ab cmake/stm32cubemx/CMakeFiles/STM32_Drivers.dir/__/__/Drivers/STM32F1xx_HAL_Driver/Src/stm32f1xx_hal_gpio.c.obj
 .debug_info    0x000025b9      0x6d2 cmake/stm32cubemx/CMakeFiles/STM32_Drivers.dir/__/__/Drivers/STM32F1xx_HAL_Driver/Src/stm32f1xx_hal_dma.c.obj
 .debug_info    0x00002c8b      0xa87 cmake/stm32cubemx/CMakeFiles/STM32_Drivers.dir/__/__/Drivers/STM32F1xx_HAL_Driver/Src/stm32f1xx_hal_cortex.c.obj
 .debug_info    0x00003712     0x2524 cmake/stm32cubemx/CMakeFiles/STM32_Drivers.dir/__/__/Drivers/STM32F1xx_HAL_Driver/Src/stm32f1xx_hal_i2c.c.obj
 .debug_info    0x00005c36     0x2959 cmake/stm32cubemx/CMakeFiles/STM32_Drivers.dir/__/__/Drivers/STM32F1xx_HAL_Driver/Src/stm32f1xx_hal_tim.c.obj
 .debug_info    0x0000858f     0x149b cmake/stm32cubemx/CMakeFiles/STM32_Drivers.dir/__/__/Drivers/STM32F1xx_HAL_Driver/Src/stm32f1xx_hal_tim_ex.c.obj
 .debug_info    0x00009a2a     0x2eed cmake/stm32cubemx/CMakeFiles/STM32_Drivers.dir/__/__/Drivers/STM32F1xx_HAL_Driver/Src/stm32f1xx_hal_uart.c.obj
 .debug_info    0x0000c917      0x305 CMakeFiles/Arm_Control_Board.dir/Core/Src/font.c.obj
 .debug_info    0x0000cc1c     0x1291 CMakeFiles/Arm_Control_Board.dir/Core/Src/oled.c.obj
 .debug_info    0x0000dead      0xaa2 CMakeFiles/Arm_Control_Board.dir/Core/Src/42_stepper.c.obj
 .debug_info    0x0000e94f      0x6d8 CMakeFiles/Arm_Control_Board.dir/Core/Src/servo.c.obj
 .debug_info    0x0000f027      0x8e0 CMakeFiles/Arm_Control_Board.dir/Core/Src/Arm.c.obj
 .debug_info    0x0000f907      0x6d1 CMakeFiles/Arm_Control_Board.dir/Core/Src/ArmCommunication.c.obj
 .debug_info    0x0000ffd8     0x1158 CMakeFiles/Arm_Control_Board.dir/Core/Src/main.c.obj
 .debug_info    0x00011130      0x2d3 CMakeFiles/Arm_Control_Board.dir/Core/Src/gpio.c.obj
 .debug_info    0x00011403      0x8f6 CMakeFiles/Arm_Control_Board.dir/Core/Src/can.c.obj
 .debug_info    0x00011cf9      0x7e3 CMakeFiles/Arm_Control_Board.dir/Core/Src/i2c.c.obj
 .debug_info    0x000124dc      0xa22 CMakeFiles/Arm_Control_Board.dir/Core/Src/tim.c.obj
 .debug_info    0x00012efe      0x982 CMakeFiles/Arm_Control_Board.dir/Core/Src/usart.c.obj
 .debug_info    0x00013880      0xa54 CMakeFiles/Arm_Control_Board.dir/Core/Src/stm32f1xx_it.c.obj
 .debug_info    0x000142d4      0x1f1 CMakeFiles/Arm_Control_Board.dir/Core/Src/stm32f1xx_hal_msp.c.obj
 .debug_info    0x000144c5      0x168 CMakeFiles/Arm_Control_Board.dir/Core/Src/sysmem.c.obj
 .debug_info    0x0001462d       0x30 CMakeFiles/Arm_Control_Board.dir/startup_stm32f103xb.s.obj
 .debug_info    0x0001465d      0x8b9 D:/RuanJianChengXu1/EmbededSystem/STM32CLT/STM32CubeCLT_1.18.0/GNU-tools-for-STM32/bin/../lib/gcc/arm-none-eabi/13.3.1/../../../../arm-none-eabi/lib/thumb/v7-m/nofp\libg_nano.a(libc_a-snprintf.o)
 .debug_info    0x00014f16      0x6fb D:/RuanJianChengXu1/EmbededSystem/STM32CLT/STM32CubeCLT_1.18.0/GNU-tools-for-STM32/bin/../lib/gcc/arm-none-eabi/13.3.1/../../../../arm-none-eabi/lib/thumb/v7-m/nofp\libg_nano.a(libc_a-errno.o)
 .debug_info    0x00015611     0x10c7 D:/RuanJianChengXu1/EmbededSystem/STM32CLT/STM32CubeCLT_1.18.0/GNU-tools-for-STM32/bin/../lib/gcc/arm-none-eabi/13.3.1/../../../../arm-none-eabi/lib/thumb/v7-m/nofp\libg_nano.a(libc_a-nano-svfprintf.o)
 .debug_info    0x000166d8      0xde2 D:/RuanJianChengXu1/EmbededSystem/STM32CLT/STM32CubeCLT_1.18.0/GNU-tools-for-STM32/bin/../lib/gcc/arm-none-eabi/13.3.1/../../../../arm-none-eabi/lib/thumb/v7-m/nofp\libg_nano.a(libc_a-nano-vfprintf_i.o)
 .debug_info    0x000174ba      0x10f D:/RuanJianChengXu1/EmbededSystem/STM32CLT/STM32CubeCLT_1.18.0/GNU-tools-for-STM32/bin/../lib/gcc/arm-none-eabi/13.3.1/../../../../arm-none-eabi/lib/thumb/v7-m/nofp\libg_nano.a(libc_a-memmove.o)
 .debug_info    0x000175c9      0x110 D:/RuanJianChengXu1/EmbededSystem/STM32CLT/STM32CubeCLT_1.18.0/GNU-tools-for-STM32/bin/../lib/gcc/arm-none-eabi/13.3.1/../../../../arm-none-eabi/lib/thumb/v7-m/nofp\libg_nano.a(libc_a-memchr-stub.o)
 .debug_info    0x000176d9      0x121 D:/RuanJianChengXu1/EmbededSystem/STM32CLT/STM32CubeCLT_1.18.0/GNU-tools-for-STM32/bin/../lib/gcc/arm-none-eabi/13.3.1/../../../../arm-none-eabi/lib/thumb/v7-m/nofp\libg_nano.a(libc_a-memcpy-stub.o)
 .debug_info    0x000177fa      0x8cd D:/RuanJianChengXu1/EmbededSystem/STM32CLT/STM32CubeCLT_1.18.0/GNU-tools-for-STM32/bin/../lib/gcc/arm-none-eabi/13.3.1/../../../../arm-none-eabi/lib/thumb/v7-m/nofp\libg_nano.a(libc_a-reallocr.o)
 .debug_info    0x000180c7      0x794 D:/RuanJianChengXu1/EmbededSystem/STM32CLT/STM32CubeCLT_1.18.0/GNU-tools-for-STM32/bin/../lib/gcc/arm-none-eabi/13.3.1/../../../../arm-none-eabi/lib/thumb/v7-m/nofp\libg_nano.a(libc_a-msizer.o)

.debug_abbrev   0x00000000     0x446c
 .debug_abbrev  0x00000000      0x13f cmake/stm32cubemx/CMakeFiles/STM32_Drivers.dir/__/__/Core/Src/system_stm32f1xx.c.obj
 .debug_abbrev  0x0000013f      0x21c cmake/stm32cubemx/CMakeFiles/STM32_Drivers.dir/__/__/Drivers/STM32F1xx_HAL_Driver/Src/stm32f1xx_hal_can.c.obj
 .debug_abbrev  0x0000035b      0x201 cmake/stm32cubemx/CMakeFiles/STM32_Drivers.dir/__/__/Drivers/STM32F1xx_HAL_Driver/Src/stm32f1xx_hal.c.obj
 .debug_abbrev  0x0000055c      0x2b3 cmake/stm32cubemx/CMakeFiles/STM32_Drivers.dir/__/__/Drivers/STM32F1xx_HAL_Driver/Src/stm32f1xx_hal_rcc.c.obj
 .debug_abbrev  0x0000080f      0x1ca cmake/stm32cubemx/CMakeFiles/STM32_Drivers.dir/__/__/Drivers/STM32F1xx_HAL_Driver/Src/stm32f1xx_hal_gpio.c.obj
 .debug_abbrev  0x000009d9      0x20b cmake/stm32cubemx/CMakeFiles/STM32_Drivers.dir/__/__/Drivers/STM32F1xx_HAL_Driver/Src/stm32f1xx_hal_dma.c.obj
 .debug_abbrev  0x00000be4      0x2f8 cmake/stm32cubemx/CMakeFiles/STM32_Drivers.dir/__/__/Drivers/STM32F1xx_HAL_Driver/Src/stm32f1xx_hal_cortex.c.obj
 .debug_abbrev  0x00000edc      0x2a3 cmake/stm32cubemx/CMakeFiles/STM32_Drivers.dir/__/__/Drivers/STM32F1xx_HAL_Driver/Src/stm32f1xx_hal_i2c.c.obj
 .debug_abbrev  0x0000117f      0x277 cmake/stm32cubemx/CMakeFiles/STM32_Drivers.dir/__/__/Drivers/STM32F1xx_HAL_Driver/Src/stm32f1xx_hal_tim.c.obj
 .debug_abbrev  0x000013f6      0x282 cmake/stm32cubemx/CMakeFiles/STM32_Drivers.dir/__/__/Drivers/STM32F1xx_HAL_Driver/Src/stm32f1xx_hal_tim_ex.c.obj
 .debug_abbrev  0x00001678      0x2f8 cmake/stm32cubemx/CMakeFiles/STM32_Drivers.dir/__/__/Drivers/STM32F1xx_HAL_Driver/Src/stm32f1xx_hal_uart.c.obj
 .debug_abbrev  0x00001970       0xf9 CMakeFiles/Arm_Control_Board.dir/Core/Src/font.c.obj
 .debug_abbrev  0x00001a69      0x335 CMakeFiles/Arm_Control_Board.dir/Core/Src/oled.c.obj
 .debug_abbrev  0x00001d9e      0x1f6 CMakeFiles/Arm_Control_Board.dir/Core/Src/42_stepper.c.obj
 .debug_abbrev  0x00001f94      0x18e CMakeFiles/Arm_Control_Board.dir/Core/Src/servo.c.obj
 .debug_abbrev  0x00002122      0x1ed CMakeFiles/Arm_Control_Board.dir/Core/Src/Arm.c.obj
 .debug_abbrev  0x0000230f      0x215 CMakeFiles/Arm_Control_Board.dir/Core/Src/ArmCommunication.c.obj
 .debug_abbrev  0x00002524      0x2cd CMakeFiles/Arm_Control_Board.dir/Core/Src/main.c.obj
 .debug_abbrev  0x000027f1      0x13f CMakeFiles/Arm_Control_Board.dir/Core/Src/gpio.c.obj
 .debug_abbrev  0x00002930      0x231 CMakeFiles/Arm_Control_Board.dir/Core/Src/can.c.obj
 .debug_abbrev  0x00002b61      0x1de CMakeFiles/Arm_Control_Board.dir/Core/Src/i2c.c.obj
 .debug_abbrev  0x00002d3f      0x230 CMakeFiles/Arm_Control_Board.dir/Core/Src/tim.c.obj
 .debug_abbrev  0x00002f6f      0x20b CMakeFiles/Arm_Control_Board.dir/Core/Src/usart.c.obj
 .debug_abbrev  0x0000317a      0x231 CMakeFiles/Arm_Control_Board.dir/Core/Src/stm32f1xx_it.c.obj
 .debug_abbrev  0x000033ab       0xdb CMakeFiles/Arm_Control_Board.dir/Core/Src/stm32f1xx_hal_msp.c.obj
 .debug_abbrev  0x00003486       0xbc CMakeFiles/Arm_Control_Board.dir/Core/Src/sysmem.c.obj
 .debug_abbrev  0x00003542       0x24 CMakeFiles/Arm_Control_Board.dir/startup_stm32f103xb.s.obj
 .debug_abbrev  0x00003566      0x231 D:/RuanJianChengXu1/EmbededSystem/STM32CLT/STM32CubeCLT_1.18.0/GNU-tools-for-STM32/bin/../lib/gcc/arm-none-eabi/13.3.1/../../../../arm-none-eabi/lib/thumb/v7-m/nofp\libg_nano.a(libc_a-snprintf.o)
 .debug_abbrev  0x00003797      0x15e D:/RuanJianChengXu1/EmbededSystem/STM32CLT/STM32CubeCLT_1.18.0/GNU-tools-for-STM32/bin/../lib/gcc/arm-none-eabi/13.3.1/../../../../arm-none-eabi/lib/thumb/v7-m/nofp\libg_nano.a(libc_a-errno.o)
 .debug_abbrev  0x000038f5      0x31e D:/RuanJianChengXu1/EmbededSystem/STM32CLT/STM32CubeCLT_1.18.0/GNU-tools-for-STM32/bin/../lib/gcc/arm-none-eabi/13.3.1/../../../../arm-none-eabi/lib/thumb/v7-m/nofp\libg_nano.a(libc_a-nano-svfprintf.o)
 .debug_abbrev  0x00003c13      0x28e D:/RuanJianChengXu1/EmbededSystem/STM32CLT/STM32CubeCLT_1.18.0/GNU-tools-for-STM32/bin/../lib/gcc/arm-none-eabi/13.3.1/../../../../arm-none-eabi/lib/thumb/v7-m/nofp\libg_nano.a(libc_a-nano-vfprintf_i.o)
 .debug_abbrev  0x00003ea1       0xac D:/RuanJianChengXu1/EmbededSystem/STM32CLT/STM32CubeCLT_1.18.0/GNU-tools-for-STM32/bin/../lib/gcc/arm-none-eabi/13.3.1/../../../../arm-none-eabi/lib/thumb/v7-m/nofp\libg_nano.a(libc_a-memmove.o)
 .debug_abbrev  0x00003f4d       0xb1 D:/RuanJianChengXu1/EmbededSystem/STM32CLT/STM32CubeCLT_1.18.0/GNU-tools-for-STM32/bin/../lib/gcc/arm-none-eabi/13.3.1/../../../../arm-none-eabi/lib/thumb/v7-m/nofp\libg_nano.a(libc_a-memchr-stub.o)
 .debug_abbrev  0x00003ffe       0xc1 D:/RuanJianChengXu1/EmbededSystem/STM32CLT/STM32CubeCLT_1.18.0/GNU-tools-for-STM32/bin/../lib/gcc/arm-none-eabi/13.3.1/../../../../arm-none-eabi/lib/thumb/v7-m/nofp\libg_nano.a(libc_a-memcpy-stub.o)
 .debug_abbrev  0x000040bf      0x217 D:/RuanJianChengXu1/EmbededSystem/STM32CLT/STM32CubeCLT_1.18.0/GNU-tools-for-STM32/bin/../lib/gcc/arm-none-eabi/13.3.1/../../../../arm-none-eabi/lib/thumb/v7-m/nofp\libg_nano.a(libc_a-reallocr.o)
 .debug_abbrev  0x000042d6      0x196 D:/RuanJianChengXu1/EmbededSystem/STM32CLT/STM32CubeCLT_1.18.0/GNU-tools-for-STM32/bin/../lib/gcc/arm-none-eabi/13.3.1/../../../../arm-none-eabi/lib/thumb/v7-m/nofp\libg_nano.a(libc_a-msizer.o)

.debug_aranges  0x00000000     0x1408
 .debug_aranges
                0x00000000       0x28 cmake/stm32cubemx/CMakeFiles/STM32_Drivers.dir/__/__/Core/Src/system_stm32f1xx.c.obj
 .debug_aranges
                0x00000028      0x138 cmake/stm32cubemx/CMakeFiles/STM32_Drivers.dir/__/__/Drivers/STM32F1xx_HAL_Driver/Src/stm32f1xx_hal_can.c.obj
 .debug_aranges
                0x00000160       0xe0 cmake/stm32cubemx/CMakeFiles/STM32_Drivers.dir/__/__/Drivers/STM32F1xx_HAL_Driver/Src/stm32f1xx_hal.c.obj
 .debug_aranges
                0x00000240       0x90 cmake/stm32cubemx/CMakeFiles/STM32_Drivers.dir/__/__/Drivers/STM32F1xx_HAL_Driver/Src/stm32f1xx_hal_rcc.c.obj
 .debug_aranges
                0x000002d0       0x58 cmake/stm32cubemx/CMakeFiles/STM32_Drivers.dir/__/__/Drivers/STM32F1xx_HAL_Driver/Src/stm32f1xx_hal_gpio.c.obj
 .debug_aranges
                0x00000328       0x80 cmake/stm32cubemx/CMakeFiles/STM32_Drivers.dir/__/__/Drivers/STM32F1xx_HAL_Driver/Src/stm32f1xx_hal_dma.c.obj
 .debug_aranges
                0x000003a8      0x100 cmake/stm32cubemx/CMakeFiles/STM32_Drivers.dir/__/__/Drivers/STM32F1xx_HAL_Driver/Src/stm32f1xx_hal_cortex.c.obj
 .debug_aranges
                0x000004a8      0x2a8 cmake/stm32cubemx/CMakeFiles/STM32_Drivers.dir/__/__/Drivers/STM32F1xx_HAL_Driver/Src/stm32f1xx_hal_i2c.c.obj
 .debug_aranges
                0x00000750      0x3d0 cmake/stm32cubemx/CMakeFiles/STM32_Drivers.dir/__/__/Drivers/STM32F1xx_HAL_Driver/Src/stm32f1xx_hal_tim.c.obj
 .debug_aranges
                0x00000b20      0x168 cmake/stm32cubemx/CMakeFiles/STM32_Drivers.dir/__/__/Drivers/STM32F1xx_HAL_Driver/Src/stm32f1xx_hal_tim_ex.c.obj
 .debug_aranges
                0x00000c88      0x208 cmake/stm32cubemx/CMakeFiles/STM32_Drivers.dir/__/__/Drivers/STM32F1xx_HAL_Driver/Src/stm32f1xx_hal_uart.c.obj
 .debug_aranges
                0x00000e90       0x18 CMakeFiles/Arm_Control_Board.dir/Core/Src/font.c.obj
 .debug_aranges
                0x00000ea8      0x100 CMakeFiles/Arm_Control_Board.dir/Core/Src/oled.c.obj
 .debug_aranges
                0x00000fa8       0x78 CMakeFiles/Arm_Control_Board.dir/Core/Src/42_stepper.c.obj
 .debug_aranges