[0.016s] Invoking command in '/home/s/ros2_ws/build/ldlidar_sl_ros2': CMAKE_PREFIX_PATH=/opt/ros/humble /usr/bin/cmake --build /home/s/ros2_ws/build/ldlidar_sl_ros2 -- -j16 -l16
[0.185s] [100%] Built target ldlidar_sl_ros2_node
[0.339s] Invoked command in '/home/s/ros2_ws/build/ldlidar_sl_ros2' returned '0': CMAKE_PREFIX_PATH=/opt/ros/humble /usr/bin/cmake --build /home/s/ros2_ws/build/ldlidar_sl_ros2 -- -j16 -l16
[0.347s] Invoking command in '/home/s/ros2_ws/build/ldlidar_sl_ros2': CMAKE_PREFIX_PATH=/opt/ros/humble /usr/bin/cmake --install /home/s/ros2_ws/build/ldlidar_sl_ros2
[0.354s] -- Install configuration: ""
[0.355s] -- Up-to-date: /home/s/ros2_ws/install/ldlidar_sl_ros2/lib/ldlidar_sl_ros2/ldlidar_sl_ros2_node
[0.356s] -- Up-to-date: /home/s/ros2_ws/install/ldlidar_sl_ros2/share/ldlidar_sl_ros2//launch
[0.356s] -- Up-to-date: /home/s/ros2_ws/install/ldlidar_sl_ros2/share/ldlidar_sl_ros2//launch/viewer_ld14p.launch.py
[0.356s] -- Up-to-date: /home/s/ros2_ws/install/ldlidar_sl_ros2/share/ldlidar_sl_ros2//launch/ld14.launch.py
[0.356s] -- Up-to-date: /home/s/ros2_ws/install/ldlidar_sl_ros2/share/ldlidar_sl_ros2//launch/ld14p.launch.py
[0.356s] -- Up-to-date: /home/s/ros2_ws/install/ldlidar_sl_ros2/share/ldlidar_sl_ros2//launch/viewer_ld14.launch.py
[0.356s] -- Up-to-date: /home/s/ros2_ws/install/ldlidar_sl_ros2/share/ldlidar_sl_ros2//rviz2
[0.356s] -- Up-to-date: /home/s/ros2_ws/install/ldlidar_sl_ros2/share/ldlidar_sl_ros2//rviz2/ldlidar.rviz
[0.356s] -- Up-to-date: /home/s/ros2_ws/install/ldlidar_sl_ros2/share/ldlidar_sl_ros2//scripts
[0.356s] -- Up-to-date: /home/s/ros2_ws/install/ldlidar_sl_ros2/share/ldlidar_sl_ros2//scripts/create_udev_rules.sh
[0.357s] -- Up-to-date: /home/s/ros2_ws/install/ldlidar_sl_ros2/share/ldlidar_sl_ros2//scripts/delete_udev_rules.sh
[0.357s] -- Up-to-date: /home/s/ros2_ws/install/ldlidar_sl_ros2/share/ldlidar_sl_ros2//scripts/ldlidar.rules
[0.357s] -- Up-to-date: /home/s/ros2_ws/install/ldlidar_sl_ros2/share/ament_index/resource_index/package_run_dependencies/ldlidar_sl_ros2
[0.357s] -- Up-to-date: /home/s/ros2_ws/install/ldlidar_sl_ros2/share/ament_index/resource_index/parent_prefix_path/ldlidar_sl_ros2
[0.357s] -- Up-to-date: /home/s/ros2_ws/install/ldlidar_sl_ros2/share/ldlidar_sl_ros2/environment/ament_prefix_path.sh
[0.357s] -- Up-to-date: /home/s/ros2_ws/install/ldlidar_sl_ros2/share/ldlidar_sl_ros2/environment/ament_prefix_path.dsv
[0.357s] -- Up-to-date: /home/s/ros2_ws/install/ldlidar_sl_ros2/share/ldlidar_sl_ros2/environment/path.sh
[0.357s] -- Up-to-date: /home/s/ros2_ws/install/ldlidar_sl_ros2/share/ldlidar_sl_ros2/environment/path.dsv
[0.357s] -- Up-to-date: /home/s/ros2_ws/install/ldlidar_sl_ros2/share/ldlidar_sl_ros2/local_setup.bash
[0.358s] -- Up-to-date: /home/s/ros2_ws/install/ldlidar_sl_ros2/share/ldlidar_sl_ros2/local_setup.sh
[0.358s] -- Up-to-date: /home/s/ros2_ws/install/ldlidar_sl_ros2/share/ldlidar_sl_ros2/local_setup.zsh
[0.358s] -- Up-to-date: /home/s/ros2_ws/install/ldlidar_sl_ros2/share/ldlidar_sl_ros2/local_setup.dsv
[0.358s] -- Installing: /home/s/ros2_ws/install/ldlidar_sl_ros2/share/ldlidar_sl_ros2/package.dsv
[0.358s] -- Up-to-date: /home/s/ros2_ws/install/ldlidar_sl_ros2/share/ament_index/resource_index/packages/ldlidar_sl_ros2
[0.358s] -- Up-to-date: /home/s/ros2_ws/install/ldlidar_sl_ros2/share/ldlidar_sl_ros2/cmake/ldlidar_sl_ros2Config.cmake
[0.358s] -- Up-to-date: /home/s/ros2_ws/install/ldlidar_sl_ros2/share/ldlidar_sl_ros2/cmake/ldlidar_sl_ros2Config-version.cmake
[0.358s] -- Up-to-date: /home/s/ros2_ws/install/ldlidar_sl_ros2/share/ldlidar_sl_ros2/package.xml
[0.360s] Invoked command in '/home/s/ros2_ws/build/ldlidar_sl_ros2' returned '0': CMAKE_PREFIX_PATH=/opt/ros/humble /usr/bin/cmake --install /home/s/ros2_ws/build/ldlidar_sl_ros2
