[5.353s] Invoking command in '/home/strayer/ros2_ws/src/navigation': PYTHONPATH=/home/strayer/ros2_ws/build/navigation/prefix_override:/usr/lib/python3/dist-packages/colcon_core/task/python/colcon_distutils_commands:/home/strayer/ros2_ws/install/navigation/lib/python3.10/site-packages:${PYTHONPATH} /usr/bin/python3 -W ignore:setup.py install is deprecated -W ignore:easy_install command is deprecated setup.py egg_info --egg-base ../../build/navigation build --build-base /home/strayer/ros2_ws/build/navigation/build install --record /home/strayer/ros2_ws/build/navigation/install.log --single-version-externally-managed install_data
[6.774s] running egg_info
[6.777s] writing ../../build/navigation/navigation.egg-info/PKG-INFO
[6.778s] writing dependency_links to ../../build/navigation/navigation.egg-info/dependency_links.txt
[6.780s] writing entry points to ../../build/navigation/navigation.egg-info/entry_points.txt
[6.781s] writing requirements to ../../build/navigation/navigation.egg-info/requires.txt
[6.782s] writing top-level names to ../../build/navigation/navigation.egg-info/top_level.txt
[6.791s] reading manifest file '../../build/navigation/navigation.egg-info/SOURCES.txt'
[6.796s] writing manifest file '../../build/navigation/navigation.egg-info/SOURCES.txt'
[6.796s] running build
[6.797s] running build_py
[6.798s] running install
[6.799s] running install_lib
[6.804s] running install_data
[6.805s] copying launch/navigation2.launch.py -> /home/strayer/ros2_ws/install/navigation/share/navigation/launch
[6.807s] running install_egg_info
[6.814s] removing '/home/strayer/ros2_ws/install/navigation/lib/python3.10/site-packages/navigation-0.0.0-py3.10.egg-info' (and everything under it)
[6.816s] Copying ../../build/navigation/navigation.egg-info to /home/strayer/ros2_ws/install/navigation/lib/python3.10/site-packages/navigation-0.0.0-py3.10.egg-info
[6.823s] running install_scripts
[6.913s] writing list of installed files to '/home/strayer/ros2_ws/build/navigation/install.log'
[7.056s] Invoked command in '/home/strayer/ros2_ws/src/navigation' returned '0': PYTHONPATH=/home/strayer/ros2_ws/build/navigation/prefix_override:/usr/lib/python3/dist-packages/colcon_core/task/python/colcon_distutils_commands:/home/strayer/ros2_ws/install/navigation/lib/python3.10/site-packages:${PYTHONPATH} /usr/bin/python3 -W ignore:setup.py install is deprecated -W ignore:easy_install command is deprecated setup.py egg_info --egg-base ../../build/navigation build --build-base /home/strayer/ros2_ws/build/navigation/build install --record /home/strayer/ros2_ws/build/navigation/install.log --single-version-externally-managed install_data
