Archive member included to satisfy reference by file (symbol)

D:/RuanJianChengXu1/EmbededSystem/STM32CLT/STM32CubeCLT_1.18.0/GNU-tools-for-STM32/bin/../lib/gcc/arm-none-eabi/13.3.1/../../../../arm-none-eabi/lib/thumb/v7e-m+fp/hard\libc_nano.a(libc_a-exit.o)
                              D:/RuanJianChengXu1/EmbededSystem/STM32CLT/STM32CubeCLT_1.18.0/GNU-tools-for-STM32/bin/../lib/gcc/arm-none-eabi/13.3.1/../../../../arm-none-eabi/lib/thumb/v7e-m+fp/hard/crt0.o (exit)
D:/RuanJianChengXu1/EmbededSystem/STM32CLT/STM32CubeCLT_1.18.0/GNU-tools-for-STM32/bin/../lib/gcc/arm-none-eabi/13.3.1/../../../../arm-none-eabi/lib/thumb/v7e-m+fp/hard\libc_nano.a(libc_a-findfp.o)
                              D:/RuanJianChengXu1/EmbededSystem/STM32CLT/STM32CubeCLT_1.18.0/GNU-tools-for-STM32/bin/../lib/gcc/arm-none-eabi/13.3.1/../../../../arm-none-eabi/lib/thumb/v7e-m+fp/hard\libc_nano.a(libc_a-exit.o) (__stdio_exit_handler)
D:/RuanJianChengXu1/EmbededSystem/STM32CLT/STM32CubeCLT_1.18.0/GNU-tools-for-STM32/bin/../lib/gcc/arm-none-eabi/13.3.1/../../../../arm-none-eabi/lib/thumb/v7e-m+fp/hard\libc_nano.a(libc_a-fwalk.o)
                              D:/RuanJianChengXu1/EmbededSystem/STM32CLT/STM32CubeCLT_1.18.0/GNU-tools-for-STM32/bin/../lib/gcc/arm-none-eabi/13.3.1/../../../../arm-none-eabi/lib/thumb/v7e-m+fp/hard\libc_nano.a(libc_a-findfp.o) (_fwalk_sglue)
D:/RuanJianChengXu1/EmbededSystem/STM32CLT/STM32CubeCLT_1.18.0/GNU-tools-for-STM32/bin/../lib/gcc/arm-none-eabi/13.3.1/../../../../arm-none-eabi/lib/thumb/v7e-m+fp/hard\libc_nano.a(libc_a-stdio.o)
                              D:/RuanJianChengXu1/EmbededSystem/STM32CLT/STM32CubeCLT_1.18.0/GNU-tools-for-STM32/bin/../lib/gcc/arm-none-eabi/13.3.1/../../../../arm-none-eabi/lib/thumb/v7e-m+fp/hard\libc_nano.a(libc_a-findfp.o) (__sread)
D:/RuanJianChengXu1/EmbededSystem/STM32CLT/STM32CubeCLT_1.18.0/GNU-tools-for-STM32/bin/../lib/gcc/arm-none-eabi/13.3.1/../../../../arm-none-eabi/lib/thumb/v7e-m+fp/hard\libc_nano.a(libc_a-memset.o)
                              D:/RuanJianChengXu1/EmbededSystem/STM32CLT/STM32CubeCLT_1.18.0/GNU-tools-for-STM32/bin/../lib/gcc/arm-none-eabi/13.3.1/../../../../arm-none-eabi/lib/thumb/v7e-m+fp/hard/crt0.o (memset)
D:/RuanJianChengXu1/EmbededSystem/STM32CLT/STM32CubeCLT_1.18.0/GNU-tools-for-STM32/bin/../lib/gcc/arm-none-eabi/13.3.1/../../../../arm-none-eabi/lib/thumb/v7e-m+fp/hard\libc_nano.a(libc_a-closer.o)
                              D:/RuanJianChengXu1/EmbededSystem/STM32CLT/STM32CubeCLT_1.18.0/GNU-tools-for-STM32/bin/../lib/gcc/arm-none-eabi/13.3.1/../../../../arm-none-eabi/lib/thumb/v7e-m+fp/hard\libc_nano.a(libc_a-stdio.o) (_close_r)
D:/RuanJianChengXu1/EmbededSystem/STM32CLT/STM32CubeCLT_1.18.0/GNU-tools-for-STM32/bin/../lib/gcc/arm-none-eabi/13.3.1/../../../../arm-none-eabi/lib/thumb/v7e-m+fp/hard\libc_nano.a(libc_a-reent.o)
                              D:/RuanJianChengXu1/EmbededSystem/STM32CLT/STM32CubeCLT_1.18.0/GNU-tools-for-STM32/bin/../lib/gcc/arm-none-eabi/13.3.1/../../../../arm-none-eabi/lib/thumb/v7e-m+fp/hard\libc_nano.a(libc_a-closer.o) (errno)
D:/RuanJianChengXu1/EmbededSystem/STM32CLT/STM32CubeCLT_1.18.0/GNU-tools-for-STM32/bin/../lib/gcc/arm-none-eabi/13.3.1/../../../../arm-none-eabi/lib/thumb/v7e-m+fp/hard\libc_nano.a(libc_a-impure.o)
                              D:/RuanJianChengXu1/EmbededSystem/STM32CLT/STM32CubeCLT_1.18.0/GNU-tools-for-STM32/bin/../lib/gcc/arm-none-eabi/13.3.1/../../../../arm-none-eabi/lib/thumb/v7e-m+fp/hard\libc_nano.a(libc_a-reent.o) (_impure_ptr)
D:/RuanJianChengXu1/EmbededSystem/STM32CLT/STM32CubeCLT_1.18.0/GNU-tools-for-STM32/bin/../lib/gcc/arm-none-eabi/13.3.1/../../../../arm-none-eabi/lib/thumb/v7e-m+fp/hard\libc_nano.a(libc_a-lseekr.o)
                              D:/RuanJianChengXu1/EmbededSystem/STM32CLT/STM32CubeCLT_1.18.0/GNU-tools-for-STM32/bin/../lib/gcc/arm-none-eabi/13.3.1/../../../../arm-none-eabi/lib/thumb/v7e-m+fp/hard\libc_nano.a(libc_a-stdio.o) (_lseek_r)
D:/RuanJianChengXu1/EmbededSystem/STM32CLT/STM32CubeCLT_1.18.0/GNU-tools-for-STM32/bin/../lib/gcc/arm-none-eabi/13.3.1/../../../../arm-none-eabi/lib/thumb/v7e-m+fp/hard\libc_nano.a(libc_a-readr.o)
                              D:/RuanJianChengXu1/EmbededSystem/STM32CLT/STM32CubeCLT_1.18.0/GNU-tools-for-STM32/bin/../lib/gcc/arm-none-eabi/13.3.1/../../../../arm-none-eabi/lib/thumb/v7e-m+fp/hard\libc_nano.a(libc_a-stdio.o) (_read_r)
D:/RuanJianChengXu1/EmbededSystem/STM32CLT/STM32CubeCLT_1.18.0/GNU-tools-for-STM32/bin/../lib/gcc/arm-none-eabi/13.3.1/../../../../arm-none-eabi/lib/thumb/v7e-m+fp/hard\libc_nano.a(libc_a-writer.o)
                              D:/RuanJianChengXu1/EmbededSystem/STM32CLT/STM32CubeCLT_1.18.0/GNU-tools-for-STM32/bin/../lib/gcc/arm-none-eabi/13.3.1/../../../../arm-none-eabi/lib/thumb/v7e-m+fp/hard\libc_nano.a(libc_a-stdio.o) (_write_r)
[...]
Memory Configuration

Name             Origin             Length             Attributes
RAM              0x20000000         0x00020000         xrw
CCMRAM           0x10000000         0x00010000         xrw
FLASH            0x08000000         0x00080000         xr
*default*        0x00000000         0xffffffff

Linker script and memory map

LOAD D:/RuanJianChengXu1/EmbededSystem/STM32CLT/STM32CubeCLT_1.18.0/GNU-tools-for-STM32/bin/../lib/gcc/arm-none-eabi/13.3.1/thumb/v7e-m+fp/hard/crti.o
LOAD D:/RuanJianChengXu1/EmbededSystem/STM32CLT/STM32CubeCLT_1.18.0/GNU-tools-for-STM32/bin/../lib/gcc/arm-none-eabi/13.3.1/thumb/v7e-m+fp/hard/crtbegin.o
LOAD D:/RuanJianChengXu1/EmbededSystem/STM32CLT/STM32CubeCLT_1.18.0/GNU-tools-for-STM32/bin/../lib/gcc/arm-none-eabi/13.3.1/../../../../arm-none-eabi/lib/thumb/v7e-m+fp/hard/crt0.o
START GROUP
LOAD D:/RuanJianChengXu1/EmbededSystem/STM32CLT/STM32CubeCLT_1.18.0/GNU-tools-for-STM32/bin/../lib/gcc/arm-none-eabi/13.3.1/../../../../arm-none-eabi/lib/thumb/v7e-m+fp/hard\libc_nano.a
LOAD D:/RuanJianChengXu1/EmbededSystem/STM32CLT/STM32CubeCLT_1.18.0/GNU-tools-for-STM32/bin/../lib/gcc/arm-none-eabi/13.3.1/../../../../arm-none-eabi/lib/thumb/v7e-m+fp/hard\libm.a
END GROUP
LOAD cmake/stm32cubemx/CMakeFiles/STM32_Drivers.dir/__/__/Core/Src/system_stm32f4xx.c.obj
LOAD cmake/stm32cubemx/CMakeFiles/STM32_Drivers.dir/__/__/Drivers/STM32F4xx_HAL_Driver/Src/stm32f4xx_hal_can.c.obj
LOAD cmake/stm32cubemx/CMakeFiles/STM32_Drivers.dir/__/__/Drivers/STM32F4xx_HAL_Driver/Src/stm32f4xx_hal_rcc.c.obj
LOAD cmake/stm32cubemx/CMakeFiles/STM32_Drivers.dir/__/__/Drivers/STM32F4xx_HAL_Driver/Src/stm32f4xx_hal_rcc_ex.c.obj
LOAD cmake/stm32cubemx/CMakeFiles/STM32_Drivers.dir/__/__/Drivers/STM32F4xx_HAL_Driver/Src/stm32f4xx_hal_flash.c.obj
LOAD cmake/stm32cubemx/CMakeFiles/STM32_Drivers.dir/__/__/Drivers/STM32F4xx_HAL_Driver/Src/stm32f4xx_hal_flash_ex.c.obj
LOAD cmake/stm32cubemx/CMakeFiles/STM32_Drivers.dir/__/__/Drivers/STM32F4xx_HAL_Driver/Src/stm32f4xx_hal_flash_ramfunc.c.obj
LOAD cmake/stm32cubemx/CMakeFiles/STM32_Drivers.dir/__/__/Drivers/STM32F4xx_HAL_Driver/Src/stm32f4xx_hal_gpio.c.obj
LOAD cmake/stm32cubemx/CMakeFiles/STM32_Drivers.dir/__/__/Drivers/STM32F4xx_HAL_Driver/Src/stm32f4xx_hal_dma_ex.c.obj
LOAD cmake/stm32cubemx/CMakeFiles/STM32_Drivers.dir/__/__/Drivers/STM32F4xx_HAL_Driver/Src/stm32f4xx_hal_dma.c.obj
LOAD cmake/stm32cubemx/CMakeFiles/STM32_Drivers.dir/__/__/Drivers/STM32F4xx_HAL_Driver/Src/stm32f4xx_hal_pwr.c.obj
LOAD cmake/stm32cubemx/CMakeFiles/STM32_Drivers.dir/__/__/Drivers/STM32F4xx_HAL_Driver/Src/stm32f4xx_hal_pwr_ex.c.obj
LOAD cmake/stm32cubemx/CMakeFiles/STM32_Drivers.dir/__/__/Drivers/STM32F4xx_HAL_Driver/Src/stm32f4xx_hal_cortex.c.obj
LOAD cmake/stm32cubemx/CMakeFiles/STM32_Drivers.dir/__/__/Drivers/STM32F4xx_HAL_Driver/Src/stm32f4xx_hal.c.obj
LOAD cmake/stm32cubemx/CMakeFiles/STM32_Drivers.dir/__/__/Drivers/STM32F4xx_HAL_Driver/Src/stm32f4xx_hal_exti.c.obj
LOAD cmake/stm32cubemx/CMakeFiles/STM32_Drivers.dir/__/__/Drivers/STM32F4xx_HAL_Driver/Src/stm32f4xx_hal_i2c.c.obj
LOAD cmake/stm32cubemx/CMakeFiles/STM32_Drivers.dir/__/__/Drivers/STM32F4xx_HAL_Driver/Src/stm32f4xx_hal_i2c_ex.c.obj
LOAD cmake/stm32cubemx/CMakeFiles/STM32_Drivers.dir/__/__/Drivers/STM32F4xx_HAL_Driver/Src/stm32f4xx_hal_tim.c.obj
LOAD cmake/stm32cubemx/CMakeFiles/STM32_Drivers.dir/__/__/Drivers/STM32F4xx_HAL_Driver/Src/stm32f4xx_hal_tim_ex.c.obj
LOAD cmake/stm32cubemx/CMakeFiles/STM32_Drivers.dir/__/__/Drivers/STM32F4xx_HAL_Driver/Src/stm32f4xx_hal_uart.c.obj
LOAD CMakeFiles/2026_AICUP_STM32F407VET6.dir/Core/Src/IMU406.c.obj
LOAD CMakeFiles/2026_AICUP_STM32F407VET6.dir/Core/Src/MecanumWheelPlatform.c.obj
LOAD CMakeFiles/2026_AICUP_STM32F407VET6.dir/Core/Src/PID_Speed_Controller.c.obj
LOAD CMakeFiles/2026_AICUP_STM32F407VET6.dir/Core/Src/M3508.c.obj
LOAD CMakeFiles/2026_AICUP_STM32F407VET6.dir/Core/Src/oled.c.obj
LOAD CMakeFiles/2026_AICUP_STM32F407VET6.dir/Core/Src/font.c.obj
LOAD CMakeFiles/2026_AICUP_STM32F407VET6.dir/Core/Src/Bluetooth.c.obj
LOAD CMakeFiles/2026_AICUP_STM32F407VET6.dir/Core/Src/PID_Position_Controller.c.obj
LOAD CMakeFiles/2026_AICUP_STM32F407VET6.dir/Core/Src/ROS.c.obj
LOAD CMakeFiles/2026_AICUP_STM32F407VET6.dir/Core/Src/main.c.obj
LOAD CMakeFiles/2026_AICUP_STM32F407VET6.dir/Core/Src/gpio.c.obj
LOAD CMakeFiles/2026_AICUP_STM32F407VET6.dir/Core/Src/can.c.obj
LOAD CMakeFiles/2026_AICUP_STM32F407VET6.dir/Core/Src/i2c.c.obj
LOAD CMakeFiles/2026_AICUP_STM32F407VET6.dir/Core/Src/tim.c.obj
LOAD CMakeFiles/2026_AICUP_STM32F407VET6.dir/Core/Src/usart.c.obj
LOAD CMakeFiles/2026_AICUP_STM32F407VET6.dir/Core/Src/stm32f4xx_it.c.obj
LOAD CMakeFiles/2026_AICUP_STM32F407VET6.dir/Core/Src/stm32f4xx_hal_msp.c.obj
LOAD CMakeFiles/2026_AICUP_STM32F407VET6.dir/Core/Src/sysmem.c.obj
LOAD CMakeFiles/2026_AICUP_STM32F407VET6.dir/Core/Src/syscalls.c.obj
LOAD CMakeFiles/2026_AICUP_STM32F407VET6.dir/startup_stm32f407xx.s.obj
START GROUP
LOAD D:/RuanJianChengXu1/EmbededSystem/STM32CLT/STM32CubeCLT_1.18.0/GNU-tools-for-STM32/bin/../lib/gcc/arm-none-eabi/13.3.1/thumb/v7e-m+fp/hard\libgcc.a
LOAD D:/RuanJianChengXu1/EmbededSystem/STM32CLT/STM32CubeCLT_1.18.0/GNU-tools-for-STM32/bin/../lib/gcc/arm-none-eabi/13.3.1/../../../../arm-none-eabi/lib/thumb/v7e-m+fp/hard\libg_nano.a
LOAD D:/RuanJianChengXu1/EmbededSystem/STM32CLT/STM32CubeCLT_1.18.0/GNU-tools-for-STM32/bin/../lib/gcc/arm-none-eabi/13.3.1/../../../../arm-none-eabi/lib/thumb/v7e-m+fp/hard\libc_nano.a
END GROUP
START GROUP
LOAD D:/RuanJianChengXu1/EmbededSystem/STM32CLT/STM32CubeCLT_1.18.0/GNU-tools-for-STM32/bin/../lib/gcc/arm-none-eabi/13.3.1/thumb/v7e-m+fp/hard\libgcc.a
LOAD D:/RuanJianChengXu1/EmbededSystem/STM32CLT/STM32CubeCLT_1.18.0/GNU-tools-for-STM32/bin/../lib/gcc/arm-none-eabi/13.3.1/../../../../arm-none-eabi/lib/thumb/v7e-m+fp/hard\libc_nano.a
END GROUP
LOAD D:/RuanJianChengXu1/EmbededSystem/STM32CLT/STM32CubeCLT_1.18.0/GNU-tools-for-STM32/bin/../lib/gcc/arm-none-eabi/13.3.1/thumb/v7e-m+fp/hard/crtend.o
LOAD D:/RuanJianChengXu1/EmbededSystem/STM32CLT/STM32CubeCLT_1.18.0/GNU-tools-for-STM32/bin/../lib/gcc/arm-none-eabi/13.3.1/thumb/v7e-m+fp/hard/crtn.o
                0x20020000                        _estack = (ORIGIN (RAM) + LENGTH (RAM))
                0x00000200                        _Min_Heap_Size = 0x200
                0x00000400                        _Min_Stack_Size = 0x400

.isr_vector     0x08000000      0x188
                0x08000000                        . = ALIGN (0x4)
 *(.isr_vector)
 .isr_vector    0x08000000      0x188 CMakeFiles/2026_AICUP_STM32F407VET6.dir/startup_stm32f407xx.s.obj
                0x08000000                g_pfnVectors
                0x08000188                        . = ALIGN (0x4)

.text           0x08000188     0x6958
                0x08000188                        . = ALIGN (0x4)
 *(.text)
 .text          0x08000188       0x40 D:/RuanJianChengXu1/EmbededSystem/STM32CLT/STM32CubeCLT_1.18.0/GNU-tools-for-STM32/bin/../lib/gcc/arm-none-eabi/13.3.1/thumb/v7e-m+fp/hard/crtbegin.o
 .text          0x080001c8      0x378 D:/RuanJianChengXu1/EmbededSystem/STM32CLT/STM32CubeCLT_1.18.0/GNU-tools-for-STM32/bin/../lib/gcc/arm-none-eabi/13.3.1/thumb/v7e-m+fp/hard\libgcc.a(_arm_addsubdf3.o)
                0x080001c8                __aeabi_drsub
                0x080001d0                __aeabi_dsub
                0x080001d0                __subdf3
                0x080001d4                __aeabi_dadd
                0x080001d4                __adddf3
                0x0800044c                __floatunsidf
                0x0800044c                __aeabi_ui2d
                0x0800046c                __floatsidf
                0x0800046c                __aeabi_i2d
                0x08000490                __aeabi_f2d
                0x08000490                __extendsfdf2
                0x080004d4                __floatundidf
                0x080004d4                __aeabi_ul2d
                0x080004e4                __floatdidf
                0x080004e4                __aeabi_l2d
 .text          0x08000540      0x424 D:/RuanJianChengXu1/EmbededSystem/STM32CLT/STM32CubeCLT_1.18.0/GNU-tools-for-STM32/bin/../lib/gcc/arm-none-eabi/13.3.1/thumb/v7e-m+fp/hard\libgcc.a(_arm_muldivdf3.o)
                0x08000540                __aeabi_dmul
                0x08000540                __muldf3
                0x08000794                __divdf3
                0x08000794                __aeabi_ddiv
 .text          0x08000964       0xa0 D:/RuanJianChengXu1/EmbededSystem/STM32CLT/STM32CubeCLT_1.18.0/GNU-tools-for-STM32/bin/../lib/gcc/arm-none-eabi/13.3.1/thumb/v7e-m+fp/hard\libgcc.a(_arm_truncdfsf2.o)
                0x08000964                __truncdfsf2
                0x08000964                __aeabi_d2f
 .text          0x08000a04       0x30 D:/RuanJianChengXu1/EmbededSystem/STM32CLT/STM32CubeCLT_1.18.0/GNU-tools-for-STM32/bin/../lib/gcc/arm-none-eabi/13.3.1/thumb/v7e-m+fp/hard\libgcc.a(_aeabi_uldivmod.o)
                0x08000a04                __aeabi_uldivmod
 .text          0x08000a34      0x2f8 D:/RuanJianChengXu1/EmbededSystem/STM32CLT/STM32CubeCLT_1.18.0/GNU-tools-for-STM32/bin/../lib/gcc/arm-none-eabi/13.3.1/thumb/v7e-m+fp/hard\libgcc.a(_udivmoddi4.o)
                0x08000a34                __udivmoddi4
 .text          0x08000d2c        0x4 D:/RuanJianChengXu1/EmbededSystem/STM32CLT/STM32CubeCLT_1.18.0/GNU-tools-for-STM32/bin/../lib/gcc/arm-none-eabi/13.3.1/thumb/v7e-m+fp/hard\libgcc.a(_dvmd_tls.o)
                0x08000d2c                __aeabi_idiv0
                0x08000d2c                __aeabi_ldiv0
 *(.text*)
 .text.memset   0x08000d30       0x10 D:/RuanJianChengXu1/EmbededSystem/STM32CLT/STM32CubeCLT_1.18.0/GNU-tools-for-STM32/bin/../lib/gcc/arm-none-eabi/13.3.1/../../../../arm-none-eabi/lib/thumb/v7e-m+fp/hard\libc_nano.a(libc_a-memset.o)
                0x08000d30                memset
 .text.__libc_init_array
                0x08000d40       0x48 D:/RuanJianChengXu1/EmbededSystem/STM32CLT/STM32CubeCLT_1.18.0/GNU-tools-for-STM32/bin/../lib/gcc/arm-none-eabi/13.3.1/../../../../arm-none-eabi/lib/thumb/v7e-m+fp/hard\libc_nano.a(libc_a-init.o)
                0x08000d40                __libc_init_array
 .text.SystemInit
                0x08000d88       0x24 cmake/stm32cubemx/CMakeFiles/STM32_Drivers.dir/__/__/Core/Src/system_stm32f4xx.c.obj
                0x08000d88                SystemInit
 .text.HAL_CAN_Init
                0x08000dac      0x1f6 cmake/stm32cubemx/CMakeFiles/STM32_Drivers.dir/__/__/Drivers/STM32F4xx_HAL_Driver/Src/stm32f4xx_hal_can.c.obj
                0x08000dac                HAL_CAN_Init
 *fill*         0x08000fa2        0x2 
 .text.HAL_CAN_ConfigFilter
                0x08000fa4      0x1bc cmake/stm32cubemx/CMakeFiles/STM32_Drivers.dir/__/__/Drivers/STM32F4xx_HAL_Driver/Src/stm32f4xx_hal_can.c.obj
                0x08000fa4                HAL_CAN_ConfigFilter
 .text.HAL_CAN_Start
                0x08001160       0x88 cmake/stm32cubemx/CMakeFiles/STM32_Drivers.dir/__/__/Drivers/STM32F4xx_HAL_Driver/Src/stm32f4xx_hal_can.c.obj
                0x08001160                HAL_CAN_Start
 .text.HAL_CAN_AddTxMessage
                0x080011e8      0x1a0 cmake/stm32cubemx/CMakeFiles/STM32_Drivers.dir/__/__/Drivers/STM32F4xx_HAL_Driver/Src/stm32f4xx_hal_can.c.obj
                0x080011e8                HAL_CAN_AddTxMessage
 .text.HAL_CAN_GetRxMessage
                0x08001388      0x244 cmake/stm32cubemx/CMakeFiles/STM32_Drivers.dir/__/__/Drivers/STM32F4xx_HAL_Driver/Src/stm32f4xx_hal_can.c.obj
                0x08001388                HAL_CAN_GetRxMessage
 .text.HAL_CAN_ActivateNotification
                0x080015cc       0x4c cmake/stm32cubemx/CMakeFiles/STM32_Drivers.dir/__/__/Drivers/STM32F4xx_HAL_Driver/Src/stm32f4xx_hal_can.c.obj
                0x080015cc                HAL_CAN_ActivateNotification
 .text.HAL_CAN_IRQHandler
                0x08001618      0x36e cmake/stm32cubemx/CMakeFiles/STM32_Drivers.dir/__/__/Drivers/STM32F4xx_HAL_Driver/Src/stm32f4xx_hal_can.c.obj
                0x08001618                HAL_CAN_IRQHandler
 .text.HAL_CAN_TxMailbox0CompleteCallback
                0x08001986       0x14 cmake/stm32cubemx/CMakeFiles/STM32_Drivers.dir/__/__/Drivers/STM32F4xx_HAL_Driver/Src/stm32f4xx_hal_can.c.obj
                0x08001986                HAL_CAN_TxMailbox0CompleteCallback
 .text.HAL_CAN_TxMailbox1CompleteCallback
                0x0800199a       0x14 cmake/stm32cubemx/CMakeFiles/STM32_Drivers.dir/__/__/Drivers/STM32F4xx_HAL_Driver/Src/stm32f4xx_hal_can.c.obj
                0x0800199a                HAL_CAN_TxMailbox1CompleteCallback
 .text.HAL_CAN_TxMailbox2CompleteCallback
                0x080019ae       0x14 cmake/stm32cubemx/CMakeFiles/STM32_Drivers.dir/__/__/Drivers/STM32F4xx_HAL_Driver/Src/stm32f4xx_hal_can.c.obj
                0x080019ae                HAL_CAN_TxMailbox2CompleteCallback
 .text.HAL_CAN_TxMailbox0AbortCallback
                0x080019c2       0x14 cmake/stm32cubemx/CMakeFiles/STM32_Drivers.dir/__/__/Drivers/STM32F4xx_HAL_Driver/Src/stm32f4xx_hal_can.c.obj
                0x080019c2                HAL_CAN_TxMailbox0AbortCallback
 .text.HAL_CAN_TxMailbox1AbortCallback
                0x080019d6       0x14 cmake/stm32cubemx/CMakeFiles/STM32_Drivers.dir/__/__/Drivers/STM32F4xx_HAL_Driver/Src/stm32f4xx_hal_can.c.obj
                0x080019d6                HAL_CAN_TxMailbox1AbortCallback
 .text.HAL_CAN_TxMailbox2AbortCallback
                0x080019ea       0x14 cmake/stm32cubemx/CMakeFiles/STM32_Drivers.dir/__/__/Drivers/STM32F4xx_HAL_Driver/Src/stm32f4xx_hal_can.c.obj
                0x080019ea                HAL_CAN_TxMailbox2AbortCallback
 .text.HAL_CAN_RxFifo0FullCallback
                0x080019fe       0x14 cmake/stm32cubemx/CMakeFiles/STM32_Drivers.dir/__/__/Drivers/STM32F4xx_HAL_Driver/Src/stm32f4xx_hal_can.c.obj
                0x080019fe                HAL_CAN_RxFifo0FullCallback
 .text.HAL_CAN_RxFifo1MsgPendingCallback
                0x08001a12       0x14 cmake/stm32cubemx/CMakeFiles/STM32_Drivers.dir/__/__/Drivers/STM32F4xx_HAL_Driver/Src/stm32f4xx_hal_can.c.obj
                0x08001a12                HAL_CAN_RxFifo1MsgPendingCallback
 .text.HAL_CAN_RxFifo1FullCallback
                0x08001a26       0x14 cmake/stm32cubemx/CMakeFiles/STM32_Drivers.dir/__/__/Drivers/STM32F4xx_HAL_Driver/Src/stm32f4xx_hal_can.c.obj
                0x08001a26                HAL_CAN_RxFifo1FullCallback
 .text.HAL_CAN_SleepCallback
                0x08001a3a       0x14 cmake/stm32cubemx/CMakeFiles/STM32_Drivers.dir/__/__/Drivers/STM32F4xx_HAL_Driver/Src/stm32f4xx_hal_can.c.obj
                0x08001a3a                HAL_CAN_SleepCallback
 .text.HAL_CAN_WakeUpFromRxMsgCallback
                0x08001a4e       0x14 cmake/stm32cubemx/CMakeFiles/STM32_Drivers.dir/__/__/Drivers/STM32F4xx_HAL_Driver/Src/stm32f4xx_hal_can.c.obj
                0x08001a4e                HAL_CAN_WakeUpFromRxMsgCallback
 .text.HAL_CAN_ErrorCallback
                0x08001a62       0x14 cmake/stm32cubemx/CMakeFiles/STM32_Drivers.dir/__/__/Drivers/STM32F4xx_HAL_Driver/Src/stm32f4xx_hal_can.c.obj
                0x08001a62                HAL_CAN_ErrorCallback
 *fill*         0x08001a76        0x2 
 .text.HAL_RCC_OscConfig
                0x08001a78      0x4f0 cmake/stm32cubemx/CMakeFiles/STM32_Drivers.dir/__/__/Drivers/STM32F4xx_HAL_Driver/Src/stm32f4xx_hal_rcc.c.obj
                0x08001a78                HAL_RCC_OscConfig
 .text.HAL_RCC_ClockConfig
                0x08001f68      0x1cc cmake/stm32cubemx/CMakeFiles/STM32_Drivers.dir/__/__/Drivers/STM32F4xx_HAL_Driver/Src/stm32f4xx_hal_rcc.c.obj
                0x08001f68                HAL_RCC_ClockConfig
 .text.HAL_RCC_GetSysClockFreq
                0x08002134      0x20c cmake/stm32cubemx/CMakeFiles/STM32_Drivers.dir/__/__/Drivers/STM32F4xx_HAL_Driver/Src/stm32f4xx_hal_rcc.c.obj
                0x08002134                HAL_RCC_GetSysClockFreq
 .text.HAL_RCC_GetHCLKFreq
                0x08002340       0x18 cmake/stm32cubemx/CMakeFiles/STM32_Drivers.dir/__/__/Drivers/STM32F4xx_HAL_Driver/Src/stm32f4xx_hal_rcc.c.obj
                0x08002340                HAL_RCC_GetHCLKFreq
 .text.HAL_RCC_GetPCLK1Freq
                0x08002358       0x28 cmake/stm32cubemx/CMakeFiles/STM32_Drivers.dir/__/__/Drivers/STM32F4xx_HAL_Driver/Src/stm32f4xx_hal_rcc.c.obj
                0x08002358                HAL_RCC_GetPCLK1Freq
 .text.HAL_RCC_GetPCLK2Freq
                0x08002380       0x28 cmake/stm32cubemx/CMakeFiles/STM32_Drivers.dir/__/__/Drivers/STM32F4xx_HAL_Driver/Src/stm32f4xx_hal_rcc.c.obj
                0x08002380                HAL_RCC_GetPCLK2Freq
 .text.HAL_GPIO_Init
                0x080023a8      0x338 cmake/stm32cubemx/CMakeFiles/STM32_Drivers.dir/__/__/Drivers/STM32F4xx_HAL_Driver/Src/stm32f4xx_hal_gpio.c.obj
                0x080023a8                HAL_GPIO_Init
 .text.HAL_GPIO_ReadPin
                0x080026e0       0x30 cmake/stm32cubemx/CMakeFiles/STM32_Drivers.dir/__/__/Drivers/STM32F4xx_HAL_Driver/Src/stm32f4xx_hal_gpio.c.obj
                0x080026e0                HAL_GPIO_ReadPin
 .text.HAL_GPIO_WritePin
                0x08002710       0x32 cmake/stm32cubemx/CMakeFiles/STM32_Drivers.dir/__/__/Drivers/STM32F4xx_HAL_Driver/Src/stm32f4xx_hal_gpio.c.obj
                0x08002710                HAL_GPIO_WritePin
 .text.HAL_DMA_Abort
                0x08002742       0xe0 cmake/stm32cubemx/CMakeFiles/STM32_Drivers.dir/__/__/Drivers/STM32F4xx_HAL_Driver/Src/stm32f4xx_hal_dma.c.obj
                0x08002742                HAL_DMA_Abort
 .text.HAL_DMA_Abort_IT
                0x08002822       0x44 cmake/stm32cubemx/CMakeFiles/STM32_Drivers.dir/__/__/Drivers/STM32F4xx_HAL_Driver/Src/stm32f4xx_hal_dma.c.obj
                0x08002822                HAL_DMA_Abort_IT
 *fill*         0x08002866        0x2 
 .text.__NVIC_SetPriorityGrouping
                0x08002868       0x48 cmake/stm32cubemx/CMakeFiles/STM32_Drivers.dir/__/__/Drivers/STM32F4xx_HAL_Driver/Src/stm32f4xx_hal_cortex.c.obj
 .text.__NVIC_GetPriorityGrouping
                0x080028b0       0x1c cmake/stm32cubemx/CMakeFiles/STM32_Drivers.dir/__/__/Drivers/STM32F4xx_HAL_Driver/Src/stm32f4xx_hal_cortex.c.obj
 .text.__NVIC_EnableIRQ
                0x080028cc       0x3c cmake/stm32cubemx/CMakeFiles/STM32_Drivers.dir/__/__/Drivers/STM32F4xx_HAL_Driver/Src/stm32f4xx_hal_cortex.c.obj
 .text.__NVIC_SetPriority
                0x08002908       0x54 cmake/stm32cubemx/CMakeFiles/STM32_Drivers.dir/__/__/Drivers/STM32F4xx_HAL_Driver/Src/stm32f4xx_hal_cortex.c.obj
 .text.NVIC_EncodePriority
                0x0800295c       0x66 cmake/stm32cubemx/CMakeFiles/STM32_Drivers.dir/__/__/Drivers/STM32F4xx_HAL_Driver/Src/stm32f4xx_hal_cortex.c.obj
 *fill*         0x080029c2        0x2 
 .text.SysTick_Config
                0x080029c4       0x44 cmake/stm32cubemx/CMakeFiles/STM32_Drivers.dir/__/__/Drivers/STM32F4xx_HAL_Driver/Src/stm32f4xx_hal_cortex.c.obj
 .text.HAL_NVIC_SetPriorityGrouping
                0x08002a08       0x16 cmake/stm32cubemx/CMakeFiles/STM32_Drivers.dir/__/__/Drivers/STM32F4xx_HAL_Driver/Src/stm32f4xx_hal_cortex.c.obj
                0x08002a08                HAL_NVIC_SetPriorityGrouping
 .text.HAL_NVIC_SetPriority
                0x08002a1e       0x38 cmake/stm32cubemx/CMakeFiles/STM32_Drivers.dir/__/__/Drivers/STM32F4xx_HAL_Driver/Src/stm32f4xx_hal_cortex.c.obj
                0x08002a1e                HAL_NVIC_SetPriority
 .text.HAL_NVIC_EnableIRQ
                0x08002a56       0x1c cmake/stm32cubemx/CMakeFiles/STM32_Drivers.dir/__/__/Drivers/STM32F4xx_HAL_Driver/Src/stm32f4xx_hal_cortex.c.obj
                0x08002a56                HAL_NVIC_EnableIRQ
 .text.HAL_SYSTICK_Config
                0x08002a72       0x18 cmake/stm32cubemx/CMakeFiles/STM32_Drivers.dir/__/__/Drivers/STM32F4xx_HAL_Driver/Src/stm32f4xx_hal_cortex.c.obj
                0x08002a72                HAL_SYSTICK_Config
 *fill*         0x08002a8a        0x2 
 .text.HAL_Init
                0x08002a8c       0x44 cmake/stm32cubemx/CMakeFiles/STM32_Drivers.dir/__/__/Drivers/STM32F4xx_HAL_Driver/Src/stm32f4xx_hal.c.obj
                0x08002a8c                HAL_Init
 .text.HAL_InitTick
                0x08002ad0       0x60 cmake/stm32cubemx/CMakeFiles/STM32_Drivers.dir/__/__/Drivers/STM32F4xx_HAL_Driver/Src/stm32f4xx_hal.c.obj
                0x08002ad0                HAL_InitTick
 .text.HAL_IncTick
                0x08002b30       0x28 cmake/stm32cubemx/CMakeFiles/STM32_Drivers.dir/__/__/Drivers/STM32F4xx_HAL_Driver/Src/stm32f4xx_hal.c.obj
                0x08002b30                HAL_IncTick
 .text.HAL_GetTick
                0x08002b58       0x18 cmake/stm32cubemx/CMakeFiles/STM32_Drivers.dir/__/__/Drivers/STM32F4xx_HAL_Driver/Src/stm32f4xx_hal.c.obj
                0x08002b58                HAL_GetTick
 .text.HAL_Delay
                0x08002b70       0x48 cmake/stm32cubemx/CMakeFiles/STM32_Drivers.dir/__/__/Drivers/STM32F4xx_HAL_Driver/Src/stm32f4xx_hal.c.obj
                0x08002b70                HAL_Delay
 .text.HAL_I2C_Init
                0x08002bb8      0x288 cmake/stm32cubemx/CMakeFiles/STM32_Drivers.dir/__/__/Drivers/STM32F4xx_HAL_Driver/Src/stm32f4xx_hal_i2c.c.obj
                0x08002bb8                HAL_I2C_Init
 .text.HAL_I2C_Mem_Write
                0x08002e40      0x1f4 cmake/stm32cubemx/CMakeFiles/STM32_Drivers.dir/__/__/Drivers/STM32F4xx_HAL_Driver/Src/stm32f4xx_hal_i2c.c.obj
                0x08002e40                HAL_I2C_Mem_Write
 .text.I2C_RequestMemoryWrite
                0x08003034      0x12c cmake/stm32cubemx/CMakeFiles/STM32_Drivers.dir/__/__/Drivers/STM32F4xx_HAL_Driver/Src/stm32f4xx_hal_i2c.c.obj
 .text.I2C_WaitOnFlagUntilTimeout
                0x08003160       0xf4 cmake/stm32cubemx/CMakeFiles/STM32_Drivers.dir/__/__/Drivers/STM32F4xx_HAL_Driver/Src/stm32f4xx_hal_i2c.c.obj
 .text.I2C_WaitOnMasterAddressFlagUntilTimeout
                0x08003254      0x140 cmake/stm32cubemx/CMakeFiles/STM32_Drivers.dir/__/__/Drivers/STM32F4xx_HAL_Driver/Src/stm32f4xx_hal_i2c.c.obj
 .text.I2C_WaitOnTXEFlagUntilTimeout
                0x08003394       0x90 cmake/stm32cubemx/CMakeFiles/STM32_Drivers.dir/__/__/Drivers/STM32F4xx_HAL_Driver/Src/stm32f4xx_hal_i2c.c.obj
 .text.I2C_WaitOnBTFFlagUntilTimeout
                0x08003424       0x90 cmake/stm32cubemx/CMakeFiles/STM32_Drivers.dir/__/__/Drivers/STM32F4xx_HAL_Driver/Src/stm32f4xx_hal_i2c.c.obj
 .text.I2C_IsAcknowledgeFailed
                0x080034b4       0x5e cmake/stm32cubemx/CMakeFiles/STM32_Drivers.dir/__/__/Drivers/STM32F4xx_HAL_Driver/Src/stm32f4xx_hal_i2c.c.obj
 .text.HAL_TIM_Base_Init
                0x08003512       0x9e cmake/stm32cubemx/CMakeFiles/STM32_Drivers.dir/__/__/Drivers/STM32F4xx_HAL_Driver/Src/stm32f4xx_hal_tim.c.obj
                0x08003512                HAL_TIM_Base_Init
 .text.HAL_TIM_Base_Start_IT
                0x080035b0       0xe0 cmake/stm32cubemx/CMakeFiles/STM32_Drivers.dir/__/__/Drivers/STM32F4xx_HAL_Driver/Src/stm32f4xx_hal_tim.c.obj
                0x080035b0                HAL_TIM_Base_Start_IT
 .text.HAL_TIM_IRQHandler
                0x08003690      0x1e0 cmake/stm32cubemx/CMakeFiles/STM32_Drivers.dir/__/__/Drivers/STM32F4xx_HAL_Driver/Src/stm32f4xx_hal_tim.c.obj
                0x08003690                HAL_TIM_IRQHandler
 .text.HAL_TIM_ConfigClockSource
                0x08003870      0x18e cmake/stm32cubemx/CMakeFiles/STM32_Drivers.dir/__/__/Drivers/STM32F4xx_HAL_Driver/Src/stm32f4xx_hal_tim.c.obj
                0x08003870                HAL_TIM_ConfigClockSource
 .text.HAL_TIM_OC_DelayElapsedCallback
                0x080039fe       0x14 cmake/stm32cubemx/CMakeFiles/STM32_Drivers.dir/__/__/Drivers/STM32F4xx_HAL_Driver/Src/stm32f4xx_hal_tim.c.obj
                0x080039fe                HAL_TIM_OC_DelayElapsedCallback
 .text.HAL_TIM_IC_CaptureCallback
                0x08003a12       0x14 cmake/stm32cubemx/CMakeFiles/STM32_Drivers.dir/__/__/Drivers/STM32F4xx_HAL_Driver/Src/stm32f4xx_hal_tim.c.obj
                0x08003a12                HAL_TIM_IC_CaptureCallback
 .text.HAL_TIM_PWM_PulseFinishedCallback
                0x08003a26       0x14 cmake/stm32cubemx/CMakeFiles/STM32_Drivers.dir/__/__/Drivers/STM32F4xx_HAL_Driver/Src/stm32f4xx_hal_tim.c.obj
                0x08003a26                HAL_TIM_PWM_PulseFinishedCallback
 .text.HAL_TIM_TriggerCallback
                0x08003a3a       0x14 cmake/stm32cubemx/CMakeFiles/STM32_Drivers.dir/__/__/Drivers/STM32F4xx_HAL_Driver/Src/stm32f4xx_hal_tim.c.obj
                0x08003a3a                HAL_TIM_TriggerCallback
 *fill*         0x08003a4e        0x2 
 .text.TIM_Base_SetConfig
                0x08003a50      0x14c cmake/stm32cubemx/CMakeFiles/STM32_Drivers.dir/__/__/Drivers/STM32F4xx_HAL_Driver/Src/stm32f4xx_hal_tim.c.obj
                0x08003a50                TIM_Base_SetConfig
 .text.TIM_TI1_ConfigInputStage
                0x08003b9c       0x5e cmake/stm32cubemx/CMakeFiles/STM32_Drivers.dir/__/__/Drivers/STM32F4xx_HAL_Driver/Src/stm32f4xx_hal_tim.c.obj
 .text.TIM_TI2_ConfigInputStage
                0x08003bfa       0x60 cmake/stm32cubemx/CMakeFiles/STM32_Drivers.dir/__/__/Drivers/STM32F4xx_HAL_Driver/Src/stm32f4xx_hal_tim.c.obj
 .text.TIM_ITRx_SetConfig
                0x08003c5a       0x36 cmake/stm32cubemx/CMakeFiles/STM32_Drivers.dir/__/__/Drivers/STM32F4xx_HAL_Driver/Src/stm32f4xx_hal_tim.c.obj
 .text.TIM_ETR_SetConfig
                0x08003c90       0x40 cmake/stm32cubemx/CMakeFiles/STM32_Drivers.dir/__/__/Drivers/STM32F4xx_HAL_Driver/Src/stm32f4xx_hal_tim.c.obj
                0x08003c90                TIM_ETR_SetConfig
 .text.HAL_TIMEx_MasterConfigSynchronization
                0x08003cd0       0xf8 cmake/stm32cubemx/CMakeFiles/STM32_Drivers.dir/__/__/Drivers/STM32F4xx_HAL_Driver/Src/stm32f4xx_hal_tim_ex.c.obj
                0x08003cd0                HAL_TIMEx_MasterConfigSynchronization
 .text.HAL_TIMEx_CommutCallback
                0x08003dc8       0x14 cmake/stm32cubemx/CMakeFiles/STM32_Drivers.dir/__/__/Drivers/STM32F4xx_HAL_Driver/Src/stm32f4xx_hal_tim_ex.c.obj
                0x08003dc8                HAL_TIMEx_CommutCallback
 .text.HAL_TIMEx_BreakCallback
                0x08003ddc       0x14 cmake/stm32cubemx/CMakeFiles/STM32_Drivers.dir/__/__/Drivers/STM32F4xx_HAL_Driver/Src/stm32f4xx_hal_tim_ex.c.obj
                0x08003ddc                HAL_TIMEx_BreakCallback
 .text.HAL_UART_Init
                0x08003df0       0xa0 cmake/stm32cubemx/CMakeFiles/STM32_Drivers.dir/__/__/Drivers/STM32F4xx_HAL_Driver/Src/stm32f4xx_hal_uart.c.obj
                0x08003df0                HAL_UART_Init
 .text.HAL_UART_Transmit
                0x08003e90      0x116 cmake/stm32cubemx/CMakeFiles/STM32_Drivers.dir/__/__/Drivers/STM32F4xx_HAL_Driver/Src/stm32f4xx_hal_uart.c.obj
                0x08003e90                HAL_UART_Transmit
 .text.HAL_UART_Receive_IT
                0x08003fa6       0x4a cmake/stm32cubemx/CMakeFiles/STM32_Drivers.dir/__/__/Drivers/STM32F4xx_HAL_Driver/Src/stm32f4xx_hal_uart.c.obj
                0x08003fa6                HAL_UART_Receive_IT
 .text.HAL_UART_IRQHandler
                0x08003ff0      0x554 cmake/stm32cubemx/CMakeFiles/STM32_Drivers.dir/__/__/Drivers/STM32F4xx_HAL_Driver/Src/stm32f4xx_hal_uart.c.obj
                0x08003ff0                HAL_UART_IRQHandler
 .text.HAL_UART_TxCpltCallback
                0x08004544       0x14 cmake/stm32cubemx/CMakeFiles/STM32_Drivers.dir/__/__/Drivers/STM32F4xx_HAL_Driver/Src/stm32f4xx_hal_uart.c.obj
                0x08004544                HAL_UART_TxCpltCallback
 .text.HAL_UART_ErrorCallback
                0x08004558       0x14 cmake/stm32cubemx/CMakeFiles/STM32_Drivers.dir/__/__/Drivers/STM32F4xx_HAL_Driver/Src/stm32f4xx_hal_uart.c.obj
                0x08004558                HAL_UART_ErrorCallback
 .text.HAL_UARTEx_RxEventCallback
                0x0800456c       0x18 cmake/stm32cubemx/CMakeFiles/STM32_Drivers.dir/__/__/Drivers/STM32F4xx_HAL_Driver/Src/stm32f4xx_hal_uart.c.obj
                0x0800456c                HAL_UARTEx_RxEventCallback
 .text.UART_WaitOnFlagUntilTimeout
                0x08004584       0xb2 cmake/stm32cubemx/CMakeFiles/STM32_Drivers.dir/__/__/Drivers/STM32F4xx_HAL_Driver/Src/stm32f4xx_hal_uart.c.obj
 .text.UART_Start_Receive_IT
                0x08004636       0x74 cmake/stm32cubemx/CMakeFiles/STM32_Drivers.dir/__/__/Drivers/STM32F4xx_HAL_Driver/Src/stm32f4xx_hal_uart.c.obj
                0x08004636                UART_Start_Receive_IT
 .text.UART_EndRxTransfer
                0x080046aa       0xc6 cmake/stm32cubemx/CMakeFiles/STM32_Drivers.dir/__/__/Drivers/STM32F4xx_HAL_Driver/Src/stm32f4xx_hal_uart.c.obj
 .text.UART_DMAAbortOnError
                0x08004770       0x22 cmake/stm32cubemx/CMakeFiles/STM32_Drivers.dir/__/__/Drivers/STM32F4xx_HAL_Driver/Src/stm32f4xx_hal_uart.c.obj
 .text.UART_Transmit_IT
                0x08004792       0xa0 cmake/stm32cubemx/CMakeFiles/STM32_Drivers.dir/__/__/Drivers/STM32F4xx_HAL_Driver/Src/stm32f4xx_hal_uart.c.obj
 .text.UART_EndTransmit_IT
                0x08004832       0x30 cmake/stm32cubemx/CMakeFiles/STM32_Drivers.dir/__/__/Drivers/STM32F4xx_HAL_Driver/Src/stm32f4xx_hal_uart.c.obj
 .text.UART_Receive_IT
                0x08004862      0x17c cmake/stm32cubemx/CMakeFiles/STM32_Drivers.dir/__/__/Drivers/STM32F4xx_HAL_Driver/Src/stm32f4xx_hal_uart.c.obj
 *fill*         0x080049de        0x2 
 .text.UART_SetConfig
                0x080049e0      0x4e8 cmake/stm32cubemx/CMakeFiles/STM32_Drivers.dir/__/__/Drivers/STM32F4xx_HAL_Driver/Src/stm32f4xx_hal_uart.c.obj
 .text.IMU406_Init
                0x08004ec8       0x20 CMakeFiles/2026_AICUP_STM32F407VET6.dir/Core/Src/IMU406.c.obj
                0x08004ec8                IMU406_Init
 .text.IMU406_Rx_ISR
                0x08004ee8       0x64 CMakeFiles/2026_AICUP_STM32F407VET6.dir/Core/Src/IMU406.c.obj
                0x08004ee8                IMU406_Rx_ISR
 .text.IMU406_ParseFrame
                0x08004f4c       0xd8 CMakeFiles/2026_AICUP_STM32F407VET6.dir/Core/Src/IMU406.c.obj
 .text.DecodeBytes
                0x08005024       0x94 CMakeFiles/2026_AICUP_STM32F407VET6.dir/Core/Src/IMU406.c.obj
 .text.CAN_Filter_Init
                0x080050b8       0x50 CMakeFiles/2026_AICUP_STM32F407VET6.dir/Core/Src/MecanumWheelPlatform.c.obj
                0x080050b8                CAN_Filter_Init
 .text.MecnaumuWheelPlatform_Init
                0x08005108       0xf8 CMakeFiles/2026_AICUP_STM32F407VET6.dir/Core/Src/MecanumWheelPlatform.c.obj
                0x08005108                MecnaumuWheelPlatform_Init
 .text.Chassis_PID_Update
                0x08005200       0x88 CMakeFiles/2026_AICUP_STM32F407VET6.dir/Core/Src/MecanumWheelPlatform.c.obj
 .text.Forward_Kinematics_IT
                0x08005288       0xe0 CMakeFiles/2026_AICUP_STM32F407VET6.dir/Core/Src/MecanumWheelPlatform.c.obj
                0x08005288                Forward_Kinematics_IT
 .text.Inverse_Kinematics_IT
                0x08005368      0x114 CMakeFiles/2026_AICUP_STM32F407VET6.dir/Core/Src/MecanumWheelPlatform.c.obj
                0x08005368                Inverse_Kinematics_IT
 .text.Wheels_PID_Update
                0x0800547c       0xd8 CMakeFiles/2026_AICUP_STM32F407VET6.dir/Core/Src/MecanumWheelPlatform.c.obj
 .text.CAN_CMD_Chassis
                0x08005554       0xbc CMakeFiles/2026_AICUP_STM32F407VET6.dir/Core/Src/MecanumWheelPlatform.c.obj
 .text.Get_Motor_Data
                0x08005610       0xa0 CMakeFiles/2026_AICUP_STM32F407VET6.dir/Core/Src/MecanumWheelPlatform.c.obj
 .text.HAL_CAN_RxFifo0MsgPendingCallback
                0x080056b0       0x64 CMakeFiles/2026_AICUP_STM32F407VET6.dir/Core/Src/MecanumWheelPlatform.c.obj
                0x080056b0                HAL_CAN_RxFifo0MsgPendingCallback
 .text.PID_Speed_Controller_Init
                0x08005714       0x6e CMakeFiles/2026_AICUP_STM32F407VET6.dir/Core/Src/PID_Speed_Controller.c.obj
                0x08005714                PID_Speed_Controller_Init
 .text.PID_Speed_Controller_Update
                0x08005782       0xfa CMakeFiles/2026_AICUP_STM32F407VET6.dir/Core/Src/PID_Speed_Controller.c.obj
                0x08005782                PID_Speed_Controller_Update
 .text.M3508_Init
                0x0800587c       0x70 CMakeFiles/2026_AICUP_STM32F407VET6.dir/Core/Src/M3508.c.obj
                0x0800587c                M3508_Init
 *fill*         0x080058ec        0x4 
 .text.Rpm_To_Linear_Velocity
                0x080058f0       0x84 CMakeFiles/2026_AICUP_STM32F407VET6.dir/Core/Src/M3508.c.obj
                0x080058f0                Rpm_To_Linear_Velocity
 .text.WriteCmd
                0x08005974       0x4c CMakeFiles/2026_AICUP_STM32F407VET6.dir/Core/Src/oled.c.obj
                0x08005974                WriteCmd
 .text.OLED_WR_CMD
                0x080059c0       0x30 CMakeFiles/2026_AICUP_STM32F407VET6.dir/Core/Src/oled.c.obj
                0x080059c0                OLED_WR_CMD
 .text.OLED_WR_DATA
                0x080059f0       0x30 CMakeFiles/2026_AICUP_STM32F407VET6.dir/Core/Src/oled.c.obj
                0x080059f0                OLED_WR_DATA
 .text.OLED_Init
                0x08005a20       0x1e CMakeFiles/2026_AICUP_STM32F407VET6.dir/Core/Src/oled.c.obj
                0x08005a20                OLED_Init
 .text.OLED_DisPlay_On
                0x08005a3e       0x1a CMakeFiles/2026_AICUP_STM32F407VET6.dir/Core/Src/oled.c.obj
                0x08005a3e                OLED_DisPlay_On
 .text.OLED_NewFrame
                0x08005a58       0x18 CMakeFiles/2026_AICUP_STM32F407VET6.dir/Core/Src/oled.c.obj
                0x08005a58                OLED_NewFrame
 .text.OLED_ShowFrame
                0x08005a70       0x68 CMakeFiles/2026_AICUP_STM32F407VET6.dir/Core/Src/oled.c.obj
                0x08005a70                OLED_ShowFrame
 .text.OLED_SetByte_Fine
                0x08005ad8       0xe8 CMakeFiles/2026_AICUP_STM32F407VET6.dir/Core/Src/oled.c.obj
 .text.OLED_SetBits
                0x08005bc0       0x82 CMakeFiles/2026_AICUP_STM32F407VET6.dir/Core/Src/oled.c.obj
 .text.OLED_SetBits_Fine
                0x08005c42       0xbe CMakeFiles/2026_AICUP_STM32F407VET6.dir/Core/Src/oled.c.obj
 .text.OLED_SetBlock
                0x08005d00       0xe2 CMakeFiles/2026_AICUP_STM32F407VET6.dir/Core/Src/oled.c.obj
 .text.OLED_DrawImage
                0x08005de2       0x3c CMakeFiles/2026_AICUP_STM32F407VET6.dir/Core/Src/oled.c.obj
                0x08005de2                OLED_DrawImage
 *fill*         0x08005e1e        0x2 
 .text.Bluetooth_Init
                0x08005e20       0x20 CMakeFiles/2026_AICUP_STM32F407VET6.dir/Core/Src/Bluetooth.c.obj
                0x08005e20                Bluetooth_Init
 .text.Bluetooth_Rx_ISR
                0x08005e40       0x64 CMakeFiles/2026_AICUP_STM32F407VET6.dir/Core/Src/Bluetooth.c.obj
                0x08005e40                Bluetooth_Rx_ISR
 .text.Bluetooth_ParseFrame
                0x08005ea4       0x40 CMakeFiles/2026_AICUP_STM32F407VET6.dir/Core/Src/Bluetooth.c.obj
 .text.ROS_Init
                0x08005ee4       0x3c CMakeFiles/2026_AICUP_STM32F407VET6.dir/Core/Src/ROS.c.obj
                0x08005ee4                ROS_Init
 .text.ROS_Receive_From_ROS_ISR
                0x08005f20       0x64 CMakeFiles/2026_AICUP_STM32F407VET6.dir/Core/Src/ROS.c.obj
                0x08005f20                ROS_Receive_From_ROS_ISR
 .text.ROS_Receive_ParseFrame
                0x08005f84       0x54 CMakeFiles/2026_AICUP_STM32F407VET6.dir/Core/Src/ROS.c.obj
 .text.ROS_Transit_To_ROS
                0x08005fd8       0x68 CMakeFiles/2026_AICUP_STM32F407VET6.dir/Core/Src/ROS.c.obj
                0x08005fd8                ROS_Transit_To_ROS
 .text.main     0x08006040       0x68 CMakeFiles/2026_AICUP_STM32F407VET6.dir/Core/Src/main.c.obj
                0x08006040                main
 .text.SystemClock_Config
                0x080060a8       0xd4 CMakeFiles/2026_AICUP_STM32F407VET6.dir/Core/Src/main.c.obj
                0x080060a8                SystemClock_Config
 .text.Human_Control
                0x0800617c       0xd4 CMakeFiles/2026_AICUP_STM32F407VET6.dir/Core/Src/main.c.obj
                0x0800617c                Human_Control
 .text.Error_Handler
                0x08006250        0xc CMakeFiles/2026_AICUP_STM32F407VET6.dir/Core/Src/main.c.obj
                0x08006250                Error_Handler
 .text.MX_GPIO_Init
                0x0800625c       0xe0 CMakeFiles/2026_AICUP_STM32F407VET6.dir/Core/Src/gpio.c.obj
                0x0800625c                MX_GPIO_Init
 .text.MX_CAN1_Init
                0x0800633c       0x6c CMakeFiles/2026_AICUP_STM32F407VET6.dir/Core/Src/can.c.obj
                0x0800633c                MX_CAN1_Init
 .text.HAL_CAN_MspInit
                0x080063a8       0xa0 CMakeFiles/2026_AICUP_STM32F407VET6.dir/Core/Src/can.c.obj
                0x080063a8                HAL_CAN_MspInit
 .text.MX_I2C1_Init
                0x08006448       0x5c CMakeFiles/2026_AICUP_STM32F407VET6.dir/Core/Src/i2c.c.obj
                0x08006448                MX_I2C1_Init
 .text.HAL_I2C_MspInit
                0x080064a4       0x90 CMakeFiles/2026_AICUP_STM32F407VET6.dir/Core/Src/i2c.c.obj
                0x080064a4                HAL_I2C_MspInit
 .text.MX_TIM2_Init
                0x08006534       0x9c CMakeFiles/2026_AICUP_STM32F407VET6.dir/Core/Src/tim.c.obj
                0x08006534                MX_TIM2_Init
 .text.HAL_TIM_Base_MspInit
                0x080065d0       0x4c CMakeFiles/2026_AICUP_STM32F407VET6.dir/Core/Src/tim.c.obj
                0x080065d0                HAL_TIM_Base_MspInit
 .text.MX_USART1_UART_Init
                0x0800661c       0x54 CMakeFiles/2026_AICUP_STM32F407VET6.dir/Core/Src/usart.c.obj
                0x0800661c                MX_USART1_UART_Init
 .text.MX_USART2_UART_Init
                0x08006670       0x54 CMakeFiles/2026_AICUP_STM32F407VET6.dir/Core/Src/usart.c.obj
                0x08006670                MX_USART2_UART_Init
 .text.MX_USART3_UART_Init
                0x080066c4       0x54 CMakeFiles/2026_AICUP_STM32F407VET6.dir/Core/Src/usart.c.obj
                0x080066c4                MX_USART3_UART_Init
 .text.HAL_UART_MspInit
                0x08006718      0x198 CMakeFiles/2026_AICUP_STM32F407VET6.dir/Core/Src/usart.c.obj
                0x08006718                HAL_UART_MspInit
 .text.NMI_Handler
                0x080068b0        0x8 CMakeFiles/2026_AICUP_STM32F407VET6.dir/Core/Src/stm32f4xx_it.c.obj
                0x080068b0                NMI_Handler
 .text.HardFault_Handler
                0x080068b8        0x8 CMakeFiles/2026_AICUP_STM32F407VET6.dir/Core/Src/stm32f4xx_it.c.obj
                0x080068b8                HardFault_Handler
 .text.MemManage_Handler
                0x080068c0        0x8 CMakeFiles/2026_AICUP_STM32F407VET6.dir/Core/Src/stm32f4xx_it.c.obj
                0x080068c0                MemManage_Handler
 .text.BusFault_Handler
                0x080068c8        0x8 CMakeFiles/2026_AICUP_STM32F407VET6.dir/Core/Src/stm32f4xx_it.c.obj
                0x080068c8                BusFault_Handler
 .text.UsageFault_Handler
                0x080068d0        0x8 CMakeFiles/2026_AICUP_STM32F407VET6.dir/Core/Src/stm32f4xx_it.c.obj
                0x080068d0                UsageFault_Handler
 .text.SVC_Handler
                0x080068d8        0xe CMakeFiles/2026_AICUP_STM32F407VET6.dir/Core/Src/stm32f4xx_it.c.obj
                0x080068d8                SVC_Handler
 .text.DebugMon_Handler
                0x080068e6        0xe CMakeFiles/2026_AICUP_STM32F407VET6.dir/Core/Src/stm32f4xx_it.c.obj
                0x080068e6                DebugMon_Handler
 .text.PendSV_Handler
                0x080068f4        0xe CMakeFiles/2026_AICUP_STM32F407VET6.dir/Core/Src/stm32f4xx_it.c.obj
                0x080068f4                PendSV_Handler
 *fill*         0x08006902        0x2 
 .text.SysTick_Handler
                0x08006904       0x50 CMakeFiles/2026_AICUP_STM32F407VET6.dir/Core/Src/stm32f4xx_it.c.obj
                0x08006904                SysTick_Handler
 .text.CAN1_RX0_IRQHandler
                0x08006954       0x14 CMakeFiles/2026_AICUP_STM32F407VET6.dir/Core/Src/stm32f4xx_it.c.obj
                0x08006954                CAN1_RX0_IRQHandler
 .text.TIM2_IRQHandler
                0x08006968       0x14 CMakeFiles/2026_AICUP_STM32F407VET6.dir/Core/Src/stm32f4xx_it.c.obj
                0x08006968                TIM2_IRQHandler
 .text.USART1_IRQHandler
                0x0800697c       0x14 CMakeFiles/2026_AICUP_STM32F407VET6.dir/Core/Src/stm32f4xx_it.c.obj
                0x0800697c                USART1_IRQHandler
 .text.USART2_IRQHandler
                0x08006990       0x14 CMakeFiles/2026_AICUP_STM32F407VET6.dir/Core/Src/stm32f4xx_it.c.obj
                0x08006990                USART2_IRQHandler
 .text.USART3_IRQHandler
                0x080069a4       0x14 CMakeFiles/2026_AICUP_STM32F407VET6.dir/Core/Src/stm32f4xx_it.c.obj
                0x080069a4                USART3_IRQHandler
 .text.HAL_UART_RxCpltCallback
                0x080069b8       0x4c CMakeFiles/2026_AICUP_STM32F407VET6.dir/Core/Src/stm32f4xx_it.c.obj
                0x080069b8                HAL_UART_RxCpltCallback
 .text.HAL_TIM_PeriodElapsedCallback
                0x08006a04       0x20 CMakeFiles/2026_AICUP_STM32F407VET6.dir/Core/Src/stm32f4xx_it.c.obj
                0x08006a04                HAL_TIM_PeriodElapsedCallback
 .text.HAL_MspInit
                0x08006a24       0x50 CMakeFiles/2026_AICUP_STM32F407VET6.dir/Core/Src/stm32f4xx_hal_msp.c.obj
                0x08006a24                HAL_MspInit
 .text.Reset_Handler
                0x08006a74       0x50 CMakeFiles/2026_AICUP_STM32F407VET6.dir/startup_stm32f407xx.s.obj
                0x08006a74                Reset_Handler
 .text.Default_Handler
                0x08006ac4        0x2 CMakeFiles/2026_AICUP_STM32F407VET6.dir/startup_stm32f407xx.s.obj
                0x08006ac4                RTC_Alarm_IRQHandler
                0x08006ac4                HASH_RNG_IRQHandler
                0x08006ac4                EXTI2_IRQHandler
                0x08006ac4                TIM8_CC_IRQHandler
                0x08006ac4                TIM1_CC_IRQHandler
                0x08006ac4                DMA2_Stream5_IRQHandler
                0x08006ac4                DMA1_Stream5_IRQHandler
                0x08006ac4                PVD_IRQHandler
                0x08006ac4                SDIO_IRQHandler
                0x08006ac4                TAMP_STAMP_IRQHandler
                0x08006ac4                CAN2_RX1_IRQHandler
                0x08006ac4                EXTI3_IRQHandler
                0x08006ac4                TIM8_TRG_COM_TIM14_IRQHandler
                0x08006ac4                TIM1_UP_TIM10_IRQHandler
                0x08006ac4                TIM8_UP_TIM13_IRQHandler
                0x08006ac4                I2C3_ER_IRQHandler
                0x08006ac4                EXTI0_IRQHandler
                0x08006ac4                I2C2_EV_IRQHandler
                0x08006ac4                DMA1_Stream2_IRQHandler
                0x08006ac4                FPU_IRQHandler
                0x08006ac4                OTG_HS_WKUP_IRQHandler
                0x08006ac4                CAN2_SCE_IRQHandler
                0x08006ac4                DMA2_Stream2_IRQHandler
                0x08006ac4                SPI1_IRQHandler
                0x08006ac4                TIM6_DAC_IRQHandler
                0x08006ac4                TIM1_BRK_TIM9_IRQHandler
                0x08006ac4                DCMI_IRQHandler
                0x08006ac4                CAN2_RX0_IRQHandler
                0x08006ac4                DMA2_Stream3_IRQHandler
                0x08006ac4                USART6_IRQHandler
                0x08006ac4                CAN1_RX1_IRQHandler
                0x08006ac4                UART5_IRQHandler
                0x08006ac4                DMA2_Stream0_IRQHandler
                0x08006ac4                TIM4_IRQHandler
                0x08006ac4                I2C1_EV_IRQHandler
                0x08006ac4                DMA1_Stream6_IRQHandler
                0x08006ac4                DMA1_Stream1_IRQHandler
                0x08006ac4                UART4_IRQHandler
                0x08006ac4                TIM3_IRQHandler
                0x08006ac4                RCC_IRQHandler
                0x08006ac4                TIM8_BRK_TIM12_IRQHandler
                0x08006ac4                Default_Handler
                0x08006ac4                EXTI15_10_IRQHandler
                0x08006ac4                ADC_IRQHandler
                0x08006ac4                DMA1_Stream7_IRQHandler
                0x08006ac4                TIM7_IRQHandler
                0x08006ac4                CAN2_TX_IRQHandler
                0x08006ac4                TIM5_IRQHandler
                0x08006ac4                DMA2_Stream7_IRQHandler
                0x08006ac4                I2C3_EV_IRQHandler
                0x08006ac4                EXTI9_5_IRQHandler
                0x08006ac4                RTC_WKUP_IRQHandler
                0x08006ac4                ETH_WKUP_IRQHandler
                0x08006ac4                SPI2_IRQHandler
                0x08006ac4                OTG_HS_EP1_IN_IRQHandler
                0x08006ac4                DMA1_Stream0_IRQHandler
                0x08006ac4                CAN1_TX_IRQHandler
                0x08006ac4                EXTI4_IRQHandler
                0x08006ac4                FSMC_IRQHandler
                0x08006ac4                ETH_IRQHandler
                0x08006ac4                OTG_HS_EP1_OUT_IRQHandler
                0x08006ac4                WWDG_IRQHandler
                0x08006ac4                OTG_FS_WKUP_IRQHandler
                0x08006ac4                TIM1_TRG_COM_TIM11_IRQHandler
                0x08006ac4                OTG_HS_IRQHandler
                0x08006ac4                EXTI1_IRQHandler
                0x08006ac4                I2C2_ER_IRQHandler
                0x08006ac4                DMA2_Stream1_IRQHandler
                0x08006ac4                CAN1_SCE_IRQHandler
                0x08006ac4                FLASH_IRQHandler
                0x08006ac4                DMA2_Stream4_IRQHandler
                0x08006ac4                OTG_FS_IRQHandler
                0x08006ac4                SPI3_IRQHandler
                0x08006ac4                DMA1_Stream4_IRQHandler
                0x08006ac4                I2C1_ER_IRQHandler
                0x08006ac4                DMA2_Stream6_IRQHandler
                0x08006ac4                DMA1_Stream3_IRQHandler
 *(.glue_7)
 .glue_7        0x08006ac6        0x0 linker stubs
 *(.glue_7t)
 .glue_7t       0x08006ac6        0x0 linker stubs
 *(.eh_frame)
 *fill*         0x08006ac6        0x2 
 .eh_frame      0x08006ac8        0x0 D:/RuanJianChengXu1/EmbededSystem/STM32CLT/STM32CubeCLT_1.18.0/GNU-tools-for-STM32/bin/../lib/gcc/arm-none-eabi/13.3.1/thumb/v7e-m+fp/hard/crtbegin.o
 *(.init)
 .init          0x08006ac8        0x4 D:/RuanJianChengXu1/EmbededSystem/STM32CLT/STM32CubeCLT_1.18.0/GNU-tools-for-STM32/bin/../lib/gcc/arm-none-eabi/13.3.1/thumb/v7e-m+fp/hard/crti.o
                0x08006ac8                _init
 .init          0x08006acc        0x8 D:/RuanJianChengXu1/EmbededSystem/STM32CLT/STM32CubeCLT_1.18.0/GNU-tools-for-STM32/bin/../lib/gcc/arm-none-eabi/13.3.1/thumb/v7e-m+fp/hard/crtn.o
 *(.fini)
 .fini          0x08006ad4        0x4 D:/RuanJianChengXu1/EmbededSystem/STM32CLT/STM32CubeCLT_1.18.0/GNU-tools-for-STM32/bin/../lib/gcc/arm-none-eabi/13.3.1/thumb/v7e-m+fp/hard/crti.o
                0x08006ad4                _fini
 .fini          0x08006ad8        0x8 D:/RuanJianChengXu1/EmbededSystem/STM32CLT/STM32CubeCLT_1.18.0/GNU-tools-for-STM32/bin/../lib/gcc/arm-none-eabi/13.3.1/thumb/v7e-m+fp/hard/crtn.o
                0x08006ae0                        . = ALIGN (0x4)
                0x08006ae0                        _etext = .

.vfp11_veneer   0x08006ae0        0x0
 .vfp11_veneer  0x08006ae0        0x0 linker stubs

.v4_bx          0x08006ae0        0x0
 .v4_bx         0x08006ae0        0x0 linker stubs

.iplt           0x08006ae0        0x0
 .iplt          0x08006ae0        0x0 D:/RuanJianChengXu1/EmbededSystem/STM32CLT/STM32CubeCLT_1.18.0/GNU-tools-for-STM32/bin/../lib/gcc/arm-none-eabi/13.3.1/thumb/v7e-m+fp/hard/crtbegin.o

.rodata         0x08006ae0      0x320
                0x08006ae0                        . = ALIGN (0x4)
 *(.rodata)
 *(.rodata*)
 .rodata.AHBPrescTable
                0x08006ae0       0x10 cmake/stm32cubemx/CMakeFiles/STM32_Drivers.dir/__/__/Core/Src/system_stm32f4xx.c.obj
                0x08006ae0                AHBPrescTable
 .rodata.APBPrescTable
                0x08006af0        0x8 cmake/stm32cubemx/CMakeFiles/STM32_Drivers.dir/__/__/Core/Src/system_stm32f4xx.c.obj
                0x08006af0                APBPrescTable
 .rodata.ScuData
                0x08006af8      0x300 CMakeFiles/2026_AICUP_STM32F407VET6.dir/Core/Src/font.c.obj
                0x08006af8                ScuData
 .rodata.ScuImg
                0x08006df8        0x8 CMakeFiles/2026_AICUP_STM32F407VET6.dir/Core/Src/font.c.obj
                0x08006df8                ScuImg
                0x08006e00                        . = ALIGN (0x4)

.ARM.extab      0x08006e00        0x0
                0x08006e00                        . = ALIGN (0x4)
 *(.ARM.extab* .gnu.linkonce.armextab.*)
                0x08006e00                        . = ALIGN (0x4)

.ARM            0x08006e00        0x8
                0x08006e00                        . = ALIGN (0x4)
                0x08006e00                        __exidx_start = .
 *(.ARM.exidx*)
 .ARM.exidx     0x08006e00        0x8 D:/RuanJianChengXu1/EmbededSystem/STM32CLT/STM32CubeCLT_1.18.0/GNU-tools-for-STM32/bin/../lib/gcc/arm-none-eabi/13.3.1/thumb/v7e-m+fp/hard\libgcc.a(_udivmoddi4.o)
                0x08006e08                        __exidx_end = .
                0x08006e08                        . = ALIGN (0x4)

.preinit_array  0x08006e08        0x0
                0x08006e08                        . = ALIGN (0x4)
                0x08006e08                        PROVIDE (__preinit_array_start = .)
 *(.preinit_array*)
                0x08006e08                        PROVIDE (__preinit_array_end = .)
                0x08006e08                        . = ALIGN (0x4)

.init_array     0x08006e08        0x4
                0x08006e08                        . = ALIGN (0x4)
                0x08006e08                        PROVIDE (__init_array_start = .)
 *(SORT_BY_NAME(.init_array.*))
 *(.init_array*)
 .init_array    0x08006e08        0x4 D:/RuanJianChengXu1/EmbededSystem/STM32CLT/STM32CubeCLT_1.18.0/GNU-tools-for-STM32/bin/../lib/gcc/arm-none-eabi/13.3.1/thumb/v7e-m+fp/hard/crtbegin.o
                0x08006e0c                        PROVIDE (__init_array_end = .)
                0x08006e0c                        . = ALIGN (0x4)

.fini_array     0x08006e0c        0x4
                0x08006e0c                        . = ALIGN (0x4)
                [!provide]                        PROVIDE (__fini_array_start = .)
 *(SORT_BY_NAME(.fini_array.*))
 *(.fini_array*)
 .fini_array    0x08006e0c        0x4 D:/RuanJianChengXu1/EmbededSystem/STM32CLT/STM32CubeCLT_1.18.0/GNU-tools-for-STM32/bin/../lib/gcc/arm-none-eabi/13.3.1/thumb/v7e-m+fp/hard/crtbegin.o
                [!provide]                        PROVIDE (__fini_array_end = .)
                0x08006e10                        . = ALIGN (0x4)
                0x08006e10                        _sidata = LOADADDR (.data)

.rel.dyn        0x08006e10        0x0
 .rel.iplt      0x08006e10        0x0 D:/RuanJianChengXu1/EmbededSystem/STM32CLT/STM32CubeCLT_1.18.0/GNU-tools-for-STM32/bin/../lib/gcc/arm-none-eabi/13.3.1/thumb/v7e-m+fp/hard/crtbegin.o

.data           0x20000000       0x3c load address 0x08006e10
                0x20000000                        . = ALIGN (0x4)
                0x20000000                        _sdata = .
 *(.data)
 *(.data*)
 .data.SystemCoreClock
                0x20000000        0x4 cmake/stm32cubemx/CMakeFiles/STM32_Drivers.dir/__/__/Core/Src/system_stm32f4xx.c.obj
                0x20000000                SystemCoreClock
 .data.uwTickPrio
                0x20000004        0x4 cmake/stm32cubemx/CMakeFiles/STM32_Drivers.dir/__/__/Drivers/STM32F4xx_HAL_Driver/Src/stm32f4xx_hal.c.obj
                0x20000004                uwTickPrio
 .data.uwTickFreq
                0x20000008        0x1 cmake/stm32cubemx/CMakeFiles/STM32_Drivers.dir/__/__/Drivers/STM32F4xx_HAL_Driver/Src/stm32f4xx_hal.c.obj
                0x20000008                uwTickFreq
 *fill*         0x20000009        0x1 
 .data.CHASSIS_CONTROL_ID
                0x2000000a        0x2 CMakeFiles/2026_AICUP_STM32F407VET6.dir/Core/Src/MecanumWheelPlatform.c.obj
 .data.H        0x2000000c        0x4 CMakeFiles/2026_AICUP_STM32F407VET6.dir/Core/Src/MecanumWheelPlatform.c.obj
                0x2000000c                H
 .data.W        0x20000010        0x4 CMakeFiles/2026_AICUP_STM32F407VET6.dir/Core/Src/MecanumWheelPlatform.c.obj
                0x20000010                W
 .data.motor_A_ID
                0x20000014        0x2 CMakeFiles/2026_AICUP_STM32F407VET6.dir/Core/Src/MecanumWheelPlatform.c.obj
                0x20000014                motor_A_ID
 .data.motor_B_ID
                0x20000016        0x2 CMakeFiles/2026_AICUP_STM32F407VET6.dir/Core/Src/MecanumWheelPlatform.c.obj
                0x20000016                motor_B_ID
 .data.motor_C_ID
                0x20000018        0x2 CMakeFiles/2026_AICUP_STM32F407VET6.dir/Core/Src/MecanumWheelPlatform.c.obj
                0x20000018                motor_C_ID
 .data.motor_D_ID
                0x2000001a        0x2 CMakeFiles/2026_AICUP_STM32F407VET6.dir/Core/Src/MecanumWheelPlatform.c.obj
                0x2000001a                motor_D_ID
 .data.WHEEL_D  0x2000001c        0x4 CMakeFiles/2026_AICUP_STM32F407VET6.dir/Core/Src/M3508.c.obj
                0x2000001c                WHEEL_D
 .data.CMD_Data
                0x20000020       0x1b CMakeFiles/2026_AICUP_STM32F407VET6.dir/Core/Src/oled.c.obj
                0x20000020                CMD_Data
 .data.forwardKinematicsIT.0
                0x2000003b        0x1 CMakeFiles/2026_AICUP_STM32F407VET6.dir/Core/Src/stm32f4xx_it.c.obj
 *(.RamFunc)
 *(.RamFunc*)
                0x2000003c                        . = ALIGN (0x4)
                0x2000003c                        _edata = .
                0x08006e4c                        _siccmram = LOADADDR (.ccmram)

.igot.plt       0x2000003c        0x0 load address 0x08006e4c
 .igot.plt      0x2000003c        0x0 D:/RuanJianChengXu1/EmbededSystem/STM32CLT/STM32CubeCLT_1.18.0/GNU-tools-for-STM32/bin/../lib/gcc/arm-none-eabi/13.3.1/thumb/v7e-m+fp/hard/crtbegin.o

.ccmram         0x10000000        0x0 load address 0x08006e4c
                0x10000000                        . = ALIGN (0x4)
                0x10000000                        _sccmram = .
 *(.ccmram)
 *(.ccmram*)
                0x10000000                        . = ALIGN (0x4)
                0x10000000                        _eccmram = .
                0x10000000                        . = ALIGN (0x4)

.bss            0x2000003c      0x828
                0x2000003c                        _sbss = .
                0x2000003c                        __bss_start__ = _sbss
 *(.bss)
 .bss           0x2000003c       0x1c D:/RuanJianChengXu1/EmbededSystem/STM32CLT/STM32CubeCLT_1.18.0/GNU-tools-for-STM32/bin/../lib/gcc/arm-none-eabi/13.3.1/thumb/v7e-m+fp/hard/crtbegin.o
 *(.bss*)
 .bss.uwTick    0x20000058        0x4 cmake/stm32cubemx/CMakeFiles/STM32_Drivers.dir/__/__/Drivers/STM32F4xx_HAL_Driver/Src/stm32f4xx_hal.c.obj
                0x20000058                uwTick
 .bss.g_rxByte  0x2000005c        0x1 CMakeFiles/2026_AICUP_STM32F407VET6.dir/Core/Src/IMU406.c.obj
 *fill*         0x2000005d        0x3 
 .bss.s_rxBuf   0x20000060       0x1d CMakeFiles/2026_AICUP_STM32F407VET6.dir/Core/Src/IMU406.c.obj
 .bss.s_rxIndex
                0x2000007d        0x1 CMakeFiles/2026_AICUP_STM32F407VET6.dir/Core/Src/IMU406.c.obj
 *fill*         0x2000007e        0x2 
 .bss.IMU406_ROLL
                0x20000080        0x4 CMakeFiles/2026_AICUP_STM32F407VET6.dir/Core/Src/IMU406.c.obj
                0x20000080                IMU406_ROLL
 .bss.IMU406_PITCH
                0x20000084        0x4 CMakeFiles/2026_AICUP_STM32F407VET6.dir/Core/Src/IMU406.c.obj
                0x20000084                IMU406_PITCH
 .bss.IMU406_YAW
                0x20000088        0x4 CMakeFiles/2026_AICUP_STM32F407VET6.dir/Core/Src/IMU406.c.obj
                0x20000088                IMU406_YAW
 .bss.IMU406_ACC_X
                0x2000008c        0x4 CMakeFiles/2026_AICUP_STM32F407VET6.dir/Core/Src/IMU406.c.obj
                0x2000008c                IMU406_ACC_X
 .bss.IMU406_ACC_Y
                0x20000090        0x4 CMakeFiles/2026_AICUP_STM32F407VET6.dir/Core/Src/IMU406.c.obj
                0x20000090                IMU406_ACC_Y
 .bss.IMU406_ACC_Z
                0x20000094        0x4 CMakeFiles/2026_AICUP_STM32F407VET6.dir/Core/Src/IMU406.c.obj
                0x20000094                IMU406_ACC_Z
 .bss.IMU406_GYRO_X
                0x20000098        0x4 CMakeFiles/2026_AICUP_STM32F407VET6.dir/Core/Src/IMU406.c.obj
                0x20000098                IMU406_GYRO_X
 .bss.IMU406_GYRO_Y
                0x2000009c        0x4 CMakeFiles/2026_AICUP_STM32F407VET6.dir/Core/Src/IMU406.c.obj
                0x2000009c                IMU406_GYRO_Y
 .bss.IMU406_GYRO_Z
                0x200000a0        0x4 CMakeFiles/2026_AICUP_STM32F407VET6.dir/Core/Src/IMU406.c.obj
                0x200000a0                IMU406_GYRO_Z
 .bss.chassis_tx_message
                0x200000a4       0x18 CMakeFiles/2026_AICUP_STM32F407VET6.dir/Core/Src/MecanumWheelPlatform.c.obj
 .bss.chassis_can_send_data
                0x200000bc        0x8 CMakeFiles/2026_AICUP_STM32F407VET6.dir/Core/Src/MecanumWheelPlatform.c.obj
 .bss.chassis_ctrl
                0x200000c4       0x84 CMakeFiles/2026_AICUP_STM32F407VET6.dir/Core/Src/MecanumWheelPlatform.c.obj
                0x200000c4                chassis_ctrl
 .bss.last_angular
                0x20000148        0xc CMakeFiles/2026_AICUP_STM32F407VET6.dir/Core/Src/MecanumWheelPlatform.c.obj
                0x20000148                last_angular
 .bss.ifBeginAngularCal
                0x20000154        0x1 CMakeFiles/2026_AICUP_STM32F407VET6.dir/Core/Src/MecanumWheelPlatform.c.obj
                0x20000154                ifBeginAngularCal
 *fill*         0x20000155        0x3 
 .bss.motor     0x20000158      0x110 CMakeFiles/2026_AICUP_STM32F407VET6.dir/Core/Src/MecanumWheelPlatform.c.obj
                0x20000158                motor
 .bss.OLED_GRAM
                0x20000268      0x400 CMakeFiles/2026_AICUP_STM32F407VET6.dir/Core/Src/oled.c.obj
                0x20000268                OLED_GRAM
 .bss.bluetooth_rxByte
                0x20000668        0x1 CMakeFiles/2026_AICUP_STM32F407VET6.dir/Core/Src/Bluetooth.c.obj
 *fill*         0x20000669        0x3 
 .bss.bluetooth_rxBuf
                0x2000066c        0x4 CMakeFiles/2026_AICUP_STM32F407VET6.dir/Core/Src/Bluetooth.c.obj
 .bss.bluetooth_rxIndex
                0x20000670        0x1 CMakeFiles/2026_AICUP_STM32F407VET6.dir/Core/Src/Bluetooth.c.obj
 .bss.JOYSTICK_FB
                0x20000671        0x1 CMakeFiles/2026_AICUP_STM32F407VET6.dir/Core/Src/Bluetooth.c.obj
                0x20000671                JOYSTICK_FB
 .bss.JOYSTICK_LR
                0x20000672        0x1 CMakeFiles/2026_AICUP_STM32F407VET6.dir/Core/Src/Bluetooth.c.obj
                0x20000672                JOYSTICK_LR
 .bss.JOYSTICK_Z
                0x20000673        0x1 CMakeFiles/2026_AICUP_STM32F407VET6.dir/Core/Src/Bluetooth.c.obj
                0x20000673                JOYSTICK_Z
 .bss.ros_rxByte
                0x20000674        0x1 CMakeFiles/2026_AICUP_STM32F407VET6.dir/Core/Src/ROS.c.obj
 *fill*         0x20000675        0x3 
 .bss.ros_rxBuf
                0x20000678       0x19 CMakeFiles/2026_AICUP_STM32F407VET6.dir/Core/Src/ROS.c.obj
 .bss.ros_rxIndex
                0x20000691        0x1 CMakeFiles/2026_AICUP_STM32F407VET6.dir/Core/Src/ROS.c.obj
 *fill*         0x20000692        0x2 
 .bss.f_ROS     0x20000694       0x18 CMakeFiles/2026_AICUP_STM32F407VET6.dir/Core/Src/ROS.c.obj
                0x20000694                f_ROS
 .bss.t_ROS     0x200006ac       0x18 CMakeFiles/2026_AICUP_STM32F407VET6.dir/Core/Src/ROS.c.obj
                0x200006ac                t_ROS
 .bss.hcan1     0x200006c4       0x28 CMakeFiles/2026_AICUP_STM32F407VET6.dir/Core/Src/can.c.obj
                0x200006c4                hcan1
 .bss.hi2c1     0x200006ec       0x54 CMakeFiles/2026_AICUP_STM32F407VET6.dir/Core/Src/i2c.c.obj
                0x200006ec                hi2c1
 .bss.htim2     0x20000740       0x48 CMakeFiles/2026_AICUP_STM32F407VET6.dir/Core/Src/tim.c.obj
                0x20000740                htim2
 .bss.huart1    0x20000788       0x48 CMakeFiles/2026_AICUP_STM32F407VET6.dir/Core/Src/usart.c.obj
                0x20000788                huart1
 .bss.huart2    0x200007d0       0x48 CMakeFiles/2026_AICUP_STM32F407VET6.dir/Core/Src/usart.c.obj
                0x200007d0                huart2
 .bss.huart3    0x20000818       0x48 CMakeFiles/2026_AICUP_STM32F407VET6.dir/Core/Src/usart.c.obj
                0x20000818                huart3
 .bss.inverseKinematicsIT.1
                0x20000860        0x1 CMakeFiles/2026_AICUP_STM32F407VET6.dir/Core/Src/stm32f4xx_it.c.obj
 *(COMMON)
                0x20000864                        . = ALIGN (0x4)
 *fill*         0x20000861        0x3 
                0x20000864                        _ebss = .
                0x20000864                        __bss_end__ = _ebss

._user_heap_stack
                0x20000864      0x604
                0x20000868                        . = ALIGN (0x8)
 *fill*         0x20000864        0x4 
                [!provide]                        PROVIDE (end = .)
                0x20000868                        PROVIDE (_end = .)
                0x20000a68                        . = (. + _Min_Heap_Size)
 *fill*         0x20000868      0x200 
                0x20000e68                        . = (. + _Min_Stack_Size)
 *fill*         0x20000a68      0x400 
                0x20000e68                        . = ALIGN (0x8)

/DISCARD/
 libc.a(*)
 libm.a(*)
 libgcc.a(*)
OUTPUT(2026_AICUP_STM32F407VET6.elf elf32-littlearm)
LOAD linker stubs
LOAD D:/RuanJianChengXu1/EmbededSystem/STM32CLT/STM32CubeCLT_1.18.0/GNU-tools-for-STM32/bin/../lib/gcc/arm-none-eabi/13.3.1/../../../../arm-none-eabi/lib/thumb/v7e-m+fp/hard\libc.a
LOAD D:/RuanJianChengXu1/EmbededSystem/STM32CLT/STM32CubeCLT_1.18.0/GNU-tools-for-STM32/bin/../lib/gcc/arm-none-eabi/13.3.1/../../../../arm-none-eabi/lib/thumb/v7e-m+fp/hard\libm.a
LOAD D:/RuanJianChengXu1/EmbededSystem/STM32CLT/STM32CubeCLT_1.18.0/GNU-tools-for-STM32/bin/../lib/gcc/arm-none-eabi/13.3.1/thumb/v7e-m+fp/hard\libgcc.a

.ARM.attributes
                0x00000000       0x30
 .ARM.attributes
                0x00000000       0x22 D:/RuanJianChengXu1/EmbededSystem/STM32CLT/STM32CubeCLT_1.18.0/GNU-tools-for-STM32/bin/../lib/gcc/arm-none-eabi/13.3.1/thumb/v7e-m+fp/hard/crti.o
 .ARM.attributes
                0x00000022       0x34 D:/RuanJianChengXu1/EmbededSystem/STM32CLT/STM32CubeCLT_1.18.0/GNU-tools-for-STM32/bin/../lib/gcc/arm-none-eabi/13.3.1/thumb/v7e-m+fp/hard/crtbegin.o
 .ARM.attributes
                0x00000056       0x34 D:/RuanJianChengXu1/EmbededSystem/STM32CLT/STM32CubeCLT_1.18.0/GNU-tools-for-STM32/bin/../lib/gcc/arm-none-eabi/13.3.1/../../../../arm-none-eabi/lib/thumb/v7e-m+fp/hard\libc_nano.a(libc_a-memset.o)
 .ARM.attributes
                0x0000008a       0x34 D:/RuanJianChengXu1/EmbededSystem/STM32CLT/STM32CubeCLT_1.18.0/GNU-tools-for-STM32/bin/../lib/gcc/arm-none-eabi/13.3.1/../../../../arm-none-eabi/lib/thumb/v7e-m+fp/hard\libc_nano.a(libc_a-init.o)
 .ARM.attributes
                0x000000be       0x34 cmake/stm32cubemx/CMakeFiles/STM32_Drivers.dir/__/__/Core/Src/system_stm32f4xx.c.obj
 .ARM.attributes
                0x000000f2       0x34 cmake/stm32cubemx/CMakeFiles/STM32_Drivers.dir/__/__/Drivers/STM32F4xx_HAL_Driver/Src/stm32f4xx_hal_can.c.obj
 .ARM.attributes
                0x00000126       0x34 cmake/stm32cubemx/CMakeFiles/STM32_Drivers.dir/__/__/Drivers/STM32F4xx_HAL_Driver/Src/stm32f4xx_hal_rcc.c.obj
 .ARM.attributes
                0x0000015a       0x34 cmake/stm32cubemx/CMakeFiles/STM32_Drivers.dir/__/__/Drivers/STM32F4xx_HAL_Driver/Src/stm32f4xx_hal_gpio.c.obj
 .ARM.attributes
                0x0000018e       0x34 cmake/stm32cubemx/CMakeFiles/STM32_Drivers.dir/__/__/Drivers/STM32F4xx_HAL_Driver/Src/stm32f4xx_hal_dma.c.obj
 .ARM.attributes
                0x000001c2       0x34 cmake/stm32cubemx/CMakeFiles/STM32_Drivers.dir/__/__/Drivers/STM32F4xx_HAL_Driver/Src/stm32f4xx_hal_cortex.c.obj
 .ARM.attributes
                0x000001f6       0x34 cmake/stm32cubemx/CMakeFiles/STM32_Drivers.dir/__/__/Drivers/STM32F4xx_HAL_Driver/Src/stm32f4xx_hal.c.obj
 .ARM.attributes
                0x0000022a       0x34 cmake/stm32cubemx/CMakeFiles/STM32_Drivers.dir/__/__/Drivers/STM32F4xx_HAL_Driver/Src/stm32f4xx_hal_i2c.c.obj
 .ARM.attributes
                0x0000025e       0x34 cmake/stm32cubemx/CMakeFiles/STM32_Drivers.dir/__/__/Drivers/STM32F4xx_HAL_Driver/Src/stm32f4xx_hal_tim.c.obj
 .ARM.attributes
                0x00000292       0x34 cmake/stm32cubemx/CMakeFiles/STM32_Drivers.dir/__/__/Drivers/STM32F4xx_HAL_Driver/Src/stm32f4xx_hal_tim_ex.c.obj
 .ARM.attributes
                0x000002c6       0x34 cmake/stm32cubemx/CMakeFiles/STM32_Drivers.dir/__/__/Drivers/STM32F4xx_HAL_Driver/Src/stm32f4xx_hal_uart.c.obj
 .ARM.attributes
                0x000002fa       0x34 CMakeFiles/2026_AICUP_STM32F407VET6.dir/Core/Src/IMU406.c.obj
 .ARM.attributes
                0x0000032e       0x34 CMakeFiles/2026_AICUP_STM32F407VET6.dir/Core/Src/MecanumWheelPlatform.c.obj
 .ARM.attributes
                0x00000362       0x34 CMakeFiles/2026_AICUP_STM32F407VET6.dir/Core/Src/PID_Speed_Controller.c.obj
 .ARM.attributes
                0x00000396       0x34 CMakeFiles/2026_AICUP_STM32F407VET6.dir/Core/Src/M3508.c.obj
 .ARM.attributes
                0x000003ca       0x34 CMakeFiles/2026_AICUP_STM32F407VET6.dir/Core/Src/oled.c.obj
 .ARM.attributes
                0x000003fe       0x34 CMakeFiles/2026_AICUP_STM32F407VET6.dir/Core/Src/font.c.obj
 .ARM.attributes
                0x00000432       0x34 CMakeFiles/2026_AICUP_STM32F407VET6.dir/Core/Src/Bluetooth.c.obj
 .ARM.attributes
                0x00000466       0x34 CMakeFiles/2026_AICUP_STM32F407VET6.dir/Core/Src/ROS.c.obj
 .ARM.attributes
                0x0000049a       0x34 CMakeFiles/2026_AICUP_STM32F407VET6.dir/Core/Src/main.c.obj
 .ARM.attributes
                0x000004ce       0x34 CMakeFiles/2026_AICUP_STM32F407VET6.dir/Core/Src/gpio.c.obj
 .ARM.attributes
                0x00000502       0x34 CMakeFiles/2026_AICUP_STM32F407VET6.dir/Core/Src/can.c.obj
 .ARM.attributes
                0x00000536       0x34 CMakeFiles/2026_AICUP_STM32F407VET6.dir/Core/Src/i2c.c.obj
 .ARM.attributes
                0x0000056a       0x34 CMakeFiles/2026_AICUP_STM32F407VET6.dir/Core/Src/tim.c.obj
 .ARM.attributes
                0x0000059e       0x34 CMakeFiles/2026_AICUP_STM32F407VET6.dir/Core/Src/usart.c.obj
 .ARM.attributes
                0x000005d2       0x34 CMakeFiles/2026_AICUP_STM32F407VET6.dir/Core/Src/stm32f4xx_it.c.obj
 .ARM.attributes
                0x00000606       0x34 CMakeFiles/2026_AICUP_STM32F407VET6.dir/Core/Src/stm32f4xx_hal_msp.c.obj
 .ARM.attributes
                0x0000063a       0x21 CMakeFiles/2026_AICUP_STM32F407VET6.dir/startup_stm32f407xx.s.obj
 .ARM.attributes
                0x0000065b       0x22 D:/RuanJianChengXu1/EmbededSystem/STM32CLT/STM32CubeCLT_1.18.0/GNU-tools-for-STM32/bin/../lib/gcc/arm-none-eabi/13.3.1/thumb/v7e-m+fp/hard\libgcc.a(_arm_addsubdf3.o)
 .ARM.attributes
                0x0000067d       0x22 D:/RuanJianChengXu1/EmbededSystem/STM32CLT/STM32CubeCLT_1.18.0/GNU-tools-for-STM32/bin/../lib/gcc/arm-none-eabi/13.3.1/thumb/v7e-m+fp/hard\libgcc.a(_arm_muldivdf3.o)
 .ARM.attributes
                0x0000069f       0x22 D:/RuanJianChengXu1/EmbededSystem/STM32CLT/STM32CubeCLT_1.18.0/GNU-tools-for-STM32/bin/../lib/gcc/arm-none-eabi/13.3.1/thumb/v7e-m+fp/hard\libgcc.a(_arm_truncdfsf2.o)
 .ARM.attributes
                0x000006c1       0x22 D:/RuanJianChengXu1/EmbededSystem/STM32CLT/STM32CubeCLT_1.18.0/GNU-tools-for-STM32/bin/../lib/gcc/arm-none-eabi/13.3.1/thumb/v7e-m+fp/hard\libgcc.a(_aeabi_uldivmod.o)
 .ARM.attributes
                0x000006e3       0x34 D:/RuanJianChengXu1/EmbededSystem/STM32CLT/STM32CubeCLT_1.18.0/GNU-tools-for-STM32/bin/../lib/gcc/arm-none-eabi/13.3.1/thumb/v7e-m+fp/hard\libgcc.a(_udivmoddi4.o)
 .ARM.attributes
                0x00000717       0x22 D:/RuanJianChengXu1/EmbededSystem/STM32CLT/STM32CubeCLT_1.18.0/GNU-tools-for-STM32/bin/../lib/gcc/arm-none-eabi/13.3.1/thumb/v7e-m+fp/hard\libgcc.a(_dvmd_tls.o)
 .ARM.attributes
                0x00000739       0x22 D:/RuanJianChengXu1/EmbededSystem/STM32CLT/STM32CubeCLT_1.18.0/GNU-tools-for-STM32/bin/../lib/gcc/arm-none-eabi/13.3.1/thumb/v7e-m+fp/hard/crtn.o

.comment        0x00000000       0x43
 .comment       0x00000000       0x43 cmake/stm32cubemx/CMakeFiles/STM32_Drivers.dir/__/__/Core/Src/system_stm32f4xx.c.obj
                                 0x44 (size before relaxing)
 .comment       0x00000043       0x44 cmake/stm32cubemx/CMakeFiles/STM32_Drivers.dir/__/__/Drivers/STM32F4xx_HAL_Driver/Src/stm32f4xx_hal_can.c.obj
 .comment       0x00000043       0x44 cmake/stm32cubemx/CMakeFiles/STM32_Drivers.dir/__/__/Drivers/STM32F4xx_HAL_Driver/Src/stm32f4xx_hal_rcc.c.obj
 .comment       0x00000043       0x44 cmake/stm32cubemx/CMakeFiles/STM32_Drivers.dir/__/__/Drivers/STM32F4xx_HAL_Driver/Src/stm32f4xx_hal_gpio.c.obj
 .comment       0x00000043       0x44 cmake/stm32cubemx/CMakeFiles/STM32_Drivers.dir/__/__/Drivers/STM32F4xx_HAL_Driver/Src/stm32f4xx_hal_dma.c.obj
 .comment       0x00000043       0x44 cmake/stm32cubemx/CMakeFiles/STM32_Drivers.dir/__/__/Drivers/STM32F4xx_HAL_Driver/Src/stm32f4xx_hal_cortex.c.obj
 .comment       0x00000043       0x44 cmake/stm32cubemx/CMakeFiles/STM32_Drivers.dir/__/__/Drivers/STM32F4xx_HAL_Driver/Src/stm32f4xx_hal.c.obj
 .comment       0x00000043       0x44 cmake/stm32cubemx/CMakeFiles/STM32_Drivers.dir/__/__/Drivers/STM32F4xx_HAL_Driver/Src/stm32f4xx_hal_i2c.c.obj
 .comment       0x00000043       0x44 cmake/stm32cubemx/CMakeFiles/STM32_Drivers.dir/__/__/Drivers/STM32F4xx_HAL_Driver/Src/stm32f4xx_hal_tim.c.obj
 .comment       0x00000043       0x44 cmake/stm32cubemx/CMakeFiles/STM32_Drivers.dir/__/__/Drivers/STM32F4xx_HAL_Driver/Src/stm32f4xx_hal_tim_ex.c.obj
 .comment       0x00000043       0x44 cmake/stm32cubemx/CMakeFiles/STM32_Drivers.dir/__/__/Drivers/STM32F4xx_HAL_Driver/Src/stm32f4xx_hal_uart.c.obj
 .comment       0x00000043       0x44 CMakeFiles/2026_AICUP_STM32F407VET6.dir/Core/Src/IMU406.c.obj
 .comment       0x00000043       0x44 CMakeFiles/2026_AICUP_STM32F407VET6.dir/Core/Src/MecanumWheelPlatform.c.obj
 .comment       0x00000043       0x44 CMakeFiles/2026_AICUP_STM32F407VET6.dir/Core/Src/PID_Speed_Controller.c.obj
 .comment       0x00000043       0x44 CMakeFiles/2026_AICUP_STM32F407VET6.dir/Core/Src/M3508.c.obj
 .comment       0x00000043       0x44 CMakeFiles/2026_AICUP_STM32F407VET6.dir/Core/Src/oled.c.obj
 .comment       0x00000043       0x44 CMakeFiles/2026_AICUP_STM32F407VET6.dir/Core/Src/font.c.obj
 .comment       0x00000043       0x44 CMakeFiles/2026_AICUP_STM32F407VET6.dir/Core/Src/Bluetooth.c.obj
 .comment       0x00000043       0x44 CMakeFiles/2026_AICUP_STM32F407VET6.dir/Core/Src/ROS.c.obj
 .comment       0x00000043       0x44 CMakeFiles/2026_AICUP_STM32F407VET6.dir/Core/Src/main.c.obj
 .comment       0x00000043       0x44 CMakeFiles/2026_AICUP_STM32F407VET6.dir/Core/Src/gpio.c.obj
 .comment       0x00000043       0x44 CMakeFiles/2026_AICUP_STM32F407VET6.dir/Core/Src/can.c.obj
 .comment       0x00000043       0x44 CMakeFiles/2026_AICUP_STM32F407VET6.dir/Core/Src/i2c.c.obj
 .comment       0x00000043       0x44 CMakeFiles/2026_AICUP_STM32F407VET6.dir/Core/Src/tim.c.obj
 .comment       0x00000043       0x44 CMakeFiles/2026_AICUP_STM32F407VET6.dir/Core/Src/usart.c.obj
 .comment       0x00000043       0x44 CMakeFiles/2026_AICUP_STM32F407VET6.dir/Core/Src/stm32f4xx_it.c.obj
 .comment       0x00000043       0x44 CMakeFiles/2026_AICUP_STM32F407VET6.dir/Core/Src/stm32f4xx_hal_msp.c.obj

.debug_frame    0x00000000     0x51e8
 .debug_frame   0x00000000       0x20 D:/RuanJianChengXu1/EmbededSystem/STM32CLT/STM32CubeCLT_1.18.0/GNU-tools-for-STM32/bin/../lib/gcc/arm-none-eabi/13.3.1/../../../../arm-none-eabi/lib/thumb/v7e-m+fp/hard\libc_nano.a(libc_a-memset.o)
 .debug_frame   0x00000020       0x2c D:/RuanJianChengXu1/EmbededSystem/STM32CLT/STM32CubeCLT_1.18.0/GNU-tools-for-STM32/bin/../lib/gcc/arm-none-eabi/13.3.1/../../../../arm-none-eabi/lib/thumb/v7e-m+fp/hard\libc_nano.a(libc_a-init.o)
 .debug_frame   0x0000004c       0x58 cmake/stm32cubemx/CMakeFiles/STM32_Drivers.dir/__/__/Core/Src/system_stm32f4xx.c.obj
 .debug_frame   0x000000a4      0x5a0 cmake/stm32cubemx/CMakeFiles/STM32_Drivers.dir/__/__/Drivers/STM32F4xx_HAL_Driver/Src/stm32f4xx_hal_can.c.obj
 .debug_frame   0x00000644      0x1f4 cmake/stm32cubemx/CMakeFiles/STM32_Drivers.dir/__/__/Drivers/STM32F4xx_HAL_Driver/Src/stm32f4xx_hal_rcc.c.obj
 .debug_frame   0x00000838      0x14c cmake/stm32cubemx/CMakeFiles/STM32_Drivers.dir/__/__/Drivers/STM32F4xx_HAL_Driver/Src/stm32f4xx_hal_gpio.c.obj
 .debug_frame   0x00000984      0x250 cmake/stm32cubemx/CMakeFiles/STM32_Drivers.dir/__/__/Drivers/STM32F4xx_HAL_Driver/Src/stm32f4xx_hal_dma.c.obj
 .debug_frame   0x00000bd4      0x508 cmake/stm32cubemx/CMakeFiles/STM32_Drivers.dir/__/__/Drivers/STM32F4xx_HAL_Driver/Src/stm32f4xx_hal_cortex.c.obj
 .debug_frame   0x000010dc      0x374 cmake/stm32cubemx/CMakeFiles/STM32_Drivers.dir/__/__/Drivers/STM32F4xx_HAL_Driver/Src/stm32f4xx_hal.c.obj
 .debug_frame   0x00001450      0xc84 cmake/stm32cubemx/CMakeFiles/STM32_Drivers.dir/__/__/Drivers/STM32F4xx_HAL_Driver/Src/stm32f4xx_hal_i2c.c.obj
 .debug_frame   0x000020d4     0x11c0 cmake/stm32cubemx/CMakeFiles/STM32_Drivers.dir/__/__/Drivers/STM32F4xx_HAL_Driver/Src/stm32f4xx_hal_tim.c.obj
 .debug_frame   0x00003294      0x638 cmake/stm32cubemx/CMakeFiles/STM32_Drivers.dir/__/__/Drivers/STM32F4xx_HAL_Driver/Src/stm32f4xx_hal_tim_ex.c.obj
 .debug_frame   0x000038cc      0x954 cmake/stm32cubemx/CMakeFiles/STM32_Drivers.dir/__/__/Drivers/STM32F4xx_HAL_Driver/Src/stm32f4xx_hal_uart.c.obj
 .debug_frame   0x00004220      0x1b4 CMakeFiles/2026_AICUP_STM32F407VET6.dir/Core/Src/IMU406.c.obj
 .debug_frame   0x000043d4      0x154 CMakeFiles/2026_AICUP_STM32F407VET6.dir/Core/Src/MecanumWheelPlatform.c.obj
 .debug_frame   0x00004528       0x60 CMakeFiles/2026_AICUP_STM32F407VET6.dir/Core/Src/PID_Speed_Controller.c.obj
 .debug_frame   0x00004588       0x5c CMakeFiles/2026_AICUP_STM32F407VET6.dir/Core/Src/M3508.c.obj
 .debug_frame   0x000045e4      0x460 CMakeFiles/2026_AICUP_STM32F407VET6.dir/Core/Src/oled.c.obj
 .debug_frame   0x00004a44       0x70 CMakeFiles/2026_AICUP_STM32F407VET6.dir/Core/Src/Bluetooth.c.obj
 .debug_frame   0x00004ab4       0x94 CMakeFiles/2026_AICUP_STM32F407VET6.dir/Core/Src/ROS.c.obj
 .debug_frame   0x00004b48       0xcc CMakeFiles/2026_AICUP_STM32F407VET6.dir/Core/Src/main.c.obj
 .debug_frame   0x00004c14       0x34 CMakeFiles/2026_AICUP_STM32F407VET6.dir/Core/Src/gpio.c.obj
 .debug_frame   0x00004c48       0x74 CMakeFiles/2026_AICUP_STM32F407VET6.dir/Core/Src/can.c.obj
 .debug_frame   0x00004cbc       0x74 CMakeFiles/2026_AICUP_STM32F407VET6.dir/Core/Src/i2c.c.obj
 .debug_frame   0x00004d30       0x7c CMakeFiles/2026_AICUP_STM32F407VET6.dir/Core/Src/tim.c.obj
 .debug_frame   0x00004dac       0xac CMakeFiles/2026_AICUP_STM32F407VET6.dir/Core/Src/usart.c.obj
 .debug_frame   0x00004e58      0x1d8 CMakeFiles/2026_AICUP_STM32F407VET6.dir/Core/Src/stm32f4xx_it.c.obj
 .debug_frame   0x00005030       0x38 CMakeFiles/2026_AICUP_STM32F407VET6.dir/Core/Src/stm32f4xx_hal_msp.c.obj
 .debug_frame   0x00005068       0xac D:/RuanJianChengXu1/EmbededSystem/STM32CLT/STM32CubeCLT_1.18.0/GNU-tools-for-STM32/bin/../lib/gcc/arm-none-eabi/13.3.1/thumb/v7e-m+fp/hard\libgcc.a(_arm_addsubdf3.o)
 .debug_frame   0x00005114       0x50 D:/RuanJianChengXu1/EmbededSystem/STM32CLT/STM32CubeCLT_1.18.0/GNU-tools-for-STM32/bin/../lib/gcc/arm-none-eabi/13.3.1/thumb/v7e-m+fp/hard\libgcc.a(_arm_muldivdf3.o)
 .debug_frame   0x00005164       0x24 D:/RuanJianChengXu1/EmbededSystem/STM32CLT/STM32CubeCLT_1.18.0/GNU-tools-for-STM32/bin/../lib/gcc/arm-none-eabi/13.3.1/thumb/v7e-m+fp/hard\libgcc.a(_arm_truncdfsf2.o)
 .debug_frame   0x00005188       0x2c D:/RuanJianChengXu1/EmbededSystem/STM32CLT/STM32CubeCLT_1.18.0/GNU-tools-for-STM32/bin/../lib/gcc/arm-none-eabi/13.3.1/thumb/v7e-m+fp/hard\libgcc.a(_aeabi_uldivmod.o)
 .debug_frame   0x000051b4       0x34 D:/RuanJianChengXu1/EmbededSystem/STM32CLT/STM32CubeCLT_1.18.0/GNU-tools-for-STM32/bin/../lib/gcc/arm-none-eabi/13.3.1/thumb/v7e-m+fp/hard\libgcc.a(_udivmoddi4.o)

.debug_info     0x00000000    0x16935
 .debug_info    0x00000000      0x512 cmake/stm32cubemx/CMakeFiles/STM32_Drivers.dir/__/__/Core/Src/system_stm32f4xx.c.obj
 .debug_info    0x00000512      0xf49 cmake/stm32cubemx/CMakeFiles/STM32_Drivers.dir/__/__/Drivers/STM32F4xx_HAL_Driver/Src/stm32f4xx_hal_can.c.obj
 .debug_info    0x0000145b      0x8c3 cmake/stm32cubemx/CMakeFiles/STM32_Drivers.dir/__/__/Drivers/STM32F4xx_HAL_Driver/Src/stm32f4xx_hal_rcc.c.obj
 .debug_info    0x00001d1e      0x6c3 cmake/stm32cubemx/CMakeFiles/STM32_Drivers.dir/__/__/Drivers/STM32F4xx_HAL_Driver/Src/stm32f4xx_hal_gpio.c.obj
 .debug_info    0x000023e1      0x8e7 cmake/stm32cubemx/CMakeFiles/STM32_Drivers.dir/__/__/Drivers/STM32F4xx_HAL_Driver/Src/stm32f4xx_hal_dma.c.obj
 .debug_info    0x00002cc8      0xd8c cmake/stm32cubemx/CMakeFiles/STM32_Drivers.dir/__/__/Drivers/STM32F4xx_HAL_Driver/Src/stm32f4xx_hal_cortex.c.obj
 .debug_info    0x00003a54      0x944 cmake/stm32cubemx/CMakeFiles/STM32_Drivers.dir/__/__/Drivers/STM32F4xx_HAL_Driver/Src/stm32f4xx_hal.c.obj
 .debug_info    0x00004398     0x2415 cmake/stm32cubemx/CMakeFiles/STM32_Drivers.dir/__/__/Drivers/STM32F4xx_HAL_Driver/Src/stm32f4xx_hal_i2c.c.obj
 .debug_info    0x000067ad     0x299d cmake/stm32cubemx/CMakeFiles/STM32_Drivers.dir/__/__/Drivers/STM32F4xx_HAL_Driver/Src/stm32f4xx_hal_tim.c.obj
 .debug_info    0x0000914a     0x14db cmake/stm32cubemx/CMakeFiles/STM32_Drivers.dir/__/__/Drivers/STM32F4xx_HAL_Driver/Src/stm32f4xx_hal_tim_ex.c.obj
 .debug_info    0x0000a625     0x2f4f cmake/stm32cubemx/CMakeFiles/STM32_Drivers.dir/__/__/Drivers/STM32F4xx_HAL_Driver/Src/stm32f4xx_hal_uart.c.obj
 .debug_info    0x0000d574      0x877 CMakeFiles/2026_AICUP_STM32F407VET6.dir/Core/Src/IMU406.c.obj
 .debug_info    0x0000ddeb      0xe77 CMakeFiles/2026_AICUP_STM32F407VET6.dir/Core/Src/MecanumWheelPlatform.c.obj
 .debug_info    0x0000ec62      0x1a4 CMakeFiles/2026_AICUP_STM32F407VET6.dir/Core/Src/PID_Speed_Controller.c.obj
 .debug_info    0x0000ee06      0x24c CMakeFiles/2026_AICUP_STM32F407VET6.dir/Core/Src/M3508.c.obj
 .debug_info    0x0000f052     0x1392 CMakeFiles/2026_AICUP_STM32F407VET6.dir/Core/Src/oled.c.obj
 .debug_info    0x000103e4      0x305 CMakeFiles/2026_AICUP_STM32F407VET6.dir/Core/Src/font.c.obj
 .debug_info    0x000106e9      0x6ce CMakeFiles/2026_AICUP_STM32F407VET6.dir/Core/Src/Bluetooth.c.obj
 .debug_info    0x00010db7      0x7e8 CMakeFiles/2026_AICUP_STM32F407VET6.dir/Core/Src/ROS.c.obj
 .debug_info    0x0001159f     0x109f CMakeFiles/2026_AICUP_STM32F407VET6.dir/Core/Src/main.c.obj
 .debug_info    0x0001263e      0x409 CMakeFiles/2026_AICUP_STM32F407VET6.dir/Core/Src/gpio.c.obj
 .debug_info    0x00012a47      0xabb CMakeFiles/2026_AICUP_STM32F407VET6.dir/Core/Src/can.c.obj
 .debug_info    0x00013502      0x968 CMakeFiles/2026_AICUP_STM32F407VET6.dir/Core/Src/i2c.c.obj
 .debug_info    0x00013e6a      0xc03 CMakeFiles/2026_AICUP_STM32F407VET6.dir/Core/Src/tim.c.obj
 .debug_info    0x00014a6d      0xc43 CMakeFiles/2026_AICUP_STM32F407VET6.dir/Core/Src/usart.c.obj
 .debug_info    0x000156b0      0xfec CMakeFiles/2026_AICUP_STM32F407VET6.dir/Core/Src/stm32f4xx_it.c.obj
 .debug_info    0x0001669c      0x269 CMakeFiles/2026_AICUP_STM32F407VET6.dir/Core/Src/stm32f4xx_hal_msp.c.obj
 .debug_info    0x00016905       0x30 CMakeFiles/2026_AICUP_STM32F407VET6.dir/startup_stm32f407xx.s.obj

.debug_abbrev   0x00000000     0x38b8
 .debug_abbrev  0x00000000      0x11a cmake/stm32cubemx/CMakeFiles/STM32_Drivers.dir/__/__/Core/Src/system_stm32f4xx.c.obj
 .debug_abbrev  0x0000011a      0x258 cmake/stm32cubemx/CMakeFiles/STM32_Drivers.dir/__/__/Drivers/STM32F4xx_HAL_Driver/Src/stm32f4xx_hal_can.c.obj
 .debug_abbrev  0x00000372      0x2b7 cmake/stm32cubemx/CMakeFiles/STM32_Drivers.dir/__/__/Drivers/STM32F4xx_HAL_Driver/Src/stm32f4xx_hal_rcc.c.obj
 .debug_abbrev  0x00000629      0x1d4 cmake/stm32cubemx/CMakeFiles/STM32_Drivers.dir/__/__/Drivers/STM32F4xx_HAL_Driver/Src/stm32f4xx_hal_gpio.c.obj
 .debug_abbrev  0x000007fd      0x264 cmake/stm32cubemx/CMakeFiles/STM32_Drivers.dir/__/__/Drivers/STM32F4xx_HAL_Driver/Src/stm32f4xx_hal_dma.c.obj
 .debug_abbrev  0x00000a61      0x31d cmake/stm32cubemx/CMakeFiles/STM32_Drivers.dir/__/__/Drivers/STM32F4xx_HAL_Driver/Src/stm32f4xx_hal_cortex.c.obj
 .debug_abbrev  0x00000d7e      0x214 cmake/stm32cubemx/CMakeFiles/STM32_Drivers.dir/__/__/Drivers/STM32F4xx_HAL_Driver/Src/stm32f4xx_hal.c.obj
 .debug_abbrev  0x00000f92      0x2ad cmake/stm32cubemx/CMakeFiles/STM32_Drivers.dir/__/__/Drivers/STM32F4xx_HAL_Driver/Src/stm32f4xx_hal_i2c.c.obj
 .debug_abbrev  0x0000123f      0x278 cmake/stm32cubemx/CMakeFiles/STM32_Drivers.dir/__/__/Drivers/STM32F4xx_HAL_Driver/Src/stm32f4xx_hal_tim.c.obj
 .debug_abbrev  0x000014b7      0x283 cmake/stm32cubemx/CMakeFiles/STM32_Drivers.dir/__/__/Drivers/STM32F4xx_HAL_Driver/Src/stm32f4xx_hal_tim_ex.c.obj
 .debug_abbrev  0x0000173a      0x30e cmake/stm32cubemx/CMakeFiles/STM32_Drivers.dir/__/__/Drivers/STM32F4xx_HAL_Driver/Src/stm32f4xx_hal_uart.c.obj
 .debug_abbrev  0x00001a48      0x23f CMakeFiles/2026_AICUP_STM32F407VET6.dir/Core/Src/IMU406.c.obj
 .debug_abbrev  0x00001c87      0x29c CMakeFiles/2026_AICUP_STM32F407VET6.dir/Core/Src/MecanumWheelPlatform.c.obj
 .debug_abbrev  0x00001f23       0xd4 CMakeFiles/2026_AICUP_STM32F407VET6.dir/Core/Src/PID_Speed_Controller.c.obj
 .debug_abbrev  0x00001ff7      0x113 CMakeFiles/2026_AICUP_STM32F407VET6.dir/Core/Src/M3508.c.obj
 .debug_abbrev  0x0000210a      0x35e CMakeFiles/2026_AICUP_STM32F407VET6.dir/Core/Src/oled.c.obj
 .debug_abbrev  0x00002468       0xf9 CMakeFiles/2026_AICUP_STM32F407VET6.dir/Core/Src/font.c.obj
 .debug_abbrev  0x00002561      0x1e3 CMakeFiles/2026_AICUP_STM32F407VET6.dir/Core/Src/Bluetooth.c.obj
 .debug_abbrev  0x00002744      0x1e5 CMakeFiles/2026_AICUP_STM32F407VET6.dir/Core/Src/ROS.c.obj
 .debug_abbrev  0x00002929      0x2c7 CMakeFiles/2026_AICUP_STM32F407VET6.dir/Core/Src/main.c.obj
 .debug_abbrev  0x00002bf0      0x152 CMakeFiles/2026_AICUP_STM32F407VET6.dir/Core/Src/gpio.c.obj
 .debug_abbrev  0x00002d42      0x21f CMakeFiles/2026_AICUP_STM32F407VET6.dir/Core/Src/can.c.obj
 .debug_abbrev  0x00002f61      0x1f1 CMakeFiles/2026_AICUP_STM32F407VET6.dir/Core/Src/i2c.c.obj
 .debug_abbrev  0x00003152      0x1f7 CMakeFiles/2026_AICUP_STM32F407VET6.dir/Core/Src/tim.c.obj
 .debug_abbrev  0x00003349      0x21e CMakeFiles/2026_AICUP_STM32F407VET6.dir/Core/Src/usart.c.obj
 .debug_abbrev  0x00003567      0x255 CMakeFiles/2026_AICUP_STM32F407VET6.dir/Core/Src/stm32f4xx_it.c.obj
 .debug_abbrev  0x000037bc       0xd8 CMakeFiles/2026_AICUP_STM32F407VET6.dir/Core/Src/stm32f4xx_hal_msp.c.obj
 .debug_abbrev  0x00003894       0x24 CMakeFiles/2026_AICUP_STM32F407VET6.dir/startup_stm32f407xx.s.obj

.debug_aranges  0x00000000     0x13a8
 .debug_aranges
                0x00000000       0x28 cmake/stm32cubemx/CMakeFiles/STM32_Drivers.dir/__/__/Core/Src/system_stm32f4xx.c.obj
 .debug_aranges
                0x00000028      0x138 cmake/stm32cubemx/CMakeFiles/STM32_Drivers.dir/__/__/Drivers/STM32F4xx_HAL_Driver/Src/stm32f4xx_hal_can.c.obj
 .debug_aranges
                0x00000160       0x88 cmake/stm32cubemx/CMakeFiles/STM32_Drivers.dir/__/__/Drivers/STM32F4xx_HAL_Driver/Src/stm32f4xx_hal_rcc.c.obj
 .debug_aranges
                0x000001e8       0x58 cmake/stm32cubemx/CMakeFiles/STM32_Drivers.dir/__/__/Drivers/STM32F4xx_HAL_Driver/Src/stm32f4xx_hal_gpio.c.obj
 .debug_aranges
                0x00000240       0x90 cmake/stm32cubemx/CMakeFiles/STM32_Drivers.dir/__/__/Drivers/STM32F4xx_HAL_Driver/Src/stm32f4xx_hal_dma.c.obj
 .debug_aranges
                0x000002d0      0x130 cmake/stm32cubemx/CMakeFiles/STM32_Drivers.dir/__/__/Drivers/STM32F4xx_HAL_Driver/Src/stm32f4xx_hal_cortex.c.obj
 .debug_aranges
                0x00000400       0xf0 cmake/stm32cubemx/CMakeFiles/STM32_Drivers.dir/__/__/Drivers/STM32F4xx_HAL_Driver/Src/stm32f4xx_hal.c.obj
 .debug_aranges
                0x000004f0      0x2a8 cmake/stm32cubemx/CMakeFiles/STM32_Drivers.dir/__/__/Drivers/STM32F4xx_HAL_Driver/Src/stm32f4xx_hal_i2c.c.obj
 .debug_aranges
                0x00000798      0x3d0 cmake/stm32cubemx/CMakeFiles/STM32_Drivers.dir/__/__/Drivers/STM32F4xx_HAL_Driver/Src/stm32f4xx_hal_tim.c.obj
 .debug_aranges
                0x00000b68      0x168 cmake/stm32cubemx/CMakeFiles/STM32_Drivers.dir/__/__/Drivers/STM32F4xx_HAL_Driver/Src/stm32f4xx_hal_tim_ex.c.obj
 .debug_aranges
                0x00000cd0      0x208 cmake/stm32cubemx/CMakeFiles/STM32_Drivers.dir/__/__/Drivers/STM32F4xx_HAL_Driver/Src/stm32f4xx_hal_uart.c.obj
 .debug_aranges
                0x00000ed8       0x80 CMakeFiles/2026_AICUP_STM32F407VET6.dir/Core/Src/IMU406.c.obj
 .debug_aranges
                0x00000f58       0x68 CMakeFiles/2026_AICUP_STM32F407VET6.dir/Core/Src/MecanumWheelPlatform.c.obj
 .debug_aranges
                0x00000fc0       0x28 CMakeFiles/2026_AICUP_STM32F407VET6.dir/Core/Src/PID_Speed_Controller.c.obj
 .debug_aranges
                0x00000fe8       0x28 CMakeFiles/2026_AICUP_STM32F407VET6.dir/Core/Src/M3508.c.obj
 .debug_aranges
                0x00001010      0x100 CMakeFiles/2026_AICUP_STM32F407VET6.dir/Core/Src/oled.c.obj
 .debug_aranges
                0x00001110       0x18 CMakeFiles/2026_AICUP_STM32F407VET6.dir/Core/Src/font.c.obj
 .debug_aranges
                0x00001128       0x30 CMakeFiles/2026_AICUP_STM32F407VET6.dir/Core/Src/Bluetooth.c.obj
 .debug_aranges
                0x00001158       0x38 CMakeFiles/2026_AICUP_STM32F407VET6.dir/Core/Src/ROS.c.obj
 .debug_aranges
                0x00001190       0x48 CMakeFiles/2026_AICUP_STM32F407VET6.dir/Core/Src/main.c.obj
 .debug_aranges
                0x000011d8       0x20 CMakeFiles/2026_AICUP_STM32F407VET6.dir/Core/Src/gpio.c.obj
 .debug_aranges
                0x000011f8       0x30 CMakeFiles/2026_AICUP_STM32F407VET6.dir/Core/Src/can.c.obj
 .debug_aranges
                0x00001228       0x30 CMakeFiles/2026_AICUP_STM32F407VET6.dir/Core/Src/i2c.c.obj
 .debug_aranges
                0x00001258       0x30 CMakeFiles/2026_AICUP_STM32F407VET6.dir/Core/Src/tim.c.obj
 .debug_aranges
                0x00001288       0x40 CMakeFiles/2026_AICUP_STM32F407VET6.dir/Core/Src/usart.c.obj
 .debug_aranges
                0x000012c8       0x98 CMakeFiles/2026_AICUP_STM32F407VET6.dir/Core/Src/stm32f4xx_it.c.obj
 .debug_aranges
                0x00001360       0x20 CMakeFiles/2026_AICUP_STM32F407VET6.dir/Core/Src/stm32f4xx_hal_msp.c.obj
 .debug_aranges
                0x00001380       0x28 CMakeFiles/2026_AICUP_STM32F407VET6.dir/startup_stm32f407xx.s.obj

.debug_rnglists
                0x00000000      0xf4b
 .debug_rnglists
                0x00000000       0x1a cmake/stm32cubemx/CMakeFiles/STM32_Drivers.dir/__/__/Core/Src/system_stm32f4xx.c.obj
 .debug_rnglists
                0x0000001a       0xee cmake/stm32cubemx/CMakeFiles/STM32_Drivers.dir/__/__/Drivers/STM32F4xx_HAL_Driver/Src/stm32f4xx_hal_can.c.obj
 .debug_rnglists
                0x00000108       0x66 cmake/stm32cubemx/CMakeFiles/STM32_Drivers.dir/__/__/Drivers/STM32F4xx_HAL_Driver/Src/stm32f4xx_hal_rcc.c.obj
 .debug_rnglists
                0x0000016e       0x3f cmake/stm32cubemx/CMakeFiles/STM32_Drivers.dir/__/__/Drivers/STM32F4xx_HAL_Driver/Src/stm32f4xx_hal_gpio.c.obj
 .debug_rnglists
                0x000001ad       0x70 cmake/stm32cubemx/CMakeFiles/STM32_Drivers.dir/__/__/Drivers/STM32F4xx_HAL_Driver/Src/stm32f4xx_hal_dma.c.obj
 .debug_rnglists
                0x0000021d       0xe0 cmake/stm32cubemx/CMakeFiles/STM32_Drivers.dir/__/__/Drivers/STM32F4xx_HAL_Driver/Src/stm32f4xx_hal_cortex.c.obj
 .debug_rnglists
                0x000002fd       0xaf cmake/stm32cubemx/CMakeFiles/STM32_Drivers.dir/__/__/Drivers/STM32F4xx_HAL_Driver/Src/stm32f4xx_hal.c.obj
 .debug_rnglists
                0x000003ac      0x23c cmake/stm32cubemx/CMakeFiles/STM32_Drivers.dir/__/__/Drivers/STM32F4xx_HAL_Driver/Src/stm32f4xx_hal_i2c.c.obj
 .debug_rnglists
                0x000005e8      0x31a cmake/stm32cubemx/CMakeFiles/STM32_Drivers.dir/__/__/Drivers/STM32F4xx_HAL_Driver/Src/stm32f4xx_hal_tim.c.obj
 .debug_rnglists
                0x00000902      0x125 cmake/stm32cubemx/CMakeFiles/STM32_Drivers.dir/__/__/Drivers/STM32F4xx_HAL_Driver/Src/stm32f4xx_hal_tim_ex.c.obj
 .debug_rnglists
                0x00000a27      0x1bc cmake/stm32cubemx/CMakeFiles/STM32_Drivers.dir/__/__/Drivers/STM32F4xx_HAL_Driver/Src/stm32f4xx_hal_uart.c.obj
 .debug_rnglists
                0x00000be3       0x5d CMakeFiles/2026_AICUP_STM32F407VET6.dir/Core/Src/IMU406.c.obj
 .debug_rnglists
                0x00000c40       0x50 CMakeFiles/2026_AICUP_STM32F407VET6.dir/Core/Src/MecanumWheelPlatform.c.obj
 .debug_rnglists
                0x00000c90       0x1a CMakeFiles/2026_AICUP_STM32F407VET6.dir/Core/Src/PID_Speed_Controller.c.obj
 .debug_rnglists
                0x00000caa       0x1a CMakeFiles/2026_AICUP_STM32F407VET6.dir/Core/Src/M3508.c.obj
 .debug_rnglists
                0x00000cc4       0xd6 CMakeFiles/2026_AICUP_STM32F407VET6.dir/Core/Src/oled.c.obj
 .debug_rnglists
                0x00000d9a       0x1f CMakeFiles/2026_AICUP_STM32F407VET6.dir/Core/Src/Bluetooth.c.obj
 .debug_rnglists
                0x00000db9       0x25 CMakeFiles/2026_AICUP_STM32F407VET6.dir/Core/Src/ROS.c.obj
 .debug_rnglists
                0x00000dde       0x33 CMakeFiles/2026_AICUP_STM32F407VET6.dir/Core/Src/main.c.obj
 .debug_rnglists
                0x00000e11       0x14 CMakeFiles/2026_AICUP_STM32F407VET6.dir/Core/Src/gpio.c.obj
 .debug_rnglists
                0x00000e25       0x20 CMakeFiles/2026_AICUP_STM32F407VET6.dir/Core/Src/can.c.obj
 .debug_rnglists
                0x00000e45       0x20 CMakeFiles/2026_AICUP_STM32F407VET6.dir/Core/Src/i2c.c.obj
 .debug_rnglists
                0x00000e65       0x20 CMakeFiles/2026_AICUP_STM32F407VET6.dir/Core/Src/tim.c.obj
 .debug_rnglists
                0x00000e85       0x2d CMakeFiles/2026_AICUP_STM32F407VET6.dir/Core/Src/usart.c.obj
 .debug_rnglists
                0x00000eb2       0x6d CMakeFiles/2026_AICUP_STM32F407VET6.dir/Core/Src/stm32f4xx_it.c.obj
 .debug_rnglists
                0x00000f1f       0x13 CMakeFiles/2026_AICUP_STM32F407VET6.dir/Core/Src/stm32f4xx_hal_msp.c.obj
 .debug_rnglists
                0x00000f32       0x19 CMakeFiles/2026_AICUP_STM32F407VET6.dir/startup_stm32f407xx.s.obj

.debug_macro    0x00000000    0x2400e
 .debug_macro   0x00000000      0x1f2 cmake/stm32cubemx/CMakeFiles/STM32_Drivers.dir/__/__/Core/Src/system_stm32f4xx.c.obj
 .debug_macro   0x000001f2      0xad8 cmake/stm32cubemx/CMakeFiles/STM32_Drivers.dir/__/__/Core/Src/system_stm32f4xx.c.obj
 .debug_macro   0x00000cca       0x2e cmake/stm32cubemx/CMakeFiles/STM32_Drivers.dir/__/__/Core/Src/system_stm32f4xx.c.obj
 .debug_macro   0x00000cf8       0x2f cmake/stm32cubemx/CMakeFiles/STM32_Drivers.dir/__/__/Core/Src/system_stm32f4xx.c.obj
 .debug_macro   0x00000d27       0x22 cmake/stm32cubemx/CMakeFiles/STM32_Drivers.dir/__/__/Core/Src/system_stm32f4xx.c.obj
 .debug_macro   0x00000d49       0x8e cmake/stm32cubemx/CMakeFiles/STM32_Drivers.dir/__/__/Core/Src/system_stm32f4xx.c.obj
 .debug_macro   0x00000dd7       0x51 cmake/stm32cubemx/CMakeFiles/STM32_Drivers.dir/__/__/Core/Src/system_stm32f4xx.c.obj
 .debug_macro   0x00000e28      0x103 cmake/stm32cubemx/CMakeFiles/STM32_Drivers.dir/__/__/Core/Src/system_stm32f4xx.c.obj
 .debug_macro   0x00000f2b       0x6a cmake/stm32cubemx/CMakeFiles/STM32_Drivers.dir/__/__/Core/Src/system_stm32f4xx.c.obj
 .debug_macro   0x00000f95      0x1df cmake/stm32cubemx/CMakeFiles/STM32_Drivers.dir/__/__/Core/Src/system_stm32f4xx.c.obj
 .debug_macro   0x00001174       0x1c cmake/stm32cubemx/CMakeFiles/STM32_Drivers.dir/__/__/Core/Src/system_stm32f4xx.c.obj
 .debug_macro   0x00001190       0x22 cmake/stm32cubemx/CMakeFiles/STM32_Drivers.dir/__/__/Core/Src/system_stm32f4xx.c.obj
 .debug_macro   0x000011b2       0xfb cmake/stm32cubemx/CMakeFiles/STM32_Drivers.dir/__/__/Core/Src/system_stm32f4xx.c.obj
 .debug_macro   0x000012ad     0x1011 cmake/stm32cubemx/CMakeFiles/STM32_Drivers.dir/__/__/Core/Src/system_stm32f4xx.c.obj
 .debug_macro   0x000022be      0x11f cmake/stm32cubemx/CMakeFiles/STM32_Drivers.dir/__/__/Core/Src/system_stm32f4xx.c.obj
 .debug_macro   0x000023dd    0x15ea5 cmake/stm32cubemx/CMakeFiles/STM32_Drivers.dir/__/__/Core/Src/system_stm32f4xx.c.obj
 .debug_macro   0x00018282       0x6d cmake/stm32cubemx/CMakeFiles/STM32_Drivers.dir/__/__/Core/Src/system_stm32f4xx.c.obj
 .debug_macro   0x000182ef      0x2a7 cmake/stm32cubemx/CMakeFiles/STM32_Drivers.dir/__/__/Core/Src/system_stm32f4xx.c.obj
 .debug_macro   0x00018596     0x3693 cmake/stm32cubemx/CMakeFiles/STM32_Drivers.dir/__/__/Core/Src/system_stm32f4xx.c.obj
 .debug_macro   0x0001bc29      0x190 cmake/stm32cubemx/CMakeFiles/STM32_Drivers.dir/__/__/Core/Src/system_stm32f4xx.c.obj
 .debug_macro   0x0001bdb9       0x5c cmake/stm32cubemx/CMakeFiles/STM32_Drivers.dir/__/__/Core/Src/system_stm32f4xx.c.obj
 .debug_macro   0x0001be15      0x980 cmake/stm32cubemx/CMakeFiles/STM32_Drivers.dir/__/__/Core/Src/system_stm32f4xx.c.obj
 .debug_macro   0x0001c795      0x9e9 cmake/stm32cubemx/CMakeFiles/STM32_Drivers.dir/__/__/Core/Src/system_stm32f4xx.c.obj
 .debug_macro   0x0001d17e      0x115 cmake/stm32cubemx/CMakeFiles/STM32_Drivers.dir/__/__/Core/Src/system_stm32f4xx.c.obj