[8.569s] Invoking command in '/home/strayer/ros2_ws/src/serial_communication': PYTHONPATH=/home/strayer/ros2_ws/build/serial_communication/prefix_override:/usr/lib/python3/dist-packages/colcon_core/task/python/colcon_distutils_commands:/home/strayer/ros2_ws/install/serial_communication/lib/python3.10/site-packages:${PYTHONPATH} /usr/bin/python3 -W ignore:setup.py install is deprecated -W ignore:easy_install command is deprecated setup.py egg_info --egg-base ../../build/serial_communication build --build-base /home/strayer/ros2_ws/build/serial_communication/build install --record /home/strayer/ros2_ws/build/serial_communication/install.log --single-version-externally-managed install_data
[11.816s] running egg_info
[11.824s] writing ../../build/serial_communication/serial_communication.egg-info/PKG-INFO
[11.831s] writing dependency_links to ../../build/serial_communication/serial_communication.egg-info/dependency_links.txt
[11.844s] writing entry points to ../../build/serial_communication/serial_communication.egg-info/entry_points.txt
[11.848s] writing requirements to ../../build/serial_communication/serial_communication.egg-info/requires.txt
[11.850s] writing top-level names to ../../build/serial_communication/serial_communication.egg-info/top_level.txt
[11.873s] reading manifest file '../../build/serial_communication/serial_communication.egg-info/SOURCES.txt'
[11.882s] writing manifest file '../../build/serial_communication/serial_communication.egg-info/SOURCES.txt'
[11.884s] running build
[11.885s] running build_py
[11.889s] copying serial_communication/stm32_receiver.py -> /home/strayer/ros2_ws/build/serial_communication/build/lib/serial_communication
[11.893s] running install
[11.897s] running install_lib
[11.913s] copying /home/strayer/ros2_ws/build/serial_communication/build/lib/serial_communication/stm32_receiver.py -> /home/strayer/ros2_ws/install/serial_communication/lib/python3.10/site-packages/serial_communication
[11.918s] byte-compiling /home/strayer/ros2_ws/install/serial_communication/lib/python3.10/site-packages/serial_communication/stm32_receiver.py to stm32_receiver.cpython-310.pyc
[11.942s] running install_data
[11.951s] running install_egg_info
[11.970s] removing '/home/strayer/ros2_ws/install/serial_communication/lib/python3.10/site-packages/serial_communication-0.0.0-py3.10.egg-info' (and everything under it)
[11.976s] Copying ../../build/serial_communication/serial_communication.egg-info to /home/strayer/ros2_ws/install/serial_communication/lib/python3.10/site-packages/serial_communication-0.0.0-py3.10.egg-info
[12.005s] running install_scripts
[12.229s] Installing stm32_reciever script to /home/strayer/ros2_ws/install/serial_communication/lib/serial_communication
[12.233s] Installing stm32_sender script to /home/strayer/ros2_ws/install/serial_communication/lib/serial_communication
[12.239s] writing list of installed files to '/home/strayer/ros2_ws/build/serial_communication/install.log'
[12.645s] Invoked command in '/home/strayer/ros2_ws/src/serial_communication' returned '0': PYTHONPATH=/home/strayer/ros2_ws/build/serial_communication/prefix_override:/usr/lib/python3/dist-packages/colcon_core/task/python/colcon_distutils_commands:/home/strayer/ros2_ws/install/serial_communication/lib/python3.10/site-packages:${PYTHONPATH} /usr/bin/python3 -W ignore:setup.py install is deprecated -W ignore:easy_install command is deprecated setup.py egg_info --egg-base ../../build/serial_communication build --build-base /home/strayer/ros2_ws/build/serial_communication/build install --record /home/strayer/ros2_ws/build/serial_communication/install.log --single-version-externally-managed install_data
