[0.866s] Invoking command in '/home/s/ros2_ws/src/navigation': PYTHONPATH=/home/s/ros2_ws/build/navigation/prefix_override:/usr/lib/python3/dist-packages/colcon_core/task/python/colcon_distutils_commands:/home/s/ros2_ws/install/navigation/lib/python3.10/site-packages:${PYTHONPATH} /usr/bin/python3 -W ignore:setup.py install is deprecated -W ignore:easy_install command is deprecated setup.py egg_info --egg-base ../../build/navigation build --build-base /home/s/ros2_ws/build/navigation/build install --record /home/s/ros2_ws/build/navigation/install.log --single-version-externally-managed install_data
[1.056s] running egg_info
[1.057s] writing ../../build/navigation/navigation.egg-info/PKG-INFO
[1.061s] writing dependency_links to ../../build/navigation/navigation.egg-info/dependency_links.txt
[1.061s] writing entry points to ../../build/navigation/navigation.egg-info/entry_points.txt
[1.061s] writing requirements to ../../build/navigation/navigation.egg-info/requires.txt
[1.061s] writing top-level names to ../../build/navigation/navigation.egg-info/top_level.txt
[1.062s] reading manifest file '../../build/navigation/navigation.egg-info/SOURCES.txt'
[1.063s] writing manifest file '../../build/navigation/navigation.egg-info/SOURCES.txt'
[1.063s] running build
[1.064s] running build_py
[1.064s] running install
[1.064s] running install_lib
[1.065s] running install_data
[1.066s] running install_egg_info
[1.068s] removing '/home/s/ros2_ws/install/navigation/lib/python3.10/site-packages/navigation-0.0.0-py3.10.egg-info' (and everything under it)
[1.068s] Copying ../../build/navigation/navigation.egg-info to /home/s/ros2_ws/install/navigation/lib/python3.10/site-packages/navigation-0.0.0-py3.10.egg-info
[1.069s] running install_scripts
[1.088s] writing list of installed files to '/home/s/ros2_ws/build/navigation/install.log'
[1.110s] Invoked command in '/home/s/ros2_ws/src/navigation' returned '0': PYTHONPATH=/home/s/ros2_ws/build/navigation/prefix_override:/usr/lib/python3/dist-packages/colcon_core/task/python/colcon_distutils_commands:/home/s/ros2_ws/install/navigation/lib/python3.10/site-packages:${PYTHONPATH} /usr/bin/python3 -W ignore:setup.py install is deprecated -W ignore:easy_install command is deprecated setup.py egg_info --egg-base ../../build/navigation build --build-base /home/s/ros2_ws/build/navigation/build install --record /home/s/ros2_ws/build/navigation/install.log --single-version-externally-managed install_data
