[3.967s] Invoking command in '/home/strayer/ros2_ws/src/navigation': PYTHONPATH=/home/strayer/ros2_ws/build/navigation/prefix_override:/usr/lib/python3/dist-packages/colcon_core/task/python/colcon_distutils_commands:/home/strayer/ros2_ws/install/navigation/lib/python3.10/site-packages:${PYTHONPATH} /usr/bin/python3 -W ignore:setup.py install is deprecated -W ignore:easy_install command is deprecated setup.py egg_info --egg-base ../../build/navigation build --build-base /home/strayer/ros2_ws/build/navigation/build install --record /home/strayer/ros2_ws/build/navigation/install.log --single-version-externally-managed install_data
[5.366s] running egg_info
[5.370s] writing ../../build/navigation/navigation.egg-info/PKG-INFO
[5.371s] writing dependency_links to ../../build/navigation/navigation.egg-info/dependency_links.txt
[5.373s] writing entry points to ../../build/navigation/navigation.egg-info/entry_points.txt
[5.373s] writing requirements to ../../build/navigation/navigation.egg-info/requires.txt
[5.374s] writing top-level names to ../../build/navigation/navigation.egg-info/top_level.txt
[5.385s] reading manifest file '../../build/navigation/navigation.egg-info/SOURCES.txt'
[5.392s] writing manifest file '../../build/navigation/navigation.egg-info/SOURCES.txt'
[5.393s] running build
[5.394s] running build_py
[5.395s] running install
[5.396s] running install_lib
[5.402s] running install_data
[5.403s] copying config/nav2_params.yaml -> /home/strayer/ros2_ws/install/navigation/share/navigation/config
[5.405s] running install_egg_info
[5.413s] removing '/home/strayer/ros2_ws/install/navigation/lib/python3.10/site-packages/navigation-0.0.0-py3.10.egg-info' (and everything under it)
[5.415s] Copying ../../build/navigation/navigation.egg-info to /home/strayer/ros2_ws/install/navigation/lib/python3.10/site-packages/navigation-0.0.0-py3.10.egg-info
[5.422s] running install_scripts
[5.516s] writing list of installed files to '/home/strayer/ros2_ws/build/navigation/install.log'
[5.666s] Invoked command in '/home/strayer/ros2_ws/src/navigation' returned '0': PYTHONPATH=/home/strayer/ros2_ws/build/navigation/prefix_override:/usr/lib/python3/dist-packages/colcon_core/task/python/colcon_distutils_commands:/home/strayer/ros2_ws/install/navigation/lib/python3.10/site-packages:${PYTHONPATH} /usr/bin/python3 -W ignore:setup.py install is deprecated -W ignore:easy_install command is deprecated setup.py egg_info --egg-base ../../build/navigation build --build-base /home/strayer/ros2_ws/build/navigation/build install --record /home/strayer/ros2_ws/build/navigation/install.log --single-version-externally-managed install_data
