[5.564s] Invoking command in '/home/strayer/ros2_ws/src/serial_communication': PYTHONPATH=/home/strayer/ros2_ws/build/serial_communication/prefix_override:/usr/lib/python3/dist-packages/colcon_core/task/python/colcon_distutils_commands:/home/strayer/ros2_ws/install/serial_communication/lib/python3.10/site-packages:${PYTHONPATH} /usr/bin/python3 -W ignore:setup.py install is deprecated -W ignore:easy_install command is deprecated setup.py egg_info --egg-base ../../build/serial_communication build --build-base /home/strayer/ros2_ws/build/serial_communication/build install --record /home/strayer/ros2_ws/build/serial_communication/install.log --single-version-externally-managed install_data
[6.893s] running egg_info
[6.899s] writing ../../build/serial_communication/serial_communication.egg-info/PKG-INFO
[6.902s] writing dependency_links to ../../build/serial_communication/serial_communication.egg-info/dependency_links.txt
[6.903s] writing entry points to ../../build/serial_communication/serial_communication.egg-info/entry_points.txt
[6.905s] writing requirements to ../../build/serial_communication/serial_communication.egg-info/requires.txt
[6.906s] writing top-level names to ../../build/serial_communication/serial_communication.egg-info/top_level.txt
[6.921s] reading manifest file '../../build/serial_communication/serial_communication.egg-info/SOURCES.txt'
[6.933s] writing manifest file '../../build/serial_communication/serial_communication.egg-info/SOURCES.txt'
[6.935s] running build
[6.936s] running build_py
[6.937s] running install
[6.938s] running install_lib
[6.948s] running install_data
[6.949s] running install_egg_info
[6.960s] removing '/home/strayer/ros2_ws/install/serial_communication/lib/python3.10/site-packages/serial_communication-0.0.0-py3.10.egg-info' (and everything under it)
[6.962s] Copying ../../build/serial_communication/serial_communication.egg-info to /home/strayer/ros2_ws/install/serial_communication/lib/python3.10/site-packages/serial_communication-0.0.0-py3.10.egg-info
[6.975s] running install_scripts
[7.077s] Installing stm32_reciever script to /home/strayer/ros2_ws/install/serial_communication/lib/serial_communication
[7.078s] Installing stm32_sender script to /home/strayer/ros2_ws/install/serial_communication/lib/serial_communication
[7.080s] writing list of installed files to '/home/strayer/ros2_ws/build/serial_communication/install.log'
[7.206s] Invoked command in '/home/strayer/ros2_ws/src/serial_communication' returned '0': PYTHONPATH=/home/strayer/ros2_ws/build/serial_communication/prefix_override:/usr/lib/python3/dist-packages/colcon_core/task/python/colcon_distutils_commands:/home/strayer/ros2_ws/install/serial_communication/lib/python3.10/site-packages:${PYTHONPATH} /usr/bin/python3 -W ignore:setup.py install is deprecated -W ignore:easy_install command is deprecated setup.py egg_info --egg-base ../../build/serial_communication build --build-base /home/strayer/ros2_ws/build/serial_communication/build install --record /home/strayer/ros2_ws/build/serial_communication/install.log --single-version-externally-managed install_data
