running egg_info
writing ../../build/navigation/navigation.egg-info/PKG-INFO
writing dependency_links to ../../build/navigation/navigation.egg-info/dependency_links.txt
writing entry points to ../../build/navigation/navigation.egg-info/entry_points.txt
writing requirements to ../../build/navigation/navigation.egg-info/requires.txt
writing top-level names to ../../build/navigation/navigation.egg-info/top_level.txt
reading manifest file '../../build/navigation/navigation.egg-info/SOURCES.txt'
writing manifest file '../../build/navigation/navigation.egg-info/SOURCES.txt'
running build
running build_py
running install
running install_lib
running install_data
copying package.xml -> /home/strayer/ros2_ws/install/navigation/share/navigation
copying launch/navigation2.launch.py -> /home/strayer/ros2_ws/install/navigation/share/navigation/launch
copying config/nav2_params.yaml -> /home/strayer/ros2_ws/install/navigation/share/navigation/config
running install_egg_info
removing '/home/strayer/ros2_ws/install/navigation/lib/python3.10/site-packages/navigation-0.0.0-py3.10.egg-info' (and everything under it)
Copying ../../build/navigation/navigation.egg-info to /home/strayer/ros2_ws/install/navigation/lib/python3.10/site-packages/navigation-0.0.0-py3.10.egg-info
running install_scripts
writing list of installed files to '/home/strayer/ros2_ws/build/navigation/install.log'
