-- Install configuration: ""
-- Up-to-date: /home/strayer/ros2_ws/install/nav2/share/nav2//launch
-- Up-to-date: /home/strayer/ros2_ws/install/nav2/share/nav2//launch/navigation.launch.py
-- Up-to-date: /home/strayer/ros2_ws/install/nav2/share/nav2//rviz
-- Up-to-date: /home/strayer/ros2_ws/install/nav2/share/nav2//rviz/nav2_config.rviz
-- Up-to-date: /home/strayer/ros2_ws/install/nav2/share/nav2//config
-- Up-to-date: /home/strayer/ros2_ws/install/nav2/share/ament_index/resource_index/package_run_dependencies/nav2
-- Up-to-date: /home/strayer/ros2_ws/install/nav2/share/ament_index/resource_index/parent_prefix_path/nav2
-- Up-to-date: /home/strayer/ros2_ws/install/nav2/share/nav2/environment/ament_prefix_path.sh
-- Up-to-date: /home/strayer/ros2_ws/install/nav2/share/nav2/environment/ament_prefix_path.dsv
-- Up-to-date: /home/strayer/ros2_ws/install/nav2/share/nav2/environment/path.sh
-- Up-to-date: /home/strayer/ros2_ws/install/nav2/share/nav2/environment/path.dsv
-- Up-to-date: /home/strayer/ros2_ws/install/nav2/share/nav2/local_setup.bash
-- Up-to-date: /home/strayer/ros2_ws/install/nav2/share/nav2/local_setup.sh
-- Up-to-date: /home/strayer/ros2_ws/install/nav2/share/nav2/local_setup.zsh
-- Up-to-date: /home/strayer/ros2_ws/install/nav2/share/nav2/local_setup.dsv
-- Up-to-date: /home/strayer/ros2_ws/install/nav2/share/nav2/package.dsv
-- Up-to-date: /home/strayer/ros2_ws/install/nav2/share/ament_index/resource_index/packages/nav2
-- Up-to-date: /home/strayer/ros2_ws/install/nav2/share/nav2/cmake/nav2Config.cmake
-- Up-to-date: /home/strayer/ros2_ws/install/nav2/share/nav2/cmake/nav2Config-version.cmake
-- Up-to-date: /home/strayer/ros2_ws/install/nav2/share/nav2/package.xml
