[3.148s] Invoking command in '/home/strayer/ros2_ws/src/navigation': PYTHONPATH=/home/strayer/ros2_ws/build/navigation/prefix_override:/usr/lib/python3/dist-packages/colcon_core/task/python/colcon_distutils_commands:/home/strayer/ros2_ws/install/navigation/lib/python3.10/site-packages:${PYTHONPATH} /usr/bin/python3 -W ignore:setup.py install is deprecated -W ignore:easy_install command is deprecated setup.py egg_info --egg-base ../../build/navigation build --build-base /home/strayer/ros2_ws/build/navigation/build install --record /home/strayer/ros2_ws/build/navigation/install.log --single-version-externally-managed install_data
[4.412s] running egg_info
[4.416s] writing ../../build/navigation/navigation.egg-info/PKG-INFO
[4.417s] writing dependency_links to ../../build/navigation/navigation.egg-info/dependency_links.txt
[4.418s] writing entry points to ../../build/navigation/navigation.egg-info/entry_points.txt
[4.418s] writing requirements to ../../build/navigation/navigation.egg-info/requires.txt
[4.419s] writing top-level names to ../../build/navigation/navigation.egg-info/top_level.txt
[4.427s] reading manifest file '../../build/navigation/navigation.egg-info/SOURCES.txt'
[4.432s] writing manifest file '../../build/navigation/navigation.egg-info/SOURCES.txt'
[4.433s] running build
[4.433s] running build_py
[4.434s] running install
[4.435s] running install_lib
[4.441s] running install_data
[4.442s] copying config/nav2_params.yaml -> /home/strayer/ros2_ws/install/navigation/share/navigation/config
[4.443s] running install_egg_info
[4.458s] removing '/home/strayer/ros2_ws/install/navigation/lib/python3.10/site-packages/navigation-0.0.0-py3.10.egg-info' (and everything under it)
[4.460s] Copying ../../build/navigation/navigation.egg-info to /home/strayer/ros2_ws/install/navigation/lib/python3.10/site-packages/navigation-0.0.0-py3.10.egg-info
[4.474s] running install_scripts
[4.564s] writing list of installed files to '/home/strayer/ros2_ws/build/navigation/install.log'
[4.703s] Invoked command in '/home/strayer/ros2_ws/src/navigation' returned '0': PYTHONPATH=/home/strayer/ros2_ws/build/navigation/prefix_override:/usr/lib/python3/dist-packages/colcon_core/task/python/colcon_distutils_commands:/home/strayer/ros2_ws/install/navigation/lib/python3.10/site-packages:${PYTHONPATH} /usr/bin/python3 -W ignore:setup.py install is deprecated -W ignore:easy_install command is deprecated setup.py egg_info --egg-base ../../build/navigation build --build-base /home/strayer/ros2_ws/build/navigation/build install --record /home/strayer/ros2_ws/build/navigation/install.log --single-version-externally-managed install_data
