[0.064s] Invoking command in '/home/strayer/ros2_ws/build/nav2': CMAKE_PREFIX_PATH=${CMAKE_PREFIX_PATH}:/home/strayer/ros2_ws/install/serial_communication:/opt/ros/humble /usr/bin/cmake --build /home/strayer/ros2_ws/build/nav2 -- -j4 -l4
[0.242s] Invoked command in '/home/strayer/ros2_ws/build/nav2' returned '0': CMAKE_PREFIX_PATH=${CMAKE_PREFIX_PATH}:/home/strayer/ros2_ws/install/serial_communication:/opt/ros/humble /usr/bin/cmake --build /home/strayer/ros2_ws/build/nav2 -- -j4 -l4
[0.285s] Invoking command in '/home/strayer/ros2_ws/build/nav2': CMAKE_PREFIX_PATH=${CMAKE_PREFIX_PATH}:/home/strayer/ros2_ws/install/serial_communication:/opt/ros/humble /usr/bin/cmake --install /home/strayer/ros2_ws/build/nav2
[0.314s] -- Install configuration: ""
[0.315s] -- Up-to-date: /home/strayer/ros2_ws/install/nav2/share/nav2//launch
[0.315s] -- Up-to-date: /home/strayer/ros2_ws/install/nav2/share/nav2//launch/navigation.launch.py
[0.315s] -- Up-to-date: /home/strayer/ros2_ws/install/nav2/share/nav2//rviz
[0.316s] -- Up-to-date: /home/strayer/ros2_ws/install/nav2/share/nav2//rviz/nav2_config.rviz
[0.316s] -- Up-to-date: /home/strayer/ros2_ws/install/nav2/share/nav2//config
[0.317s] -- Up-to-date: /home/strayer/ros2_ws/install/nav2/share/ament_index/resource_index/package_run_dependencies/nav2
[0.317s] -- Up-to-date: /home/strayer/ros2_ws/install/nav2/share/ament_index/resource_index/parent_prefix_path/nav2
[0.317s] -- Up-to-date: /home/strayer/ros2_ws/install/nav2/share/nav2/environment/ament_prefix_path.sh
[0.318s] -- Up-to-date: /home/strayer/ros2_ws/install/nav2/share/nav2/environment/ament_prefix_path.dsv
[0.318s] -- Up-to-date: /home/strayer/ros2_ws/install/nav2/share/nav2/environment/path.sh
[0.319s] -- Up-to-date: /home/strayer/ros2_ws/install/nav2/share/nav2/environment/path.dsv
[0.319s] -- Up-to-date: /home/strayer/ros2_ws/install/nav2/share/nav2/local_setup.bash
[0.320s] -- Up-to-date: /home/strayer/ros2_ws/install/nav2/share/nav2/local_setup.sh
[0.320s] -- Up-to-date: /home/strayer/ros2_ws/install/nav2/share/nav2/local_setup.zsh
[0.320s] -- Up-to-date: /home/strayer/ros2_ws/install/nav2/share/nav2/local_setup.dsv
[0.321s] -- Up-to-date: /home/strayer/ros2_ws/install/nav2/share/nav2/package.dsv
[0.321s] -- Up-to-date: /home/strayer/ros2_ws/install/nav2/share/ament_index/resource_index/packages/nav2
[0.322s] -- Up-to-date: /home/strayer/ros2_ws/install/nav2/share/nav2/cmake/nav2Config.cmake
[0.322s] -- Up-to-date: /home/strayer/ros2_ws/install/nav2/share/nav2/cmake/nav2Config-version.cmake
[0.322s] -- Up-to-date: /home/strayer/ros2_ws/install/nav2/share/nav2/package.xml
[0.328s] Invoked command in '/home/strayer/ros2_ws/build/nav2' returned '0': CMAKE_PREFIX_PATH=${CMAKE_PREFIX_PATH}:/home/strayer/ros2_ws/install/serial_communication:/opt/ros/humble /usr/bin/cmake --install /home/strayer/ros2_ws/build/nav2
