[0.562s] Invoking command in '/home/s/ros2_ws/src/navigation': PYTHONPATH=/home/s/ros2_ws/build/navigation/prefix_override:/usr/lib/python3/dist-packages/colcon_core/task/python/colcon_distutils_commands:/home/s/ros2_ws/install/navigation/lib/python3.10/site-packages:${PYTHONPATH} /usr/bin/python3 -W ignore:setup.py install is deprecated -W ignore:easy_install command is deprecated setup.py egg_info --egg-base ../../build/navigation build --build-base /home/s/ros2_ws/build/navigation/build install --record /home/s/ros2_ws/build/navigation/install.log --single-version-externally-managed install_data
[0.721s] running egg_info
[0.722s] writing ../../build/navigation/navigation.egg-info/PKG-INFO
[0.723s] writing dependency_links to ../../build/navigation/navigation.egg-info/dependency_links.txt
[0.723s] writing entry points to ../../build/navigation/navigation.egg-info/entry_points.txt
[0.723s] writing requirements to ../../build/navigation/navigation.egg-info/requires.txt
[0.723s] writing top-level names to ../../build/navigation/navigation.egg-info/top_level.txt
[0.724s] reading manifest file '../../build/navigation/navigation.egg-info/SOURCES.txt'
[0.725s] writing manifest file '../../build/navigation/navigation.egg-info/SOURCES.txt'
[0.725s] running build
[0.725s] running build_py
[0.725s] running install
[0.725s] running install_lib
[0.726s] running install_data
[0.726s] running install_egg_info
[0.728s] removing '/home/s/ros2_ws/install/navigation/lib/python3.10/site-packages/navigation-0.0.0-py3.10.egg-info' (and everything under it)
[0.728s] Copying ../../build/navigation/navigation.egg-info to /home/s/ros2_ws/install/navigation/lib/python3.10/site-packages/navigation-0.0.0-py3.10.egg-info
[0.728s] running install_scripts
[0.745s] writing list of installed files to '/home/s/ros2_ws/build/navigation/install.log'
[0.765s] Invoked command in '/home/s/ros2_ws/src/navigation' returned '0': PYTHONPATH=/home/s/ros2_ws/build/navigation/prefix_override:/usr/lib/python3/dist-packages/colcon_core/task/python/colcon_distutils_commands:/home/s/ros2_ws/install/navigation/lib/python3.10/site-packages:${PYTHONPATH} /usr/bin/python3 -W ignore:setup.py install is deprecated -W ignore:easy_install command is deprecated setup.py egg_info --egg-base ../../build/navigation build --build-base /home/s/ros2_ws/build/navigation/build install --record /home/s/ros2_ws/build/navigation/install.log --single-version-externally-managed install_data
