[0.361s] Invoking command in '/home/s/ros2_ws/build/navigation': PYTHONPATH=/home/s/ros2_ws/build/navigation/prefix_override:/usr/lib/python3/dist-packages/colcon_core/task/python/colcon_distutils_commands:/home/s/ros2_ws/install/navigation/lib/python3.10/site-packages:${PYTHONPATH} /usr/bin/python3 -W ignore:setup.py install is deprecated -W ignore:easy_install command is deprecated setup.py develop --editable --build-directory /home/s/ros2_ws/build/navigation/build --no-deps symlink_data
[0.507s] running develop
[0.588s] running egg_info
[0.589s] creating navigation.egg-info
[0.589s] writing navigation.egg-info/PKG-INFO
[0.589s] writing dependency_links to navigation.egg-info/dependency_links.txt
[0.589s] writing entry points to navigation.egg-info/entry_points.txt
[0.589s] writing requirements to navigation.egg-info/requires.txt
[0.589s] writing top-level names to navigation.egg-info/top_level.txt
[0.589s] writing manifest file 'navigation.egg-info/SOURCES.txt'
[0.590s] reading manifest file 'navigation.egg-info/SOURCES.txt'
[0.591s] writing manifest file 'navigation.egg-info/SOURCES.txt'
[0.592s] running build_ext
[0.592s] Creating /home/s/ros2_ws/install/navigation/lib/python3.10/site-packages/navigation.egg-link (link to .)
[0.592s] Installing auto_navigator script to /home/s/ros2_ws/install/navigation/lib/navigation
[0.592s] 
[0.592s] Installed /home/s/ros2_ws/build/navigation
[0.592s] running symlink_data
[0.592s] creating /home/s/ros2_ws/install/navigation/share/ament_index
[0.592s] creating /home/s/ros2_ws/install/navigation/share/ament_index/resource_index
[0.593s] creating /home/s/ros2_ws/install/navigation/share/ament_index/resource_index/packages
[0.593s] symbolically linking /home/s/ros2_ws/build/navigation/resource/navigation -> /home/s/ros2_ws/install/navigation/share/ament_index/resource_index/packages
[0.593s] symbolically linking /home/s/ros2_ws/build/navigation/package.xml -> /home/s/ros2_ws/install/navigation/share/navigation
[0.593s] creating /home/s/ros2_ws/install/navigation/share/navigation/launch
[0.593s] symbolically linking /home/s/ros2_ws/build/navigation/launch/auto_navigate_test.launch.py -> /home/s/ros2_ws/install/navigation/share/navigation/launch
[0.593s] symbolically linking /home/s/ros2_ws/build/navigation/launch/navigation2.launch.py -> /home/s/ros2_ws/install/navigation/share/navigation/launch
[0.593s] creating /home/s/ros2_ws/install/navigation/share/navigation/config
[0.593s] symbolically linking /home/s/ros2_ws/build/navigation/config/nav2_params (copy).yaml -> /home/s/ros2_ws/install/navigation/share/navigation/config
[0.593s] symbolically linking /home/s/ros2_ws/build/navigation/config/nav2_params.yaml -> /home/s/ros2_ws/install/navigation/share/navigation/config
[0.593s] creating /home/s/ros2_ws/install/navigation/share/navigation/maps
[0.593s] symbolically linking /home/s/ros2_ws/build/navigation/maps/2JL.yaml -> /home/s/ros2_ws/install/navigation/share/navigation/maps
[0.593s] symbolically linking /home/s/ros2_ws/build/navigation/maps/my_map.yaml -> /home/s/ros2_ws/install/navigation/share/navigation/maps
[0.593s] symbolically linking /home/s/ros2_ws/build/navigation/maps/map.yaml -> /home/s/ros2_ws/install/navigation/share/navigation/maps
[0.593s] symbolically linking /home/s/ros2_ws/build/navigation/maps/2JL.pgm -> /home/s/ros2_ws/install/navigation/share/navigation/maps
[0.593s] symbolically linking /home/s/ros2_ws/build/navigation/maps/map.pgm -> /home/s/ros2_ws/install/navigation/share/navigation/maps
[0.593s] symbolically linking /home/s/ros2_ws/build/navigation/maps/my_map.pgm -> /home/s/ros2_ws/install/navigation/share/navigation/maps
[0.610s] Invoked command in '/home/s/ros2_ws/build/navigation' returned '0': PYTHONPATH=/home/s/ros2_ws/build/navigation/prefix_override:/usr/lib/python3/dist-packages/colcon_core/task/python/colcon_distutils_commands:/home/s/ros2_ws/install/navigation/lib/python3.10/site-packages:${PYTHONPATH} /usr/bin/python3 -W ignore:setup.py install is deprecated -W ignore:easy_install command is deprecated setup.py develop --editable --build-directory /home/s/ros2_ws/build/navigation/build --no-deps symlink_data
