[0.526s] DEBUG:colcon:Command line arguments: ['/usr/bin/colcon', 'build', '--packages-select', 'navigation']
[0.527s] DEBUG:colcon:Parsed command line arguments: Namespace(log_base=None, log_level=None, verb_name='build', build_base='build', install_base='install', merge_install=False, symlink_install=False, test_result_base=None, continue_on_error=False, executor='parallel', parallel_workers=4, event_handlers=None, ignore_user_meta=False, metas=['./colcon.meta'], base_paths=['.'], packages_ignore=None, packages_ignore_regex=None, paths=None, packages_up_to=None, packages_up_to_regex=None, packages_above=None, packages_above_and_dependencies=None, packages_above_depth=None, packages_select_by_dep=None, packages_skip_by_dep=None, packages_skip_up_to=None, packages_select_build_failed=False, packages_skip_build_finished=False, packages_select_test_failures=False, packages_skip_test_passed=False, packages_select=['navigation'], packages_skip=None, packages_select_regex=None, packages_skip_regex=None, packages_start=None, packages_end=None, allow_overriding=[], cmake_args=None, cmake_target=None, cmake_target_skip_unavailable=False, cmake_clean_cache=False, cmake_clean_first=False, cmake_force_configure=False, ament_cmake_args=None, catkin_cmake_args=None, catkin_skip_building_tests=False, verb_parser=<colcon_defaults.argument_parser.defaults.DefaultArgumentsDecorator object at 0xffffaab37d90>, verb_extension=<colcon_core.verb.build.BuildVerb object at 0xffffaad11210>, main=<bound method BuildVerb.main of <colcon_core.verb.build.BuildVerb object at 0xffffaad11210>>)
[1.539s] Level 1:colcon.colcon_core.package_discovery:discover_packages(colcon_meta) check parameters
[1.540s] Level 1:colcon.colcon_core.package_discovery:discover_packages(recursive) check parameters
[1.540s] Level 1:colcon.colcon_core.package_discovery:discover_packages(ignore) check parameters
[1.540s] Level 1:colcon.colcon_core.package_discovery:discover_packages(path) check parameters
[1.540s] Level 1:colcon.colcon_core.package_discovery:discover_packages(colcon_meta) discover
[1.541s] Level 1:colcon.colcon_core.package_discovery:discover_packages(recursive) discover
[1.541s] INFO:colcon.colcon_core.package_discovery:Crawling recursively for packages in '/home/strayer/ros2_ws'
[1.541s] Level 1:colcon.colcon_core.package_identification:_identify(.) by extensions ['ignore', 'ignore_ament_install']
[1.542s] Level 1:colcon.colcon_core.package_identification:_identify(.) by extension 'ignore'
[1.542s] Level 1:colcon.colcon_core.package_identification:_identify(.) by extension 'ignore_ament_install'
[1.542s] Level 1:colcon.colcon_core.package_identification:_identify(.) by extensions ['colcon_pkg']
[1.542s] Level 1:colcon.colcon_core.package_identification:_identify(.) by extension 'colcon_pkg'
[1.542s] Level 1:colcon.colcon_core.package_identification:_identify(.) by extensions ['colcon_meta']
[1.542s] Level 1:colcon.colcon_core.package_identification:_identify(.) by extension 'colcon_meta'
[1.543s] Level 1:colcon.colcon_core.package_identification:_identify(.) by extensions ['ros']
[1.543s] Level 1:colcon.colcon_core.package_identification:_identify(.) by extension 'ros'
[1.595s] Level 1:colcon.colcon_core.package_identification:_identify(.) by extensions ['cmake', 'python']
[1.595s] Level 1:colcon.colcon_core.package_identification:_identify(.) by extension 'cmake'
[1.596s] Level 1:colcon.colcon_core.package_identification:_identify(.) by extension 'python'
[1.596s] Level 1:colcon.colcon_core.package_identification:_identify(.) by extensions ['python_setup_py']
[1.596s] Level 1:colcon.colcon_core.package_identification:_identify(.) by extension 'python_setup_py'
[1.597s] Level 1:colcon.colcon_core.package_identification:_identify(build) by extensions ['ignore', 'ignore_ament_install']
[1.597s] Level 1:colcon.colcon_core.package_identification:_identify(build) by extension 'ignore'
[1.597s] Level 1:colcon.colcon_core.package_identification:_identify(build) ignored
[1.598s] Level 1:colcon.colcon_core.package_identification:_identify(install) by extensions ['ignore', 'ignore_ament_install']
[1.598s] Level 1:colcon.colcon_core.package_identification:_identify(install) by extension 'ignore'
[1.599s] Level 1:colcon.colcon_core.package_identification:_identify(install) ignored
[1.599s] Level 1:colcon.colcon_core.package_identification:_identify(log) by extensions ['ignore', 'ignore_ament_install']
[1.600s] Level 1:colcon.colcon_core.package_identification:_identify(log) by extension 'ignore'
[1.600s] Level 1:colcon.colcon_core.package_identification:_identify(log) ignored
[1.600s] Level 1:colcon.colcon_core.package_identification:_identify(src) by extensions ['ignore', 'ignore_ament_install']
[1.601s] Level 1:colcon.colcon_core.package_identification:_identify(src) by extension 'ignore'
[1.601s] Level 1:colcon.colcon_core.package_identification:_identify(src) by extension 'ignore_ament_install'
[1.601s] Level 1:colcon.colcon_core.package_identification:_identify(src) by extensions ['colcon_pkg']
[1.601s] Level 1:colcon.colcon_core.package_identification:_identify(src) by extension 'colcon_pkg'
[1.601s] Level 1:colcon.colcon_core.package_identification:_identify(src) by extensions ['colcon_meta']
[1.602s] Level 1:colcon.colcon_core.package_identification:_identify(src) by extension 'colcon_meta'
[1.602s] Level 1:colcon.colcon_core.package_identification:_identify(src) by extensions ['ros']
[1.602s] Level 1:colcon.colcon_core.package_identification:_identify(src) by extension 'ros'
[1.602s] Level 1:colcon.colcon_core.package_identification:_identify(src) by extensions ['cmake', 'python']
[1.602s] Level 1:colcon.colcon_core.package_identification:_identify(src) by extension 'cmake'
[1.603s] Level 1:colcon.colcon_core.package_identification:_identify(src) by extension 'python'
[1.603s] Level 1:colcon.colcon_core.package_identification:_identify(src) by extensions ['python_setup_py']
[1.603s] Level 1:colcon.colcon_core.package_identification:_identify(src) by extension 'python_setup_py'
[1.603s] Level 1:colcon.colcon_core.package_identification:_identify(src/config) by extensions ['ignore', 'ignore_ament_install']
[1.604s] Level 1:colcon.colcon_core.package_identification:_identify(src/config) by extension 'ignore'
[1.604s] Level 1:colcon.colcon_core.package_identification:_identify(src/config) by extension 'ignore_ament_install'
[1.604s] Level 1:colcon.colcon_core.package_identification:_identify(src/config) by extensions ['colcon_pkg']
[1.604s] Level 1:colcon.colcon_core.package_identification:_identify(src/config) by extension 'colcon_pkg'
[1.605s] Level 1:colcon.colcon_core.package_identification:_identify(src/config) by extensions ['colcon_meta']
[1.605s] Level 1:colcon.colcon_core.package_identification:_identify(src/config) by extension 'colcon_meta'
[1.605s] Level 1:colcon.colcon_core.package_identification:_identify(src/config) by extensions ['ros']
[1.605s] Level 1:colcon.colcon_core.package_identification:_identify(src/config) by extension 'ros'
[1.605s] Level 1:colcon.colcon_core.package_identification:_identify(src/config) by extensions ['cmake', 'python']
[1.606s] Level 1:colcon.colcon_core.package_identification:_identify(src/config) by extension 'cmake'
[1.606s] Level 1:colcon.colcon_core.package_identification:_identify(src/config) by extension 'python'
[1.606s] Level 1:colcon.colcon_core.package_identification:_identify(src/config) by extensions ['python_setup_py']
[1.606s] Level 1:colcon.colcon_core.package_identification:_identify(src/config) by extension 'python_setup_py'
[1.607s] Level 1:colcon.colcon_core.package_identification:_identify(src/ldlidar_sl_ros2) by extensions ['ignore', 'ignore_ament_install']
[1.607s] Level 1:colcon.colcon_core.package_identification:_identify(src/ldlidar_sl_ros2) by extension 'ignore'
[1.607s] Level 1:colcon.colcon_core.package_identification:_identify(src/ldlidar_sl_ros2) by extension 'ignore_ament_install'
[1.607s] Level 1:colcon.colcon_core.package_identification:_identify(src/ldlidar_sl_ros2) by extensions ['colcon_pkg']
[1.607s] Level 1:colcon.colcon_core.package_identification:_identify(src/ldlidar_sl_ros2) by extension 'colcon_pkg'
[1.608s] Level 1:colcon.colcon_core.package_identification:_identify(src/ldlidar_sl_ros2) by extensions ['colcon_meta']
[1.608s] Level 1:colcon.colcon_core.package_identification:_identify(src/ldlidar_sl_ros2) by extension 'colcon_meta'
[1.608s] Level 1:colcon.colcon_core.package_identification:_identify(src/ldlidar_sl_ros2) by extensions ['ros']
[1.608s] Level 1:colcon.colcon_core.package_identification:_identify(src/ldlidar_sl_ros2) by extension 'ros'
[1.619s] DEBUG:colcon.colcon_core.package_identification:Package 'src/ldlidar_sl_ros2' with type 'ros.ament_cmake' and name 'ldlidar_sl_ros2'
[1.620s] Level 1:colcon.colcon_core.package_identification:_identify(src/navigation) by extensions ['ignore', 'ignore_ament_install']
[1.620s] Level 1:colcon.colcon_core.package_identification:_identify(src/navigation) by extension 'ignore'
[1.620s] Level 1:colcon.colcon_core.package_identification:_identify(src/navigation) by extension 'ignore_ament_install'
[1.621s] Level 1:colcon.colcon_core.package_identification:_identify(src/navigation) by extensions ['colcon_pkg']
[1.621s] Level 1:colcon.colcon_core.package_identification:_identify(src/navigation) by extension 'colcon_pkg'
[1.621s] Level 1:colcon.colcon_core.package_identification:_identify(src/navigation) by extensions ['colcon_meta']
[1.621s] Level 1:colcon.colcon_core.package_identification:_identify(src/navigation) by extension 'colcon_meta'
[1.621s] Level 1:colcon.colcon_core.package_identification:_identify(src/navigation) by extensions ['ros']
[1.622s] Level 1:colcon.colcon_core.package_identification:_identify(src/navigation) by extension 'ros'
[1.626s] DEBUG:colcon.colcon_core.package_identification:Package 'src/navigation' with type 'ros.ament_python' and name 'navigation'
[1.626s] Level 1:colcon.colcon_core.package_identification:_identify(src/serial_communication) by extensions ['ignore', 'ignore_ament_install']
[1.627s] Level 1:colcon.colcon_core.package_identification:_identify(src/serial_communication) by extension 'ignore'
[1.627s] Level 1:colcon.colcon_core.package_identification:_identify(src/serial_communication) by extension 'ignore_ament_install'
[1.627s] Level 1:colcon.colcon_core.package_identification:_identify(src/serial_communication) by extensions ['colcon_pkg']
[1.627s] Level 1:colcon.colcon_core.package_identification:_identify(src/serial_communication) by extension 'colcon_pkg'
[1.628s] Level 1:colcon.colcon_core.package_identification:_identify(src/serial_communication) by extensions ['colcon_meta']
[1.628s] Level 1:colcon.colcon_core.package_identification:_identify(src/serial_communication) by extension 'colcon_meta'
[1.628s] Level 1:colcon.colcon_core.package_identification:_identify(src/serial_communication) by extensions ['ros']
[1.628s] Level 1:colcon.colcon_core.package_identification:_identify(src/serial_communication) by extension 'ros'
[1.631s] DEBUG:colcon.colcon_core.package_identification:Package 'src/serial_communication' with type 'ros.ament_python' and name 'serial_communication'
[1.631s] Level 1:colcon.colcon_core.package_discovery:discover_packages(recursive) using defaults
[1.631s] Level 1:colcon.colcon_core.package_discovery:discover_packages(ignore) discover
[1.631s] Level 1:colcon.colcon_core.package_discovery:discover_packages(ignore) using defaults
[1.632s] Level 1:colcon.colcon_core.package_discovery:discover_packages(path) discover
[1.632s] Level 1:colcon.colcon_core.package_discovery:discover_packages(path) using defaults
[1.718s] INFO:colcon.colcon_core.package_selection:Skipping not selected package 'ldlidar_sl_ros2' in 'src/ldlidar_sl_ros2'
[1.718s] INFO:colcon.colcon_core.package_selection:Skipping not selected package 'serial_communication' in 'src/serial_communication'
[1.720s] Level 1:colcon.colcon_core.package_discovery:discover_packages(prefix_path) check parameters
[1.721s] Level 1:colcon.colcon_core.package_discovery:discover_packages(prefix_path) discover
[1.732s] DEBUG:colcon.colcon_installed_package_information.package_discovery:Found 4 installed packages in /home/strayer/ros2_ws/install
[1.743s] DEBUG:colcon.colcon_installed_package_information.package_discovery:Found 319 installed packages in /opt/ros/humble
[1.797s] Level 1:colcon.colcon_core.package_discovery:discover_packages(prefix_path) using defaults
[2.030s] Level 5:colcon.colcon_core.verb:set package 'navigation' build argument 'cmake_args' from command line to 'None'
[2.030s] Level 5:colcon.colcon_core.verb:set package 'navigation' build argument 'cmake_target' from command line to 'None'
[2.030s] Level 5:colcon.colcon_core.verb:set package 'navigation' build argument 'cmake_target_skip_unavailable' from command line to 'False'
[2.030s] Level 5:colcon.colcon_core.verb:set package 'navigation' build argument 'cmake_clean_cache' from command line to 'False'
[2.030s] Level 5:colcon.colcon_core.verb:set package 'navigation' build argument 'cmake_clean_first' from command line to 'False'
[2.031s] Level 5:colcon.colcon_core.verb:set package 'navigation' build argument 'cmake_force_configure' from command line to 'False'
[2.031s] Level 5:colcon.colcon_core.verb:set package 'navigation' build argument 'ament_cmake_args' from command line to 'None'
[2.031s] Level 5:colcon.colcon_core.verb:set package 'navigation' build argument 'catkin_cmake_args' from command line to 'None'
[2.031s] Level 5:colcon.colcon_core.verb:set package 'navigation' build argument 'catkin_skip_building_tests' from command line to 'False'
[2.031s] DEBUG:colcon.colcon_core.verb:Building package 'navigation' with the following arguments: {'ament_cmake_args': None, 'build_base': '/home/strayer/ros2_ws/build/navigation', 'catkin_cmake_args': None, 'catkin_skip_building_tests': False, 'cmake_args': None, 'cmake_clean_cache': False, 'cmake_clean_first': False, 'cmake_force_configure': False, 'cmake_target': None, 'cmake_target_skip_unavailable': False, 'install_base': '/home/strayer/ros2_ws/install/navigation', 'merge_install': False, 'path': '/home/strayer/ros2_ws/src/navigation', 'symlink_install': False, 'test_result_base': None}
[2.032s] INFO:colcon.colcon_core.executor:Executing jobs using 'parallel' executor
[2.035s] DEBUG:colcon.colcon_parallel_executor.executor.parallel:run_until_complete
[2.036s] INFO:colcon.colcon_ros.task.ament_python.build:Building ROS package in '/home/strayer/ros2_ws/src/navigation' with build type 'ament_python'
[2.037s] Level 1:colcon.colcon_core.shell:create_environment_hook('navigation', 'ament_prefix_path')
[2.047s] INFO:colcon.colcon_core.plugin_system:Skipping extension 'colcon_core.shell.bat': Not used on non-Windows systems
[2.048s] INFO:colcon.colcon_core.shell:Creating environment hook '/home/strayer/ros2_ws/install/navigation/share/navigation/hook/ament_prefix_path.ps1'
[2.051s] INFO:colcon.colcon_core.shell:Creating environment descriptor '/home/strayer/ros2_ws/install/navigation/share/navigation/hook/ament_prefix_path.dsv'
[2.054s] INFO:colcon.colcon_core.shell:Creating environment hook '/home/strayer/ros2_ws/install/navigation/share/navigation/hook/ament_prefix_path.sh'
[2.058s] INFO:colcon.colcon_core.shell:Skip shell extension 'powershell' for command environment: Not usable outside of PowerShell
[2.059s] DEBUG:colcon.colcon_core.shell:Skip shell extension 'dsv' for command environment
[3.481s] INFO:colcon.colcon_core.task.python.build:Building Python package in '/home/strayer/ros2_ws/src/navigation'
[3.482s] INFO:colcon.colcon_core.shell:Skip shell extension 'powershell' for command environment: Not usable outside of PowerShell
[3.483s] DEBUG:colcon.colcon_core.shell:Skip shell extension 'dsv' for command environment
[5.357s] DEBUG:colcon.colcon_core.event_handler.log_command:Invoking command in '/home/strayer/ros2_ws/src/navigation': PYTHONPATH=/home/strayer/ros2_ws/build/navigation/prefix_override:/usr/lib/python3/dist-packages/colcon_core/task/python/colcon_distutils_commands:/home/strayer/ros2_ws/install/navigation/lib/python3.10/site-packages:${PYTHONPATH} /usr/bin/python3 -W ignore:setup.py install is deprecated -W ignore:easy_install command is deprecated setup.py egg_info --egg-base ../../build/navigation build --build-base /home/strayer/ros2_ws/build/navigation/build install --record /home/strayer/ros2_ws/build/navigation/install.log --single-version-externally-managed install_data
[6.938s] DEBUG:colcon.colcon_core.event_handler.log_command:Invoked command in '/home/strayer/ros2_ws/src/navigation' returned '0': PYTHONPATH=/home/strayer/ros2_ws/build/navigation/prefix_override:/usr/lib/python3/dist-packages/colcon_core/task/python/colcon_distutils_commands:/home/strayer/ros2_ws/install/navigation/lib/python3.10/site-packages:${PYTHONPATH} /usr/bin/python3 -W ignore:setup.py install is deprecated -W ignore:easy_install command is deprecated setup.py egg_info --egg-base ../../build/navigation build --build-base /home/strayer/ros2_ws/build/navigation/build install --record /home/strayer/ros2_ws/build/navigation/install.log --single-version-externally-managed install_data
[6.949s] Level 1:colcon.colcon_core.environment:checking '/home/strayer/ros2_ws/install/navigation' for CMake module files
[6.952s] Level 1:colcon.colcon_core.environment:checking '/home/strayer/ros2_ws/install/navigation' for CMake config files
[6.957s] Level 1:colcon.colcon_core.environment:checking '/home/strayer/ros2_ws/install/navigation/lib'
[6.958s] Level 1:colcon.colcon_core.environment:checking '/home/strayer/ros2_ws/install/navigation/bin'
[6.959s] Level 1:colcon.colcon_core.environment:checking '/home/strayer/ros2_ws/install/navigation/lib/pkgconfig/navigation.pc'
[6.960s] Level 1:colcon.colcon_core.environment:checking '/home/strayer/ros2_ws/install/navigation/lib/python3.10/site-packages'
[6.960s] Level 1:colcon.colcon_core.shell:create_environment_hook('navigation', 'pythonpath')
[6.961s] INFO:colcon.colcon_core.shell:Creating environment hook '/home/strayer/ros2_ws/install/navigation/share/navigation/hook/pythonpath.ps1'
[6.963s] INFO:colcon.colcon_core.shell:Creating environment descriptor '/home/strayer/ros2_ws/install/navigation/share/navigation/hook/pythonpath.dsv'
[6.965s] INFO:colcon.colcon_core.shell:Creating environment hook '/home/strayer/ros2_ws/install/navigation/share/navigation/hook/pythonpath.sh'
[6.969s] Level 1:colcon.colcon_core.environment:checking '/home/strayer/ros2_ws/install/navigation/bin'
[6.969s] Level 1:colcon.colcon_core.environment:create_environment_scripts_only(navigation)
[6.970s] INFO:colcon.colcon_core.shell:Creating package script '/home/strayer/ros2_ws/install/navigation/share/navigation/package.ps1'
[6.974s] INFO:colcon.colcon_core.shell:Creating package descriptor '/home/strayer/ros2_ws/install/navigation/share/navigation/package.dsv'
[6.978s] INFO:colcon.colcon_core.shell:Creating package script '/home/strayer/ros2_ws/install/navigation/share/navigation/package.sh'
[6.982s] INFO:colcon.colcon_core.shell:Creating package script '/home/strayer/ros2_ws/install/navigation/share/navigation/package.bash'
[6.985s] INFO:colcon.colcon_core.shell:Creating package script '/home/strayer/ros2_ws/install/navigation/share/navigation/package.zsh'
[6.989s] Level 1:colcon.colcon_core.environment:create_file_with_runtime_dependencies(/home/strayer/ros2_ws/install/navigation/share/colcon-core/packages/navigation)
[6.991s] DEBUG:colcon.colcon_parallel_executor.executor.parallel:closing loop
[6.992s] DEBUG:colcon.colcon_parallel_executor.executor.parallel:loop closed
[6.993s] DEBUG:colcon.colcon_parallel_executor.executor.parallel:run_until_complete finished with '0'
[6.994s] DEBUG:colcon.colcon_core.event_reactor:joining thread
[7.022s] INFO:colcon.colcon_core.plugin_system:Skipping extension 'colcon_notification.desktop_notification.terminal_notifier': Not used on non-Darwin systems
[7.023s] INFO:colcon.colcon_core.plugin_system:Skipping extension 'colcon_notification.desktop_notification.win32': Not used on non-Windows systems
[7.023s] INFO:colcon.colcon_notification.desktop_notification:Sending desktop notification using 'notify2'
[7.088s] DEBUG:colcon.colcon_core.event_reactor:joined thread
[7.089s] INFO:colcon.colcon_core.shell:Creating prefix script '/home/strayer/ros2_ws/install/local_setup.ps1'
[7.095s] INFO:colcon.colcon_core.shell:Creating prefix util module '/home/strayer/ros2_ws/install/_local_setup_util_ps1.py'
[7.105s] INFO:colcon.colcon_core.shell:Creating prefix chain script '/home/strayer/ros2_ws/install/setup.ps1'
[7.112s] INFO:colcon.colcon_core.shell:Creating prefix script '/home/strayer/ros2_ws/install/local_setup.sh'
[7.117s] INFO:colcon.colcon_core.shell:Creating prefix util module '/home/strayer/ros2_ws/install/_local_setup_util_sh.py'
[7.121s] INFO:colcon.colcon_core.shell:Creating prefix chain script '/home/strayer/ros2_ws/install/setup.sh'
[7.130s] INFO:colcon.colcon_core.shell:Creating prefix script '/home/strayer/ros2_ws/install/local_setup.bash'
[7.135s] INFO:colcon.colcon_core.shell:Creating prefix chain script '/home/strayer/ros2_ws/install/setup.bash'
[7.143s] INFO:colcon.colcon_core.shell:Creating prefix script '/home/strayer/ros2_ws/install/local_setup.zsh'
[7.146s] INFO:colcon.colcon_core.shell:Creating prefix chain script '/home/strayer/ros2_ws/install/setup.zsh'
