[0.127s] Invoking command in '/home/strayer/ros2_ws/build/ldlidar_sl_ros2': CMAKE_PREFIX_PATH=${CMAKE_PREFIX_PATH}:/home/strayer/ros2_ws/install/serial_communication:/home/strayer/ros2_ws/install/navigation:/opt/ros/humble /usr/bin/cmake --build /home/strayer/ros2_ws/build/ldlidar_sl_ros2 -- -j4 -l4
[1.531s] [100%] Built target ldlidar_sl_ros2_node
[2.874s] Invoked command in '/home/strayer/ros2_ws/build/ldlidar_sl_ros2' returned '0': CMAKE_PREFIX_PATH=${CMAKE_PREFIX_PATH}:/home/strayer/ros2_ws/install/serial_communication:/home/strayer/ros2_ws/install/navigation:/opt/ros/humble /usr/bin/cmake --build /home/strayer/ros2_ws/build/ldlidar_sl_ros2 -- -j4 -l4
[2.917s] Invoking command in '/home/strayer/ros2_ws/build/ldlidar_sl_ros2': CMAKE_PREFIX_PATH=${CMAKE_PREFIX_PATH}:/home/strayer/ros2_ws/install/serial_communication:/home/strayer/ros2_ws/install/navigation:/opt/ros/humble /usr/bin/cmake --install /home/strayer/ros2_ws/build/ldlidar_sl_ros2
[2.957s] -- Install configuration: ""
[2.969s] -- Up-to-date: /home/strayer/ros2_ws/install/ldlidar_sl_ros2/lib/ldlidar_sl_ros2/ldlidar_sl_ros2_node
[2.970s] -- Up-to-date: /home/strayer/ros2_ws/install/ldlidar_sl_ros2/share/ldlidar_sl_ros2//launch
[2.970s] -- Up-to-date: /home/strayer/ros2_ws/install/ldlidar_sl_ros2/share/ldlidar_sl_ros2//launch/ld14p.launch.py
[2.971s] -- Up-to-date: /home/strayer/ros2_ws/install/ldlidar_sl_ros2/share/ldlidar_sl_ros2//launch/ld14.launch.py
[2.971s] -- Up-to-date: /home/strayer/ros2_ws/install/ldlidar_sl_ros2/share/ldlidar_sl_ros2//launch/viewer_ld14.launch.py
[2.972s] -- Up-to-date: /home/strayer/ros2_ws/install/ldlidar_sl_ros2/share/ldlidar_sl_ros2//launch/viewer_ld14p.launch.py
[2.973s] -- Up-to-date: /home/strayer/ros2_ws/install/ldlidar_sl_ros2/share/ldlidar_sl_ros2//rviz2
[2.973s] -- Up-to-date: /home/strayer/ros2_ws/install/ldlidar_sl_ros2/share/ldlidar_sl_ros2//rviz2/ldlidar.rviz
[2.974s] -- Up-to-date: /home/strayer/ros2_ws/install/ldlidar_sl_ros2/share/ldlidar_sl_ros2//scripts
[2.975s] -- Up-to-date: /home/strayer/ros2_ws/install/ldlidar_sl_ros2/share/ldlidar_sl_ros2//scripts/ldlidar.rules
[2.976s] -- Up-to-date: /home/strayer/ros2_ws/install/ldlidar_sl_ros2/share/ldlidar_sl_ros2//scripts/create_udev_rules.sh
[2.976s] -- Up-to-date: /home/strayer/ros2_ws/install/ldlidar_sl_ros2/share/ldlidar_sl_ros2//scripts/delete_udev_rules.sh
[2.977s] -- Up-to-date: /home/strayer/ros2_ws/install/ldlidar_sl_ros2/share/ament_index/resource_index/package_run_dependencies/ldlidar_sl_ros2
[2.978s] -- Up-to-date: /home/strayer/ros2_ws/install/ldlidar_sl_ros2/share/ament_index/resource_index/parent_prefix_path/ldlidar_sl_ros2
[2.979s] -- Up-to-date: /home/strayer/ros2_ws/install/ldlidar_sl_ros2/share/ldlidar_sl_ros2/environment/ament_prefix_path.sh
[2.980s] -- Up-to-date: /home/strayer/ros2_ws/install/ldlidar_sl_ros2/share/ldlidar_sl_ros2/environment/ament_prefix_path.dsv
[2.981s] -- Up-to-date: /home/strayer/ros2_ws/install/ldlidar_sl_ros2/share/ldlidar_sl_ros2/environment/path.sh
[2.982s] -- Up-to-date: /home/strayer/ros2_ws/install/ldlidar_sl_ros2/share/ldlidar_sl_ros2/environment/path.dsv
[2.984s] -- Up-to-date: /home/strayer/ros2_ws/install/ldlidar_sl_ros2/share/ldlidar_sl_ros2/local_setup.bash
[2.990s] -- Up-to-date: /home/strayer/ros2_ws/install/ldlidar_sl_ros2/share/ldlidar_sl_ros2/local_setup.sh
[2.991s] -- Up-to-date: /home/strayer/ros2_ws/install/ldlidar_sl_ros2/share/ldlidar_sl_ros2/local_setup.zsh
[2.992s] -- Up-to-date: /home/strayer/ros2_ws/install/ldlidar_sl_ros2/share/ldlidar_sl_ros2/local_setup.dsv
[2.993s] -- Installing: /home/strayer/ros2_ws/install/ldlidar_sl_ros2/share/ldlidar_sl_ros2/package.dsv
[2.994s] -- Up-to-date: /home/strayer/ros2_ws/install/ldlidar_sl_ros2/share/ament_index/resource_index/packages/ldlidar_sl_ros2
[2.995s] -- Up-to-date: /home/strayer/ros2_ws/install/ldlidar_sl_ros2/share/ldlidar_sl_ros2/cmake/ldlidar_sl_ros2Config.cmake
[2.997s] -- Up-to-date: /home/strayer/ros2_ws/install/ldlidar_sl_ros2/share/ldlidar_sl_ros2/cmake/ldlidar_sl_ros2Config-version.cmake
[2.998s] -- Up-to-date: /home/strayer/ros2_ws/install/ldlidar_sl_ros2/share/ldlidar_sl_ros2/package.xml
[3.000s] Invoked command in '/home/strayer/ros2_ws/build/ldlidar_sl_ros2' returned '0': CMAKE_PREFIX_PATH=${CMAKE_PREFIX_PATH}:/home/strayer/ros2_ws/install/serial_communication:/home/strayer/ros2_ws/install/navigation:/opt/ros/humble /usr/bin/cmake --install /home/strayer/ros2_ws/build/ldlidar_sl_ros2
