[0.536s] Invoking command in '/home/s/ros2_ws/src/serial_communication': PYTHONPATH=/home/s/ros2_ws/build/serial_communication/prefix_override:/usr/lib/python3/dist-packages/colcon_core/task/python/colcon_distutils_commands:/home/s/ros2_ws/install/serial_communication/lib/python3.10/site-packages:${PYTHONPATH} /usr/bin/python3 -W ignore:setup.py install is deprecated -W ignore:easy_install command is deprecated setup.py egg_info --egg-base ../../build/serial_communication build --build-base /home/s/ros2_ws/build/serial_communication/build install --record /home/s/ros2_ws/build/serial_communication/install.log --single-version-externally-managed install_data
[0.685s] running egg_info
[0.686s] writing ../../build/serial_communication/serial_communication.egg-info/PKG-INFO
[0.686s] writing dependency_links to ../../build/serial_communication/serial_communication.egg-info/dependency_links.txt
[0.687s] writing entry points to ../../build/serial_communication/serial_communication.egg-info/entry_points.txt
[0.687s] writing requirements to ../../build/serial_communication/serial_communication.egg-info/requires.txt
[0.688s] writing top-level names to ../../build/serial_communication/serial_communication.egg-info/top_level.txt
[0.688s] reading manifest file '../../build/serial_communication/serial_communication.egg-info/SOURCES.txt'
[0.688s] writing manifest file '../../build/serial_communication/serial_communication.egg-info/SOURCES.txt'
[0.688s] running build
[0.688s] running build_py
[0.689s] running install
[0.689s] running install_lib
[0.690s] running install_data
[0.690s] running install_egg_info
[0.691s] removing '/home/s/ros2_ws/install/serial_communication/lib/python3.10/site-packages/serial_communication-0.0.0-py3.10.egg-info' (and everything under it)
[0.691s] Copying ../../build/serial_communication/serial_communication.egg-info to /home/s/ros2_ws/install/serial_communication/lib/python3.10/site-packages/serial_communication-0.0.0-py3.10.egg-info
[0.692s] running install_scripts
[0.708s] Installing stm32_reciever script to /home/s/ros2_ws/install/serial_communication/lib/serial_communication
[0.708s] Installing stm32_sender script to /home/s/ros2_ws/install/serial_communication/lib/serial_communication
[0.708s] writing list of installed files to '/home/s/ros2_ws/build/serial_communication/install.log'
[0.735s] Invoked command in '/home/s/ros2_ws/src/serial_communication' returned '0': PYTHONPATH=/home/s/ros2_ws/build/serial_communication/prefix_override:/usr/lib/python3/dist-packages/colcon_core/task/python/colcon_distutils_commands:/home/s/ros2_ws/install/serial_communication/lib/python3.10/site-packages:${PYTHONPATH} /usr/bin/python3 -W ignore:setup.py install is deprecated -W ignore:easy_install command is deprecated setup.py egg_info --egg-base ../../build/serial_communication build --build-base /home/s/ros2_ws/build/serial_communication/build install --record /home/s/ros2_ws/build/serial_communication/install.log --single-version-externally-managed install_data
