[3.127s] Invoking command in '/home/strayer/ros2_ws/src/serial_communication': PYTHONPATH=/home/strayer/ros2_ws/build/serial_communication/prefix_override:/usr/lib/python3/dist-packages/colcon_core/task/python/colcon_distutils_commands:/home/strayer/ros2_ws/install/serial_communication/lib/python3.10/site-packages:${PYTHONPATH} /usr/bin/python3 -W ignore:setup.py install is deprecated -W ignore:easy_install command is deprecated setup.py egg_info --egg-base ../../build/serial_communication build --build-base /home/strayer/ros2_ws/build/serial_communication/build install --record /home/strayer/ros2_ws/build/serial_communication/install.log --single-version-externally-managed install_data
[4.270s] running egg_info
[4.274s] writing ../../build/serial_communication/serial_communication.egg-info/PKG-INFO
[4.275s] writing dependency_links to ../../build/serial_communication/serial_communication.egg-info/dependency_links.txt
[4.276s] writing entry points to ../../build/serial_communication/serial_communication.egg-info/entry_points.txt
[4.277s] writing requirements to ../../build/serial_communication/serial_communication.egg-info/requires.txt
[4.277s] writing top-level names to ../../build/serial_communication/serial_communication.egg-info/top_level.txt
[4.286s] reading manifest file '../../build/serial_communication/serial_communication.egg-info/SOURCES.txt'
[4.290s] writing manifest file '../../build/serial_communication/serial_communication.egg-info/SOURCES.txt'
[4.291s] running build
[4.292s] running build_py
[4.293s] running install
[4.294s] running install_lib
[4.301s] running install_data
[4.302s] running install_egg_info
[4.310s] removing '/home/strayer/ros2_ws/install/serial_communication/lib/python3.10/site-packages/serial_communication-0.0.0-py3.10.egg-info' (and everything under it)
[4.311s] Copying ../../build/serial_communication/serial_communication.egg-info to /home/strayer/ros2_ws/install/serial_communication/lib/python3.10/site-packages/serial_communication-0.0.0-py3.10.egg-info
[4.317s] running install_scripts
[4.404s] Installing stm32_reciever script to /home/strayer/ros2_ws/install/serial_communication/lib/serial_communication
[4.404s] Installing stm32_sender script to /home/strayer/ros2_ws/install/serial_communication/lib/serial_communication
[4.406s] writing list of installed files to '/home/strayer/ros2_ws/build/serial_communication/install.log'
[4.527s] Invoked command in '/home/strayer/ros2_ws/src/serial_communication' returned '0': PYTHONPATH=/home/strayer/ros2_ws/build/serial_communication/prefix_override:/usr/lib/python3/dist-packages/colcon_core/task/python/colcon_distutils_commands:/home/strayer/ros2_ws/install/serial_communication/lib/python3.10/site-packages:${PYTHONPATH} /usr/bin/python3 -W ignore:setup.py install is deprecated -W ignore:easy_install command is deprecated setup.py egg_info --egg-base ../../build/serial_communication build --build-base /home/strayer/ros2_ws/build/serial_communication/build install --record /home/strayer/ros2_ws/build/serial_communication/install.log --single-version-externally-managed install_data
