[0.674s] DEBUG:colcon:Command line arguments: ['/usr/bin/colcon', 'build', '--packages-select', 'nav2']
[0.674s] DEBUG:colcon:Parsed command line arguments: Namespace(log_base=None, log_level=None, verb_name='build', build_base='build', install_base='install', merge_install=False, symlink_install=False, test_result_base=None, continue_on_error=False, executor='parallel', parallel_workers=4, event_handlers=None, ignore_user_meta=False, metas=['./colcon.meta'], base_paths=['.'], packages_ignore=None, packages_ignore_regex=None, paths=None, packages_up_to=None, packages_up_to_regex=None, packages_above=None, packages_above_and_dependencies=None, packages_above_depth=None, packages_select_by_dep=None, packages_skip_by_dep=None, packages_skip_up_to=None, packages_select_build_failed=False, packages_skip_build_finished=False, packages_select_test_failures=False, packages_skip_test_passed=False, packages_select=['nav2'], packages_skip=None, packages_select_regex=None, packages_skip_regex=None, packages_start=None, packages_end=None, allow_overriding=[], cmake_args=None, cmake_target=None, cmake_target_skip_unavailable=False, cmake_clean_cache=False, cmake_clean_first=False, cmake_force_configure=False, ament_cmake_args=None, catkin_cmake_args=None, catkin_skip_building_tests=False, verb_parser=<colcon_defaults.argument_parser.defaults.DefaultArgumentsDecorator object at 0xffffa1627b20>, verb_extension=<colcon_core.verb.build.BuildVerb object at 0xffffa180cf10>, main=<bound method BuildVerb.main of <colcon_core.verb.build.BuildVerb object at 0xffffa180cf10>>)
[2.098s] Level 1:colcon.colcon_core.package_discovery:discover_packages(colcon_meta) check parameters
[2.098s] Level 1:colcon.colcon_core.package_discovery:discover_packages(recursive) check parameters
[2.099s] Level 1:colcon.colcon_core.package_discovery:discover_packages(ignore) check parameters
[2.099s] Level 1:colcon.colcon_core.package_discovery:discover_packages(path) check parameters
[2.099s] Level 1:colcon.colcon_core.package_discovery:discover_packages(colcon_meta) discover
[2.099s] Level 1:colcon.colcon_core.package_discovery:discover_packages(recursive) discover
[2.099s] INFO:colcon.colcon_core.package_discovery:Crawling recursively for packages in '/home/strayer/ros2_ws'
[2.100s] Level 1:colcon.colcon_core.package_identification:_identify(.) by extensions ['ignore', 'ignore_ament_install']
[2.100s] Level 1:colcon.colcon_core.package_identification:_identify(.) by extension 'ignore'
[2.101s] Level 1:colcon.colcon_core.package_identification:_identify(.) by extension 'ignore_ament_install'
[2.101s] Level 1:colcon.colcon_core.package_identification:_identify(.) by extensions ['colcon_pkg']
[2.101s] Level 1:colcon.colcon_core.package_identification:_identify(.) by extension 'colcon_pkg'
[2.102s] Level 1:colcon.colcon_core.package_identification:_identify(.) by extensions ['colcon_meta']
[2.102s] Level 1:colcon.colcon_core.package_identification:_identify(.) by extension 'colcon_meta'
[2.102s] Level 1:colcon.colcon_core.package_identification:_identify(.) by extensions ['ros']
[2.102s] Level 1:colcon.colcon_core.package_identification:_identify(.) by extension 'ros'
[2.174s] Level 1:colcon.colcon_core.package_identification:_identify(.) by extensions ['cmake', 'python']
[2.175s] Level 1:colcon.colcon_core.package_identification:_identify(.) by extension 'cmake'
[2.175s] Level 1:colcon.colcon_core.package_identification:_identify(.) by extension 'python'
[2.175s] Level 1:colcon.colcon_core.package_identification:_identify(.) by extensions ['python_setup_py']
[2.175s] Level 1:colcon.colcon_core.package_identification:_identify(.) by extension 'python_setup_py'
[2.176s] Level 1:colcon.colcon_core.package_identification:_identify(build) by extensions ['ignore', 'ignore_ament_install']
[2.176s] Level 1:colcon.colcon_core.package_identification:_identify(build) by extension 'ignore'
[2.176s] Level 1:colcon.colcon_core.package_identification:_identify(build) ignored
[2.177s] Level 1:colcon.colcon_core.package_identification:_identify(install) by extensions ['ignore', 'ignore_ament_install']
[2.177s] Level 1:colcon.colcon_core.package_identification:_identify(install) by extension 'ignore'
[2.177s] Level 1:colcon.colcon_core.package_identification:_identify(install) ignored
[2.178s] Level 1:colcon.colcon_core.package_identification:_identify(log) by extensions ['ignore', 'ignore_ament_install']
[2.178s] Level 1:colcon.colcon_core.package_identification:_identify(log) by extension 'ignore'
[2.178s] Level 1:colcon.colcon_core.package_identification:_identify(log) ignored
[2.179s] Level 1:colcon.colcon_core.package_identification:_identify(src) by extensions ['ignore', 'ignore_ament_install']
[2.179s] Level 1:colcon.colcon_core.package_identification:_identify(src) by extension 'ignore'
[2.179s] Level 1:colcon.colcon_core.package_identification:_identify(src) by extension 'ignore_ament_install'
[2.179s] Level 1:colcon.colcon_core.package_identification:_identify(src) by extensions ['colcon_pkg']
[2.180s] Level 1:colcon.colcon_core.package_identification:_identify(src) by extension 'colcon_pkg'
[2.180s] Level 1:colcon.colcon_core.package_identification:_identify(src) by extensions ['colcon_meta']
[2.180s] Level 1:colcon.colcon_core.package_identification:_identify(src) by extension 'colcon_meta'
[2.180s] Level 1:colcon.colcon_core.package_identification:_identify(src) by extensions ['ros']
[2.180s] Level 1:colcon.colcon_core.package_identification:_identify(src) by extension 'ros'
[2.181s] Level 1:colcon.colcon_core.package_identification:_identify(src) by extensions ['cmake', 'python']
[2.181s] Level 1:colcon.colcon_core.package_identification:_identify(src) by extension 'cmake'
[2.181s] Level 1:colcon.colcon_core.package_identification:_identify(src) by extension 'python'
[2.181s] Level 1:colcon.colcon_core.package_identification:_identify(src) by extensions ['python_setup_py']
[2.181s] Level 1:colcon.colcon_core.package_identification:_identify(src) by extension 'python_setup_py'
[2.182s] Level 1:colcon.colcon_core.package_identification:_identify(src/config) by extensions ['ignore', 'ignore_ament_install']
[2.182s] Level 1:colcon.colcon_core.package_identification:_identify(src/config) by extension 'ignore'
[2.182s] Level 1:colcon.colcon_core.package_identification:_identify(src/config) by extension 'ignore_ament_install'
[2.182s] Level 1:colcon.colcon_core.package_identification:_identify(src/config) by extensions ['colcon_pkg']
[2.183s] Level 1:colcon.colcon_core.package_identification:_identify(src/config) by extension 'colcon_pkg'
[2.183s] Level 1:colcon.colcon_core.package_identification:_identify(src/config) by extensions ['colcon_meta']
[2.183s] Level 1:colcon.colcon_core.package_identification:_identify(src/config) by extension 'colcon_meta'
[2.183s] Level 1:colcon.colcon_core.package_identification:_identify(src/config) by extensions ['ros']
[2.183s] Level 1:colcon.colcon_core.package_identification:_identify(src/config) by extension 'ros'
[2.183s] Level 1:colcon.colcon_core.package_identification:_identify(src/config) by extensions ['cmake', 'python']
[2.184s] Level 1:colcon.colcon_core.package_identification:_identify(src/config) by extension 'cmake'
[2.184s] Level 1:colcon.colcon_core.package_identification:_identify(src/config) by extension 'python'
[2.184s] Level 1:colcon.colcon_core.package_identification:_identify(src/config) by extensions ['python_setup_py']
[2.184s] Level 1:colcon.colcon_core.package_identification:_identify(src/config) by extension 'python_setup_py'
[2.185s] Level 1:colcon.colcon_core.package_identification:_identify(src/ldlidar_sl_ros2) by extensions ['ignore', 'ignore_ament_install']
[2.185s] Level 1:colcon.colcon_core.package_identification:_identify(src/ldlidar_sl_ros2) by extension 'ignore'
[2.185s] Level 1:colcon.colcon_core.package_identification:_identify(src/ldlidar_sl_ros2) by extension 'ignore_ament_install'
[2.185s] Level 1:colcon.colcon_core.package_identification:_identify(src/ldlidar_sl_ros2) by extensions ['colcon_pkg']
[2.185s] Level 1:colcon.colcon_core.package_identification:_identify(src/ldlidar_sl_ros2) by extension 'colcon_pkg'
[2.186s] Level 1:colcon.colcon_core.package_identification:_identify(src/ldlidar_sl_ros2) by extensions ['colcon_meta']
[2.186s] Level 1:colcon.colcon_core.package_identification:_identify(src/ldlidar_sl_ros2) by extension 'colcon_meta'
[2.186s] Level 1:colcon.colcon_core.package_identification:_identify(src/ldlidar_sl_ros2) by extensions ['ros']
[2.186s] Level 1:colcon.colcon_core.package_identification:_identify(src/ldlidar_sl_ros2) by extension 'ros'
[2.200s] DEBUG:colcon.colcon_core.package_identification:Package 'src/ldlidar_sl_ros2' with type 'ros.ament_cmake' and name 'ldlidar_sl_ros2'
[2.201s] Level 1:colcon.colcon_core.package_identification:_identify(src/nav2) by extensions ['ignore', 'ignore_ament_install']
[2.201s] Level 1:colcon.colcon_core.package_identification:_identify(src/nav2) by extension 'ignore'
[2.202s] Level 1:colcon.colcon_core.package_identification:_identify(src/nav2) by extension 'ignore_ament_install'
[2.202s] Level 1:colcon.colcon_core.package_identification:_identify(src/nav2) by extensions ['colcon_pkg']
[2.202s] Level 1:colcon.colcon_core.package_identification:_identify(src/nav2) by extension 'colcon_pkg'
[2.202s] Level 1:colcon.colcon_core.package_identification:_identify(src/nav2) by extensions ['colcon_meta']
[2.202s] Level 1:colcon.colcon_core.package_identification:_identify(src/nav2) by extension 'colcon_meta'
[2.203s] Level 1:colcon.colcon_core.package_identification:_identify(src/nav2) by extensions ['ros']
[2.203s] Level 1:colcon.colcon_core.package_identification:_identify(src/nav2) by extension 'ros'
[2.205s] DEBUG:colcon.colcon_core.package_identification:Package 'src/nav2' with type 'ros.ament_cmake' and name 'nav2'
[2.206s] Level 1:colcon.colcon_core.package_identification:_identify(src/serial_communication) by extensions ['ignore', 'ignore_ament_install']
[2.207s] Level 1:colcon.colcon_core.package_identification:_identify(src/serial_communication) by extension 'ignore'
[2.207s] Level 1:colcon.colcon_core.package_identification:_identify(src/serial_communication) by extension 'ignore_ament_install'
[2.207s] Level 1:colcon.colcon_core.package_identification:_identify(src/serial_communication) by extensions ['colcon_pkg']
[2.207s] Level 1:colcon.colcon_core.package_identification:_identify(src/serial_communication) by extension 'colcon_pkg'
[2.207s] Level 1:colcon.colcon_core.package_identification:_identify(src/serial_communication) by extensions ['colcon_meta']
[2.208s] Level 1:colcon.colcon_core.package_identification:_identify(src/serial_communication) by extension 'colcon_meta'
[2.208s] Level 1:colcon.colcon_core.package_identification:_identify(src/serial_communication) by extensions ['ros']
[2.208s] Level 1:colcon.colcon_core.package_identification:_identify(src/serial_communication) by extension 'ros'
[2.211s] DEBUG:colcon.colcon_core.package_identification:Package 'src/serial_communication' with type 'ros.ament_python' and name 'serial_communication'
[2.211s] Level 1:colcon.colcon_core.package_discovery:discover_packages(recursive) using defaults
[2.211s] Level 1:colcon.colcon_core.package_discovery:discover_packages(ignore) discover
[2.211s] Level 1:colcon.colcon_core.package_discovery:discover_packages(ignore) using defaults
[2.211s] Level 1:colcon.colcon_core.package_discovery:discover_packages(path) discover
[2.211s] Level 1:colcon.colcon_core.package_discovery:discover_packages(path) using defaults
[2.316s] INFO:colcon.colcon_core.package_selection:Skipping not selected package 'ldlidar_sl_ros2' in 'src/ldlidar_sl_ros2'
[2.316s] INFO:colcon.colcon_core.package_selection:Skipping not selected package 'serial_communication' in 'src/serial_communication'
[2.319s] Level 1:colcon.colcon_core.package_discovery:discover_packages(prefix_path) check parameters
[2.319s] Level 1:colcon.colcon_core.package_discovery:discover_packages(prefix_path) discover
[2.333s] DEBUG:colcon.colcon_installed_package_information.package_discovery:Found 2 installed packages in /home/strayer/ros2_ws/install
[2.345s] DEBUG:colcon.colcon_installed_package_information.package_discovery:Found 319 installed packages in /opt/ros/humble
[2.393s] Level 1:colcon.colcon_core.package_discovery:discover_packages(prefix_path) using defaults
[2.588s] Level 5:colcon.colcon_core.verb:set package 'nav2' build argument 'cmake_args' from command line to 'None'
[2.589s] Level 5:colcon.colcon_core.verb:set package 'nav2' build argument 'cmake_target' from command line to 'None'
[2.589s] Level 5:colcon.colcon_core.verb:set package 'nav2' build argument 'cmake_target_skip_unavailable' from command line to 'False'
[2.589s] Level 5:colcon.colcon_core.verb:set package 'nav2' build argument 'cmake_clean_cache' from command line to 'False'
[2.589s] Level 5:colcon.colcon_core.verb:set package 'nav2' build argument 'cmake_clean_first' from command line to 'False'
[2.589s] Level 5:colcon.colcon_core.verb:set package 'nav2' build argument 'cmake_force_configure' from command line to 'False'
[2.589s] Level 5:colcon.colcon_core.verb:set package 'nav2' build argument 'ament_cmake_args' from command line to 'None'
[2.589s] Level 5:colcon.colcon_core.verb:set package 'nav2' build argument 'catkin_cmake_args' from command line to 'None'
[2.589s] Level 5:colcon.colcon_core.verb:set package 'nav2' build argument 'catkin_skip_building_tests' from command line to 'False'
[2.590s] DEBUG:colcon.colcon_core.verb:Building package 'nav2' with the following arguments: {'ament_cmake_args': None, 'build_base': '/home/strayer/ros2_ws/build/nav2', 'catkin_cmake_args': None, 'catkin_skip_building_tests': False, 'cmake_args': None, 'cmake_clean_cache': False, 'cmake_clean_first': False, 'cmake_force_configure': False, 'cmake_target': None, 'cmake_target_skip_unavailable': False, 'install_base': '/home/strayer/ros2_ws/install/nav2', 'merge_install': False, 'path': '/home/strayer/ros2_ws/src/nav2', 'symlink_install': False, 'test_result_base': None}
[2.590s] INFO:colcon.colcon_core.executor:Executing jobs using 'parallel' executor
[2.593s] DEBUG:colcon.colcon_parallel_executor.executor.parallel:run_until_complete
[2.594s] INFO:colcon.colcon_ros.task.ament_cmake.build:Building ROS package in '/home/strayer/ros2_ws/src/nav2' with build type 'ament_cmake'
[2.595s] INFO:colcon.colcon_cmake.task.cmake.build:Building CMake package in '/home/strayer/ros2_ws/src/nav2'
[2.616s] INFO:colcon.colcon_core.plugin_system:Skipping extension 'colcon_core.shell.bat': Not used on non-Windows systems
[2.618s] INFO:colcon.colcon_core.shell:Skip shell extension 'powershell' for command environment: Not usable outside of PowerShell
[2.618s] DEBUG:colcon.colcon_core.shell:Skip shell extension 'dsv' for command environment
[2.675s] DEBUG:colcon.colcon_core.event_handler.log_command:Invoking command in '/home/strayer/ros2_ws/build/nav2': CMAKE_PREFIX_PATH=${CMAKE_PREFIX_PATH}:/home/strayer/ros2_ws/install/serial_communication:/opt/ros/humble /usr/bin/cmake /home/strayer/ros2_ws/src/nav2 -DCMAKE_INSTALL_PREFIX=/home/strayer/ros2_ws/install/nav2
[7.877s] DEBUG:colcon.colcon_core.event_handler.log_command:Invoked command in '/home/strayer/ros2_ws/build/nav2' returned '0': CMAKE_PREFIX_PATH=${CMAKE_PREFIX_PATH}:/home/strayer/ros2_ws/install/serial_communication:/opt/ros/humble /usr/bin/cmake /home/strayer/ros2_ws/src/nav2 -DCMAKE_INSTALL_PREFIX=/home/strayer/ros2_ws/install/nav2
[7.895s] DEBUG:colcon.colcon_core.event_handler.log_command:Invoking command in '/home/strayer/ros2_ws/build/nav2': CMAKE_PREFIX_PATH=${CMAKE_PREFIX_PATH}:/home/strayer/ros2_ws/install/serial_communication:/opt/ros/humble /usr/bin/cmake --build /home/strayer/ros2_ws/build/nav2 -- -j4 -l4
[8.129s] DEBUG:colcon.colcon_core.event_handler.log_command:Invoked command in '/home/strayer/ros2_ws/build/nav2' returned '0': CMAKE_PREFIX_PATH=${CMAKE_PREFIX_PATH}:/home/strayer/ros2_ws/install/serial_communication:/opt/ros/humble /usr/bin/cmake --build /home/strayer/ros2_ws/build/nav2 -- -j4 -l4
[8.193s] DEBUG:colcon.colcon_core.event_handler.log_command:Invoking command in '/home/strayer/ros2_ws/build/nav2': CMAKE_PREFIX_PATH=${CMAKE_PREFIX_PATH}:/home/strayer/ros2_ws/install/serial_communication:/opt/ros/humble /usr/bin/cmake --install /home/strayer/ros2_ws/build/nav2
[8.288s] Level 1:colcon.colcon_core.environment:create_environment_scripts_only(nav2)
[8.294s] DEBUG:colcon.colcon_core.event_handler.log_command:Invoked command in '/home/strayer/ros2_ws/build/nav2' returned '0': CMAKE_PREFIX_PATH=${CMAKE_PREFIX_PATH}:/home/strayer/ros2_ws/install/serial_communication:/opt/ros/humble /usr/bin/cmake --install /home/strayer/ros2_ws/build/nav2
[8.338s] Level 1:colcon.colcon_core.environment:checking '/home/strayer/ros2_ws/install/nav2' for CMake module files
[8.343s] Level 1:colcon.colcon_core.environment:checking '/home/strayer/ros2_ws/install/nav2' for CMake config files
[8.345s] Level 1:colcon.colcon_core.shell:create_environment_hook('nav2', 'cmake_prefix_path')
[8.347s] INFO:colcon.colcon_core.shell:Creating environment hook '/home/strayer/ros2_ws/install/nav2/share/nav2/hook/cmake_prefix_path.ps1'
[8.354s] INFO:colcon.colcon_core.shell:Creating environment descriptor '/home/strayer/ros2_ws/install/nav2/share/nav2/hook/cmake_prefix_path.dsv'
[8.359s] INFO:colcon.colcon_core.shell:Creating environment hook '/home/strayer/ros2_ws/install/nav2/share/nav2/hook/cmake_prefix_path.sh'
[8.365s] Level 1:colcon.colcon_core.environment:checking '/home/strayer/ros2_ws/install/nav2/bin'
[8.366s] Level 1:colcon.colcon_core.environment:checking '/home/strayer/ros2_ws/install/nav2/lib/pkgconfig/nav2.pc'
[8.368s] Level 1:colcon.colcon_core.environment:checking '/home/strayer/ros2_ws/install/nav2/lib/python3.10/site-packages'
[8.370s] Level 1:colcon.colcon_core.environment:checking '/home/strayer/ros2_ws/install/nav2/bin'
[8.372s] INFO:colcon.colcon_core.shell:Creating package script '/home/strayer/ros2_ws/install/nav2/share/nav2/package.ps1'
[8.379s] INFO:colcon.colcon_core.shell:Creating package descriptor '/home/strayer/ros2_ws/install/nav2/share/nav2/package.dsv'
[8.385s] INFO:colcon.colcon_core.shell:Creating package script '/home/strayer/ros2_ws/install/nav2/share/nav2/package.sh'
[8.390s] INFO:colcon.colcon_core.shell:Creating package script '/home/strayer/ros2_ws/install/nav2/share/nav2/package.bash'
[8.397s] INFO:colcon.colcon_core.shell:Creating package script '/home/strayer/ros2_ws/install/nav2/share/nav2/package.zsh'
[8.405s] Level 1:colcon.colcon_core.environment:create_file_with_runtime_dependencies(/home/strayer/ros2_ws/install/nav2/share/colcon-core/packages/nav2)
[8.409s] Level 1:colcon.colcon_core.environment:create_environment_scripts_only(nav2)
[8.411s] Level 1:colcon.colcon_core.environment:checking '/home/strayer/ros2_ws/install/nav2' for CMake module files
[8.415s] Level 1:colcon.colcon_core.environment:checking '/home/strayer/ros2_ws/install/nav2' for CMake config files
[8.417s] Level 1:colcon.colcon_core.shell:create_environment_hook('nav2', 'cmake_prefix_path')
[8.419s] INFO:colcon.colcon_core.shell:Creating environment hook '/home/strayer/ros2_ws/install/nav2/share/nav2/hook/cmake_prefix_path.ps1'
[8.422s] INFO:colcon.colcon_core.shell:Creating environment descriptor '/home/strayer/ros2_ws/install/nav2/share/nav2/hook/cmake_prefix_path.dsv'
[8.426s] INFO:colcon.colcon_core.shell:Creating environment hook '/home/strayer/ros2_ws/install/nav2/share/nav2/hook/cmake_prefix_path.sh'
[8.431s] Level 1:colcon.colcon_core.environment:checking '/home/strayer/ros2_ws/install/nav2/bin'
[8.431s] Level 1:colcon.colcon_core.environment:checking '/home/strayer/ros2_ws/install/nav2/lib/pkgconfig/nav2.pc'
[8.433s] Level 1:colcon.colcon_core.environment:checking '/home/strayer/ros2_ws/install/nav2/lib/python3.10/site-packages'
[8.435s] Level 1:colcon.colcon_core.environment:checking '/home/strayer/ros2_ws/install/nav2/bin'
[8.437s] INFO:colcon.colcon_core.shell:Creating package script '/home/strayer/ros2_ws/install/nav2/share/nav2/package.ps1'
[8.441s] INFO:colcon.colcon_core.shell:Creating package descriptor '/home/strayer/ros2_ws/install/nav2/share/nav2/package.dsv'
[8.445s] INFO:colcon.colcon_core.shell:Creating package script '/home/strayer/ros2_ws/install/nav2/share/nav2/package.sh'
[8.447s] INFO:colcon.colcon_core.shell:Creating package script '/home/strayer/ros2_ws/install/nav2/share/nav2/package.bash'
[8.449s] INFO:colcon.colcon_core.shell:Creating package script '/home/strayer/ros2_ws/install/nav2/share/nav2/package.zsh'
[8.452s] Level 1:colcon.colcon_core.environment:create_file_with_runtime_dependencies(/home/strayer/ros2_ws/install/nav2/share/colcon-core/packages/nav2)
[8.453s] DEBUG:colcon.colcon_parallel_executor.executor.parallel:closing loop
[8.455s] DEBUG:colcon.colcon_parallel_executor.executor.parallel:loop closed
[8.455s] DEBUG:colcon.colcon_parallel_executor.executor.parallel:run_until_complete finished with '0'
[8.456s] DEBUG:colcon.colcon_core.event_reactor:joining thread
[8.488s] INFO:colcon.colcon_core.plugin_system:Skipping extension 'colcon_notification.desktop_notification.terminal_notifier': Not used on non-Darwin systems
[8.489s] INFO:colcon.colcon_core.plugin_system:Skipping extension 'colcon_notification.desktop_notification.win32': Not used on non-Windows systems
[8.489s] INFO:colcon.colcon_notification.desktop_notification:Sending desktop notification using 'notify2'
[8.667s] DEBUG:colcon.colcon_core.event_reactor:joined thread
[8.670s] INFO:colcon.colcon_core.shell:Creating prefix script '/home/strayer/ros2_ws/install/local_setup.ps1'
[8.676s] INFO:colcon.colcon_core.shell:Creating prefix util module '/home/strayer/ros2_ws/install/_local_setup_util_ps1.py'
[8.687s] INFO:colcon.colcon_core.shell:Creating prefix chain script '/home/strayer/ros2_ws/install/setup.ps1'
[8.697s] INFO:colcon.colcon_core.shell:Creating prefix script '/home/strayer/ros2_ws/install/local_setup.sh'
[8.702s] INFO:colcon.colcon_core.shell:Creating prefix util module '/home/strayer/ros2_ws/install/_local_setup_util_sh.py'
[8.706s] INFO:colcon.colcon_core.shell:Creating prefix chain script '/home/strayer/ros2_ws/install/setup.sh'
[8.715s] INFO:colcon.colcon_core.shell:Creating prefix script '/home/strayer/ros2_ws/install/local_setup.bash'
[8.721s] INFO:colcon.colcon_core.shell:Creating prefix chain script '/home/strayer/ros2_ws/install/setup.bash'
[8.730s] INFO:colcon.colcon_core.shell:Creating prefix script '/home/strayer/ros2_ws/install/local_setup.zsh'
[8.736s] INFO:colcon.colcon_core.shell:Creating prefix chain script '/home/strayer/ros2_ws/install/setup.zsh'
