[0.566s] DEBUG:colcon:Command line arguments: ['/usr/bin/colcon', 'build', '--packages-select', 'nav2']
[0.566s] DEBUG:colcon:Parsed command line arguments: Namespace(log_base=None, log_level=None, verb_name='build', build_base='build', install_base='install', merge_install=False, symlink_install=False, test_result_base=None, continue_on_error=False, executor='parallel', parallel_workers=4, event_handlers=None, ignore_user_meta=False, metas=['./colcon.meta'], base_paths=['.'], packages_ignore=None, packages_ignore_regex=None, paths=None, packages_up_to=None, packages_up_to_regex=None, packages_above=None, packages_above_and_dependencies=None, packages_above_depth=None, packages_select_by_dep=None, packages_skip_by_dep=None, packages_skip_up_to=None, packages_select_build_failed=False, packages_skip_build_finished=False, packages_select_test_failures=False, packages_skip_test_passed=False, packages_select=['nav2'], packages_skip=None, packages_select_regex=None, packages_skip_regex=None, packages_start=None, packages_end=None, allow_overriding=[], cmake_args=None, cmake_target=None, cmake_target_skip_unavailable=False, cmake_clean_cache=False, cmake_clean_first=False, cmake_force_configure=False, ament_cmake_args=None, catkin_cmake_args=None, catkin_skip_building_tests=False, verb_parser=<colcon_defaults.argument_parser.defaults.DefaultArgumentsDecorator object at 0xffffb8d17b50>, verb_extension=<colcon_core.verb.build.BuildVerb object at 0xffffb8efcf40>, main=<bound method BuildVerb.main of <colcon_core.verb.build.BuildVerb object at 0xffffb8efcf40>>)
[1.472s] Level 1:colcon.colcon_core.package_discovery:discover_packages(colcon_meta) check parameters
[1.473s] Level 1:colcon.colcon_core.package_discovery:discover_packages(recursive) check parameters
[1.473s] Level 1:colcon.colcon_core.package_discovery:discover_packages(ignore) check parameters
[1.473s] Level 1:colcon.colcon_core.package_discovery:discover_packages(path) check parameters
[1.473s] Level 1:colcon.colcon_core.package_discovery:discover_packages(colcon_meta) discover
[1.473s] Level 1:colcon.colcon_core.package_discovery:discover_packages(recursive) discover
[1.473s] INFO:colcon.colcon_core.package_discovery:Crawling recursively for packages in '/home/strayer/ros2_ws'
[1.474s] Level 1:colcon.colcon_core.package_identification:_identify(.) by extensions ['ignore', 'ignore_ament_install']
[1.474s] Level 1:colcon.colcon_core.package_identification:_identify(.) by extension 'ignore'
[1.475s] Level 1:colcon.colcon_core.package_identification:_identify(.) by extension 'ignore_ament_install'
[1.475s] Level 1:colcon.colcon_core.package_identification:_identify(.) by extensions ['colcon_pkg']
[1.475s] Level 1:colcon.colcon_core.package_identification:_identify(.) by extension 'colcon_pkg'
[1.475s] Level 1:colcon.colcon_core.package_identification:_identify(.) by extensions ['colcon_meta']
[1.475s] Level 1:colcon.colcon_core.package_identification:_identify(.) by extension 'colcon_meta'
[1.475s] Level 1:colcon.colcon_core.package_identification:_identify(.) by extensions ['ros']
[1.476s] Level 1:colcon.colcon_core.package_identification:_identify(.) by extension 'ros'
[1.536s] Level 1:colcon.colcon_core.package_identification:_identify(.) by extensions ['cmake', 'python']
[1.536s] Level 1:colcon.colcon_core.package_identification:_identify(.) by extension 'cmake'
[1.537s] Level 1:colcon.colcon_core.package_identification:_identify(.) by extension 'python'
[1.537s] Level 1:colcon.colcon_core.package_identification:_identify(.) by extensions ['python_setup_py']
[1.537s] Level 1:colcon.colcon_core.package_identification:_identify(.) by extension 'python_setup_py'
[1.538s] Level 1:colcon.colcon_core.package_identification:_identify(build) by extensions ['ignore', 'ignore_ament_install']
[1.538s] Level 1:colcon.colcon_core.package_identification:_identify(build) by extension 'ignore'
[1.538s] Level 1:colcon.colcon_core.package_identification:_identify(build) ignored
[1.539s] Level 1:colcon.colcon_core.package_identification:_identify(install) by extensions ['ignore', 'ignore_ament_install']
[1.539s] Level 1:colcon.colcon_core.package_identification:_identify(install) by extension 'ignore'
[1.540s] Level 1:colcon.colcon_core.package_identification:_identify(install) ignored
[1.540s] Level 1:colcon.colcon_core.package_identification:_identify(log) by extensions ['ignore', 'ignore_ament_install']
[1.541s] Level 1:colcon.colcon_core.package_identification:_identify(log) by extension 'ignore'
[1.541s] Level 1:colcon.colcon_core.package_identification:_identify(log) ignored
[1.541s] Level 1:colcon.colcon_core.package_identification:_identify(src) by extensions ['ignore', 'ignore_ament_install']
[1.542s] Level 1:colcon.colcon_core.package_identification:_identify(src) by extension 'ignore'
[1.542s] Level 1:colcon.colcon_core.package_identification:_identify(src) by extension 'ignore_ament_install'
[1.542s] Level 1:colcon.colcon_core.package_identification:_identify(src) by extensions ['colcon_pkg']
[1.542s] Level 1:colcon.colcon_core.package_identification:_identify(src) by extension 'colcon_pkg'
[1.542s] Level 1:colcon.colcon_core.package_identification:_identify(src) by extensions ['colcon_meta']
[1.542s] Level 1:colcon.colcon_core.package_identification:_identify(src) by extension 'colcon_meta'
[1.543s] Level 1:colcon.colcon_core.package_identification:_identify(src) by extensions ['ros']
[1.543s] Level 1:colcon.colcon_core.package_identification:_identify(src) by extension 'ros'
[1.543s] Level 1:colcon.colcon_core.package_identification:_identify(src) by extensions ['cmake', 'python']
[1.543s] Level 1:colcon.colcon_core.package_identification:_identify(src) by extension 'cmake'
[1.543s] Level 1:colcon.colcon_core.package_identification:_identify(src) by extension 'python'
[1.543s] Level 1:colcon.colcon_core.package_identification:_identify(src) by extensions ['python_setup_py']
[1.543s] Level 1:colcon.colcon_core.package_identification:_identify(src) by extension 'python_setup_py'
[1.544s] Level 1:colcon.colcon_core.package_identification:_identify(src/config) by extensions ['ignore', 'ignore_ament_install']
[1.544s] Level 1:colcon.colcon_core.package_identification:_identify(src/config) by extension 'ignore'
[1.545s] Level 1:colcon.colcon_core.package_identification:_identify(src/config) by extension 'ignore_ament_install'
[1.545s] Level 1:colcon.colcon_core.package_identification:_identify(src/config) by extensions ['colcon_pkg']
[1.545s] Level 1:colcon.colcon_core.package_identification:_identify(src/config) by extension 'colcon_pkg'
[1.545s] Level 1:colcon.colcon_core.package_identification:_identify(src/config) by extensions ['colcon_meta']
[1.545s] Level 1:colcon.colcon_core.package_identification:_identify(src/config) by extension 'colcon_meta'
[1.545s] Level 1:colcon.colcon_core.package_identification:_identify(src/config) by extensions ['ros']
[1.545s] Level 1:colcon.colcon_core.package_identification:_identify(src/config) by extension 'ros'
[1.546s] Level 1:colcon.colcon_core.package_identification:_identify(src/config) by extensions ['cmake', 'python']
[1.546s] Level 1:colcon.colcon_core.package_identification:_identify(src/config) by extension 'cmake'
[1.546s] Level 1:colcon.colcon_core.package_identification:_identify(src/config) by extension 'python'
[1.546s] Level 1:colcon.colcon_core.package_identification:_identify(src/config) by extensions ['python_setup_py']
[1.546s] Level 1:colcon.colcon_core.package_identification:_identify(src/config) by extension 'python_setup_py'
[1.547s] Level 1:colcon.colcon_core.package_identification:_identify(src/ldlidar_sl_ros2) by extensions ['ignore', 'ignore_ament_install']
[1.547s] Level 1:colcon.colcon_core.package_identification:_identify(src/ldlidar_sl_ros2) by extension 'ignore'
[1.547s] Level 1:colcon.colcon_core.package_identification:_identify(src/ldlidar_sl_ros2) by extension 'ignore_ament_install'
[1.548s] Level 1:colcon.colcon_core.package_identification:_identify(src/ldlidar_sl_ros2) by extensions ['colcon_pkg']
[1.548s] Level 1:colcon.colcon_core.package_identification:_identify(src/ldlidar_sl_ros2) by extension 'colcon_pkg'
[1.548s] Level 1:colcon.colcon_core.package_identification:_identify(src/ldlidar_sl_ros2) by extensions ['colcon_meta']
[1.548s] Level 1:colcon.colcon_core.package_identification:_identify(src/ldlidar_sl_ros2) by extension 'colcon_meta'
[1.548s] Level 1:colcon.colcon_core.package_identification:_identify(src/ldlidar_sl_ros2) by extensions ['ros']
[1.548s] Level 1:colcon.colcon_core.package_identification:_identify(src/ldlidar_sl_ros2) by extension 'ros'
[1.560s] DEBUG:colcon.colcon_core.package_identification:Package 'src/ldlidar_sl_ros2' with type 'ros.ament_cmake' and name 'ldlidar_sl_ros2'
[1.560s] Level 1:colcon.colcon_core.package_identification:_identify(src/nav2) by extensions ['ignore', 'ignore_ament_install']
[1.561s] Level 1:colcon.colcon_core.package_identification:_identify(src/nav2) by extension 'ignore'
[1.561s] Level 1:colcon.colcon_core.package_identification:_identify(src/nav2) by extension 'ignore_ament_install'
[1.561s] Level 1:colcon.colcon_core.package_identification:_identify(src/nav2) by extensions ['colcon_pkg']
[1.562s] Level 1:colcon.colcon_core.package_identification:_identify(src/nav2) by extension 'colcon_pkg'
[1.562s] Level 1:colcon.colcon_core.package_identification:_identify(src/nav2) by extensions ['colcon_meta']
[1.562s] Level 1:colcon.colcon_core.package_identification:_identify(src/nav2) by extension 'colcon_meta'
[1.562s] Level 1:colcon.colcon_core.package_identification:_identify(src/nav2) by extensions ['ros']
[1.562s] Level 1:colcon.colcon_core.package_identification:_identify(src/nav2) by extension 'ros'
[1.565s] DEBUG:colcon.colcon_core.package_identification:Package 'src/nav2' with type 'ros.ament_cmake' and name 'nav2'
[1.565s] Level 1:colcon.colcon_core.package_identification:_identify(src/serial_communication) by extensions ['ignore', 'ignore_ament_install']
[1.566s] Level 1:colcon.colcon_core.package_identification:_identify(src/serial_communication) by extension 'ignore'
[1.566s] Level 1:colcon.colcon_core.package_identification:_identify(src/serial_communication) by extension 'ignore_ament_install'
[1.566s] Level 1:colcon.colcon_core.package_identification:_identify(src/serial_communication) by extensions ['colcon_pkg']
[1.566s] Level 1:colcon.colcon_core.package_identification:_identify(src/serial_communication) by extension 'colcon_pkg'
[1.566s] Level 1:colcon.colcon_core.package_identification:_identify(src/serial_communication) by extensions ['colcon_meta']
[1.567s] Level 1:colcon.colcon_core.package_identification:_identify(src/serial_communication) by extension 'colcon_meta'
[1.567s] Level 1:colcon.colcon_core.package_identification:_identify(src/serial_communication) by extensions ['ros']
[1.567s] Level 1:colcon.colcon_core.package_identification:_identify(src/serial_communication) by extension 'ros'
[1.569s] DEBUG:colcon.colcon_core.package_identification:Package 'src/serial_communication' with type 'ros.ament_python' and name 'serial_communication'
[1.570s] Level 1:colcon.colcon_core.package_discovery:discover_packages(recursive) using defaults
[1.570s] Level 1:colcon.colcon_core.package_discovery:discover_packages(ignore) discover
[1.570s] Level 1:colcon.colcon_core.package_discovery:discover_packages(ignore) using defaults
[1.570s] Level 1:colcon.colcon_core.package_discovery:discover_packages(path) discover
[1.570s] Level 1:colcon.colcon_core.package_discovery:discover_packages(path) using defaults
[1.659s] INFO:colcon.colcon_core.package_selection:Skipping not selected package 'ldlidar_sl_ros2' in 'src/ldlidar_sl_ros2'
[1.659s] INFO:colcon.colcon_core.package_selection:Skipping not selected package 'serial_communication' in 'src/serial_communication'
[1.661s] Level 1:colcon.colcon_core.package_discovery:discover_packages(prefix_path) check parameters
[1.661s] Level 1:colcon.colcon_core.package_discovery:discover_packages(prefix_path) discover
[1.670s] DEBUG:colcon.colcon_installed_package_information.package_discovery:Found 3 installed packages in /home/strayer/ros2_ws/install
[1.681s] DEBUG:colcon.colcon_installed_package_information.package_discovery:Found 319 installed packages in /opt/ros/humble
[1.729s] Level 1:colcon.colcon_core.package_discovery:discover_packages(prefix_path) using defaults
[1.915s] Level 5:colcon.colcon_core.verb:set package 'nav2' build argument 'cmake_args' from command line to 'None'
[1.915s] Level 5:colcon.colcon_core.verb:set package 'nav2' build argument 'cmake_target' from command line to 'None'
[1.916s] Level 5:colcon.colcon_core.verb:set package 'nav2' build argument 'cmake_target_skip_unavailable' from command line to 'False'
[1.916s] Level 5:colcon.colcon_core.verb:set package 'nav2' build argument 'cmake_clean_cache' from command line to 'False'
[1.916s] Level 5:colcon.colcon_core.verb:set package 'nav2' build argument 'cmake_clean_first' from command line to 'False'
[1.916s] Level 5:colcon.colcon_core.verb:set package 'nav2' build argument 'cmake_force_configure' from command line to 'False'
[1.916s] Level 5:colcon.colcon_core.verb:set package 'nav2' build argument 'ament_cmake_args' from command line to 'None'
[1.916s] Level 5:colcon.colcon_core.verb:set package 'nav2' build argument 'catkin_cmake_args' from command line to 'None'
[1.916s] Level 5:colcon.colcon_core.verb:set package 'nav2' build argument 'catkin_skip_building_tests' from command line to 'False'
[1.916s] DEBUG:colcon.colcon_core.verb:Building package 'nav2' with the following arguments: {'ament_cmake_args': None, 'build_base': '/home/strayer/ros2_ws/build/nav2', 'catkin_cmake_args': None, 'catkin_skip_building_tests': False, 'cmake_args': None, 'cmake_clean_cache': False, 'cmake_clean_first': False, 'cmake_force_configure': False, 'cmake_target': None, 'cmake_target_skip_unavailable': False, 'install_base': '/home/strayer/ros2_ws/install/nav2', 'merge_install': False, 'path': '/home/strayer/ros2_ws/src/nav2', 'symlink_install': False, 'test_result_base': None}
[1.917s] INFO:colcon.colcon_core.executor:Executing jobs using 'parallel' executor
[1.920s] DEBUG:colcon.colcon_parallel_executor.executor.parallel:run_until_complete
[1.921s] INFO:colcon.colcon_ros.task.ament_cmake.build:Building ROS package in '/home/strayer/ros2_ws/src/nav2' with build type 'ament_cmake'
[1.922s] INFO:colcon.colcon_cmake.task.cmake.build:Building CMake package in '/home/strayer/ros2_ws/src/nav2'
[1.932s] INFO:colcon.colcon_core.plugin_system:Skipping extension 'colcon_core.shell.bat': Not used on non-Windows systems
[1.933s] INFO:colcon.colcon_core.shell:Skip shell extension 'powershell' for command environment: Not usable outside of PowerShell
[1.933s] DEBUG:colcon.colcon_core.shell:Skip shell extension 'dsv' for command environment
[1.987s] DEBUG:colcon.colcon_core.event_handler.log_command:Invoking command in '/home/strayer/ros2_ws/build/nav2': CMAKE_PREFIX_PATH=${CMAKE_PREFIX_PATH}:/home/strayer/ros2_ws/install/serial_communication:/opt/ros/humble /usr/bin/cmake --build /home/strayer/ros2_ws/build/nav2 -- -j4 -l4
[2.165s] DEBUG:colcon.colcon_core.event_handler.log_command:Invoked command in '/home/strayer/ros2_ws/build/nav2' returned '0': CMAKE_PREFIX_PATH=${CMAKE_PREFIX_PATH}:/home/strayer/ros2_ws/install/serial_communication:/opt/ros/humble /usr/bin/cmake --build /home/strayer/ros2_ws/build/nav2 -- -j4 -l4
[2.209s] DEBUG:colcon.colcon_core.event_handler.log_command:Invoking command in '/home/strayer/ros2_ws/build/nav2': CMAKE_PREFIX_PATH=${CMAKE_PREFIX_PATH}:/home/strayer/ros2_ws/install/serial_communication:/opt/ros/humble /usr/bin/cmake --install /home/strayer/ros2_ws/build/nav2
[2.248s] Level 1:colcon.colcon_core.environment:create_environment_scripts_only(nav2)
[2.251s] DEBUG:colcon.colcon_core.event_handler.log_command:Invoked command in '/home/strayer/ros2_ws/build/nav2' returned '0': CMAKE_PREFIX_PATH=${CMAKE_PREFIX_PATH}:/home/strayer/ros2_ws/install/serial_communication:/opt/ros/humble /usr/bin/cmake --install /home/strayer/ros2_ws/build/nav2
[2.265s] Level 1:colcon.colcon_core.environment:checking '/home/strayer/ros2_ws/install/nav2' for CMake module files
[2.267s] Level 1:colcon.colcon_core.environment:checking '/home/strayer/ros2_ws/install/nav2' for CMake config files
[2.269s] Level 1:colcon.colcon_core.shell:create_environment_hook('nav2', 'cmake_prefix_path')
[2.270s] INFO:colcon.colcon_core.shell:Creating environment hook '/home/strayer/ros2_ws/install/nav2/share/nav2/hook/cmake_prefix_path.ps1'
[2.273s] INFO:colcon.colcon_core.shell:Creating environment descriptor '/home/strayer/ros2_ws/install/nav2/share/nav2/hook/cmake_prefix_path.dsv'
[2.275s] INFO:colcon.colcon_core.shell:Creating environment hook '/home/strayer/ros2_ws/install/nav2/share/nav2/hook/cmake_prefix_path.sh'
[2.279s] Level 1:colcon.colcon_core.environment:checking '/home/strayer/ros2_ws/install/nav2/bin'
[2.279s] Level 1:colcon.colcon_core.environment:checking '/home/strayer/ros2_ws/install/nav2/lib/pkgconfig/nav2.pc'
[2.280s] Level 1:colcon.colcon_core.environment:checking '/home/strayer/ros2_ws/install/nav2/lib/python3.10/site-packages'
[2.281s] Level 1:colcon.colcon_core.environment:checking '/home/strayer/ros2_ws/install/nav2/bin'
[2.283s] INFO:colcon.colcon_core.shell:Creating package script '/home/strayer/ros2_ws/install/nav2/share/nav2/package.ps1'
[2.286s] INFO:colcon.colcon_core.shell:Creating package descriptor '/home/strayer/ros2_ws/install/nav2/share/nav2/package.dsv'
[2.288s] INFO:colcon.colcon_core.shell:Creating package script '/home/strayer/ros2_ws/install/nav2/share/nav2/package.sh'
[2.292s] INFO:colcon.colcon_core.shell:Creating package script '/home/strayer/ros2_ws/install/nav2/share/nav2/package.bash'
[2.295s] INFO:colcon.colcon_core.shell:Creating package script '/home/strayer/ros2_ws/install/nav2/share/nav2/package.zsh'
[2.298s] Level 1:colcon.colcon_core.environment:create_file_with_runtime_dependencies(/home/strayer/ros2_ws/install/nav2/share/colcon-core/packages/nav2)
[2.301s] Level 1:colcon.colcon_core.environment:create_environment_scripts_only(nav2)
[2.302s] Level 1:colcon.colcon_core.environment:checking '/home/strayer/ros2_ws/install/nav2' for CMake module files
[2.304s] Level 1:colcon.colcon_core.environment:checking '/home/strayer/ros2_ws/install/nav2' for CMake config files
[2.306s] Level 1:colcon.colcon_core.shell:create_environment_hook('nav2', 'cmake_prefix_path')
[2.307s] INFO:colcon.colcon_core.shell:Creating environment hook '/home/strayer/ros2_ws/install/nav2/share/nav2/hook/cmake_prefix_path.ps1'
[2.309s] INFO:colcon.colcon_core.shell:Creating environment descriptor '/home/strayer/ros2_ws/install/nav2/share/nav2/hook/cmake_prefix_path.dsv'
[2.311s] INFO:colcon.colcon_core.shell:Creating environment hook '/home/strayer/ros2_ws/install/nav2/share/nav2/hook/cmake_prefix_path.sh'
[2.313s] Level 1:colcon.colcon_core.environment:checking '/home/strayer/ros2_ws/install/nav2/bin'
[2.314s] Level 1:colcon.colcon_core.environment:checking '/home/strayer/ros2_ws/install/nav2/lib/pkgconfig/nav2.pc'
[2.315s] Level 1:colcon.colcon_core.environment:checking '/home/strayer/ros2_ws/install/nav2/lib/python3.10/site-packages'
[2.316s] Level 1:colcon.colcon_core.environment:checking '/home/strayer/ros2_ws/install/nav2/bin'
[2.317s] INFO:colcon.colcon_core.shell:Creating package script '/home/strayer/ros2_ws/install/nav2/share/nav2/package.ps1'
[2.320s] INFO:colcon.colcon_core.shell:Creating package descriptor '/home/strayer/ros2_ws/install/nav2/share/nav2/package.dsv'
[2.323s] INFO:colcon.colcon_core.shell:Creating package script '/home/strayer/ros2_ws/install/nav2/share/nav2/package.sh'
[2.325s] INFO:colcon.colcon_core.shell:Creating package script '/home/strayer/ros2_ws/install/nav2/share/nav2/package.bash'
[2.327s] INFO:colcon.colcon_core.shell:Creating package script '/home/strayer/ros2_ws/install/nav2/share/nav2/package.zsh'
[2.329s] Level 1:colcon.colcon_core.environment:create_file_with_runtime_dependencies(/home/strayer/ros2_ws/install/nav2/share/colcon-core/packages/nav2)
[2.331s] DEBUG:colcon.colcon_parallel_executor.executor.parallel:closing loop
[2.332s] DEBUG:colcon.colcon_parallel_executor.executor.parallel:loop closed
[2.332s] DEBUG:colcon.colcon_parallel_executor.executor.parallel:run_until_complete finished with '0'
[2.333s] DEBUG:colcon.colcon_core.event_reactor:joining thread
[2.356s] INFO:colcon.colcon_core.plugin_system:Skipping extension 'colcon_notification.desktop_notification.terminal_notifier': Not used on non-Darwin systems
[2.356s] INFO:colcon.colcon_core.plugin_system:Skipping extension 'colcon_notification.desktop_notification.win32': Not used on non-Windows systems
[2.357s] INFO:colcon.colcon_notification.desktop_notification:Sending desktop notification using 'notify2'
[2.420s] DEBUG:colcon.colcon_core.event_reactor:joined thread
[2.422s] INFO:colcon.colcon_core.shell:Creating prefix script '/home/strayer/ros2_ws/install/local_setup.ps1'
[2.428s] INFO:colcon.colcon_core.shell:Creating prefix util module '/home/strayer/ros2_ws/install/_local_setup_util_ps1.py'
[2.438s] INFO:colcon.colcon_core.shell:Creating prefix chain script '/home/strayer/ros2_ws/install/setup.ps1'
[2.447s] INFO:colcon.colcon_core.shell:Creating prefix script '/home/strayer/ros2_ws/install/local_setup.sh'
[2.452s] INFO:colcon.colcon_core.shell:Creating prefix util module '/home/strayer/ros2_ws/install/_local_setup_util_sh.py'
[2.456s] INFO:colcon.colcon_core.shell:Creating prefix chain script '/home/strayer/ros2_ws/install/setup.sh'
[2.463s] INFO:colcon.colcon_core.shell:Creating prefix script '/home/strayer/ros2_ws/install/local_setup.bash'
[2.469s] INFO:colcon.colcon_core.shell:Creating prefix chain script '/home/strayer/ros2_ws/install/setup.bash'
[2.479s] INFO:colcon.colcon_core.shell:Creating prefix script '/home/strayer/ros2_ws/install/local_setup.zsh'
[2.485s] INFO:colcon.colcon_core.shell:Creating prefix chain script '/home/strayer/ros2_ws/install/setup.zsh'
