[0.773s] DEBUG:colcon:Command line arguments: ['/usr/bin/colcon', 'build', '--packages-select', 'navigation']
[0.774s] DEBUG:colcon:Parsed command line arguments: Namespace(log_base=None, log_level=None, verb_name='build', build_base='build', install_base='install', merge_install=False, symlink_install=False, test_result_base=None, continue_on_error=False, executor='parallel', parallel_workers=4, event_handlers=None, ignore_user_meta=False, metas=['./colcon.meta'], base_paths=['.'], packages_ignore=None, packages_ignore_regex=None, paths=None, packages_up_to=None, packages_up_to_regex=None, packages_above=None, packages_above_and_dependencies=None, packages_above_depth=None, packages_select_by_dep=None, packages_skip_by_dep=None, packages_skip_up_to=None, packages_select_build_failed=False, packages_skip_build_finished=False, packages_select_test_failures=False, packages_skip_test_passed=False, packages_select=['navigation'], packages_skip=None, packages_select_regex=None, packages_skip_regex=None, packages_start=None, packages_end=None, allow_overriding=[], cmake_args=None, cmake_target=None, cmake_target_skip_unavailable=False, cmake_clean_cache=False, cmake_clean_first=False, cmake_force_configure=False, ament_cmake_args=None, catkin_cmake_args=None, catkin_skip_building_tests=False, verb_parser=<colcon_defaults.argument_parser.defaults.DefaultArgumentsDecorator object at 0xffff96077d90>, verb_extension=<colcon_core.verb.build.BuildVerb object at 0xffff96251210>, main=<bound method BuildVerb.main of <colcon_core.verb.build.BuildVerb object at 0xffff96251210>>)
[2.201s] Level 1:colcon.colcon_core.package_discovery:discover_packages(colcon_meta) check parameters
[2.201s] Level 1:colcon.colcon_core.package_discovery:discover_packages(recursive) check parameters
[2.202s] Level 1:colcon.colcon_core.package_discovery:discover_packages(ignore) check parameters
[2.202s] Level 1:colcon.colcon_core.package_discovery:discover_packages(path) check parameters
[2.202s] Level 1:colcon.colcon_core.package_discovery:discover_packages(colcon_meta) discover
[2.203s] Level 1:colcon.colcon_core.package_discovery:discover_packages(recursive) discover
[2.203s] INFO:colcon.colcon_core.package_discovery:Crawling recursively for packages in '/home/strayer/ros2_ws'
[2.204s] Level 1:colcon.colcon_core.package_identification:_identify(.) by extensions ['ignore', 'ignore_ament_install']
[2.204s] Level 1:colcon.colcon_core.package_identification:_identify(.) by extension 'ignore'
[2.205s] Level 1:colcon.colcon_core.package_identification:_identify(.) by extension 'ignore_ament_install'
[2.206s] Level 1:colcon.colcon_core.package_identification:_identify(.) by extensions ['colcon_pkg']
[2.206s] Level 1:colcon.colcon_core.package_identification:_identify(.) by extension 'colcon_pkg'
[2.206s] Level 1:colcon.colcon_core.package_identification:_identify(.) by extensions ['colcon_meta']
[2.207s] Level 1:colcon.colcon_core.package_identification:_identify(.) by extension 'colcon_meta'
[2.207s] Level 1:colcon.colcon_core.package_identification:_identify(.) by extensions ['ros']
[2.208s] Level 1:colcon.colcon_core.package_identification:_identify(.) by extension 'ros'
[2.289s] Level 1:colcon.colcon_core.package_identification:_identify(.) by extensions ['cmake', 'python']
[2.290s] Level 1:colcon.colcon_core.package_identification:_identify(.) by extension 'cmake'
[2.290s] Level 1:colcon.colcon_core.package_identification:_identify(.) by extension 'python'
[2.291s] Level 1:colcon.colcon_core.package_identification:_identify(.) by extensions ['python_setup_py']
[2.291s] Level 1:colcon.colcon_core.package_identification:_identify(.) by extension 'python_setup_py'
[2.292s] Level 1:colcon.colcon_core.package_identification:_identify(build) by extensions ['ignore', 'ignore_ament_install']
[2.293s] Level 1:colcon.colcon_core.package_identification:_identify(build) by extension 'ignore'
[2.293s] Level 1:colcon.colcon_core.package_identification:_identify(build) ignored
[2.294s] Level 1:colcon.colcon_core.package_identification:_identify(install) by extensions ['ignore', 'ignore_ament_install']
[2.295s] Level 1:colcon.colcon_core.package_identification:_identify(install) by extension 'ignore'
[2.296s] Level 1:colcon.colcon_core.package_identification:_identify(install) ignored
[2.296s] Level 1:colcon.colcon_core.package_identification:_identify(log) by extensions ['ignore', 'ignore_ament_install']
[2.297s] Level 1:colcon.colcon_core.package_identification:_identify(log) by extension 'ignore'
[2.297s] Level 1:colcon.colcon_core.package_identification:_identify(log) ignored
[2.298s] Level 1:colcon.colcon_core.package_identification:_identify(src) by extensions ['ignore', 'ignore_ament_install']
[2.299s] Level 1:colcon.colcon_core.package_identification:_identify(src) by extension 'ignore'
[2.299s] Level 1:colcon.colcon_core.package_identification:_identify(src) by extension 'ignore_ament_install'
[2.300s] Level 1:colcon.colcon_core.package_identification:_identify(src) by extensions ['colcon_pkg']
[2.301s] Level 1:colcon.colcon_core.package_identification:_identify(src) by extension 'colcon_pkg'
[2.301s] Level 1:colcon.colcon_core.package_identification:_identify(src) by extensions ['colcon_meta']
[2.301s] Level 1:colcon.colcon_core.package_identification:_identify(src) by extension 'colcon_meta'
[2.302s] Level 1:colcon.colcon_core.package_identification:_identify(src) by extensions ['ros']
[2.302s] Level 1:colcon.colcon_core.package_identification:_identify(src) by extension 'ros'
[2.303s] Level 1:colcon.colcon_core.package_identification:_identify(src) by extensions ['cmake', 'python']
[2.303s] Level 1:colcon.colcon_core.package_identification:_identify(src) by extension 'cmake'
[2.304s] Level 1:colcon.colcon_core.package_identification:_identify(src) by extension 'python'
[2.304s] Level 1:colcon.colcon_core.package_identification:_identify(src) by extensions ['python_setup_py']
[2.305s] Level 1:colcon.colcon_core.package_identification:_identify(src) by extension 'python_setup_py'
[2.306s] Level 1:colcon.colcon_core.package_identification:_identify(src/config) by extensions ['ignore', 'ignore_ament_install']
[2.307s] Level 1:colcon.colcon_core.package_identification:_identify(src/config) by extension 'ignore'
[2.307s] Level 1:colcon.colcon_core.package_identification:_identify(src/config) by extension 'ignore_ament_install'
[2.308s] Level 1:colcon.colcon_core.package_identification:_identify(src/config) by extensions ['colcon_pkg']
[2.308s] Level 1:colcon.colcon_core.package_identification:_identify(src/config) by extension 'colcon_pkg'
[2.309s] Level 1:colcon.colcon_core.package_identification:_identify(src/config) by extensions ['colcon_meta']
[2.309s] Level 1:colcon.colcon_core.package_identification:_identify(src/config) by extension 'colcon_meta'
[2.309s] Level 1:colcon.colcon_core.package_identification:_identify(src/config) by extensions ['ros']
[2.310s] Level 1:colcon.colcon_core.package_identification:_identify(src/config) by extension 'ros'
[2.310s] Level 1:colcon.colcon_core.package_identification:_identify(src/config) by extensions ['cmake', 'python']
[2.310s] Level 1:colcon.colcon_core.package_identification:_identify(src/config) by extension 'cmake'
[2.311s] Level 1:colcon.colcon_core.package_identification:_identify(src/config) by extension 'python'
[2.311s] Level 1:colcon.colcon_core.package_identification:_identify(src/config) by extensions ['python_setup_py']
[2.311s] Level 1:colcon.colcon_core.package_identification:_identify(src/config) by extension 'python_setup_py'
[2.312s] Level 1:colcon.colcon_core.package_identification:_identify(src/ldlidar_sl_ros2) by extensions ['ignore', 'ignore_ament_install']
[2.313s] Level 1:colcon.colcon_core.package_identification:_identify(src/ldlidar_sl_ros2) by extension 'ignore'
[2.313s] Level 1:colcon.colcon_core.package_identification:_identify(src/ldlidar_sl_ros2) by extension 'ignore_ament_install'
[2.314s] Level 1:colcon.colcon_core.package_identification:_identify(src/ldlidar_sl_ros2) by extensions ['colcon_pkg']
[2.314s] Level 1:colcon.colcon_core.package_identification:_identify(src/ldlidar_sl_ros2) by extension 'colcon_pkg'
[2.315s] Level 1:colcon.colcon_core.package_identification:_identify(src/ldlidar_sl_ros2) by extensions ['colcon_meta']
[2.315s] Level 1:colcon.colcon_core.package_identification:_identify(src/ldlidar_sl_ros2) by extension 'colcon_meta'
[2.316s] Level 1:colcon.colcon_core.package_identification:_identify(src/ldlidar_sl_ros2) by extensions ['ros']
[2.316s] Level 1:colcon.colcon_core.package_identification:_identify(src/ldlidar_sl_ros2) by extension 'ros'
[2.332s] DEBUG:colcon.colcon_core.package_identification:Package 'src/ldlidar_sl_ros2' with type 'ros.ament_cmake' and name 'ldlidar_sl_ros2'
[2.333s] Level 1:colcon.colcon_core.package_identification:_identify(src/navigation) by extensions ['ignore', 'ignore_ament_install']
[2.333s] Level 1:colcon.colcon_core.package_identification:_identify(src/navigation) by extension 'ignore'
[2.334s] Level 1:colcon.colcon_core.package_identification:_identify(src/navigation) by extension 'ignore_ament_install'
[2.334s] Level 1:colcon.colcon_core.package_identification:_identify(src/navigation) by extensions ['colcon_pkg']
[2.334s] Level 1:colcon.colcon_core.package_identification:_identify(src/navigation) by extension 'colcon_pkg'
[2.334s] Level 1:colcon.colcon_core.package_identification:_identify(src/navigation) by extensions ['colcon_meta']
[2.334s] Level 1:colcon.colcon_core.package_identification:_identify(src/navigation) by extension 'colcon_meta'
[2.335s] Level 1:colcon.colcon_core.package_identification:_identify(src/navigation) by extensions ['ros']
[2.335s] Level 1:colcon.colcon_core.package_identification:_identify(src/navigation) by extension 'ros'
[2.339s] DEBUG:colcon.colcon_core.package_identification:Package 'src/navigation' with type 'ros.ament_python' and name 'navigation'
[2.340s] Level 1:colcon.colcon_core.package_identification:_identify(src/serial_communication) by extensions ['ignore', 'ignore_ament_install']
[2.340s] Level 1:colcon.colcon_core.package_identification:_identify(src/serial_communication) by extension 'ignore'
[2.341s] Level 1:colcon.colcon_core.package_identification:_identify(src/serial_communication) by extension 'ignore_ament_install'
[2.341s] Level 1:colcon.colcon_core.package_identification:_identify(src/serial_communication) by extensions ['colcon_pkg']
[2.342s] Level 1:colcon.colcon_core.package_identification:_identify(src/serial_communication) by extension 'colcon_pkg'
[2.342s] Level 1:colcon.colcon_core.package_identification:_identify(src/serial_communication) by extensions ['colcon_meta']
[2.343s] Level 1:colcon.colcon_core.package_identification:_identify(src/serial_communication) by extension 'colcon_meta'
[2.343s] Level 1:colcon.colcon_core.package_identification:_identify(src/serial_communication) by extensions ['ros']
[2.343s] Level 1:colcon.colcon_core.package_identification:_identify(src/serial_communication) by extension 'ros'
[2.347s] DEBUG:colcon.colcon_core.package_identification:Package 'src/serial_communication' with type 'ros.ament_python' and name 'serial_communication'
[2.348s] Level 1:colcon.colcon_core.package_discovery:discover_packages(recursive) using defaults
[2.348s] Level 1:colcon.colcon_core.package_discovery:discover_packages(ignore) discover
[2.348s] Level 1:colcon.colcon_core.package_discovery:discover_packages(ignore) using defaults
[2.349s] Level 1:colcon.colcon_core.package_discovery:discover_packages(path) discover
[2.349s] Level 1:colcon.colcon_core.package_discovery:discover_packages(path) using defaults
[2.491s] INFO:colcon.colcon_core.package_selection:Skipping not selected package 'ldlidar_sl_ros2' in 'src/ldlidar_sl_ros2'
[2.491s] INFO:colcon.colcon_core.package_selection:Skipping not selected package 'serial_communication' in 'src/serial_communication'
[2.494s] Level 1:colcon.colcon_core.package_discovery:discover_packages(prefix_path) check parameters
[2.494s] Level 1:colcon.colcon_core.package_discovery:discover_packages(prefix_path) discover
[2.521s] DEBUG:colcon.colcon_installed_package_information.package_discovery:Found 4 installed packages in /home/strayer/ros2_ws/install
[2.533s] DEBUG:colcon.colcon_installed_package_information.package_discovery:Found 319 installed packages in /opt/ros/humble
[2.595s] Level 1:colcon.colcon_core.package_discovery:discover_packages(prefix_path) using defaults
[2.986s] Level 5:colcon.colcon_core.verb:set package 'navigation' build argument 'cmake_args' from command line to 'None'
[2.987s] Level 5:colcon.colcon_core.verb:set package 'navigation' build argument 'cmake_target' from command line to 'None'
[2.987s] Level 5:colcon.colcon_core.verb:set package 'navigation' build argument 'cmake_target_skip_unavailable' from command line to 'False'
[2.987s] Level 5:colcon.colcon_core.verb:set package 'navigation' build argument 'cmake_clean_cache' from command line to 'False'
[2.987s] Level 5:colcon.colcon_core.verb:set package 'navigation' build argument 'cmake_clean_first' from command line to 'False'
[2.988s] Level 5:colcon.colcon_core.verb:set package 'navigation' build argument 'cmake_force_configure' from command line to 'False'
[2.988s] Level 5:colcon.colcon_core.verb:set package 'navigation' build argument 'ament_cmake_args' from command line to 'None'
[2.988s] Level 5:colcon.colcon_core.verb:set package 'navigation' build argument 'catkin_cmake_args' from command line to 'None'
[2.988s] Level 5:colcon.colcon_core.verb:set package 'navigation' build argument 'catkin_skip_building_tests' from command line to 'False'
[2.989s] DEBUG:colcon.colcon_core.verb:Building package 'navigation' with the following arguments: {'ament_cmake_args': None, 'build_base': '/home/strayer/ros2_ws/build/navigation', 'catkin_cmake_args': None, 'catkin_skip_building_tests': False, 'cmake_args': None, 'cmake_clean_cache': False, 'cmake_clean_first': False, 'cmake_force_configure': False, 'cmake_target': None, 'cmake_target_skip_unavailable': False, 'install_base': '/home/strayer/ros2_ws/install/navigation', 'merge_install': False, 'path': '/home/strayer/ros2_ws/src/navigation', 'symlink_install': False, 'test_result_base': None}
[2.990s] INFO:colcon.colcon_core.executor:Executing jobs using 'parallel' executor
[2.994s] DEBUG:colcon.colcon_parallel_executor.executor.parallel:run_until_complete
[2.996s] INFO:colcon.colcon_ros.task.ament_python.build:Building ROS package in '/home/strayer/ros2_ws/src/navigation' with build type 'ament_python'
[2.997s] Level 1:colcon.colcon_core.shell:create_environment_hook('navigation', 'ament_prefix_path')
[3.021s] INFO:colcon.colcon_core.plugin_system:Skipping extension 'colcon_core.shell.bat': Not used on non-Windows systems
[3.023s] INFO:colcon.colcon_core.shell:Creating environment hook '/home/strayer/ros2_ws/install/navigation/share/navigation/hook/ament_prefix_path.ps1'
[3.026s] INFO:colcon.colcon_core.shell:Creating environment descriptor '/home/strayer/ros2_ws/install/navigation/share/navigation/hook/ament_prefix_path.dsv'
[3.030s] INFO:colcon.colcon_core.shell:Creating environment hook '/home/strayer/ros2_ws/install/navigation/share/navigation/hook/ament_prefix_path.sh'
[3.033s] INFO:colcon.colcon_core.shell:Skip shell extension 'powershell' for command environment: Not usable outside of PowerShell
[3.034s] DEBUG:colcon.colcon_core.shell:Skip shell extension 'dsv' for command environment
[4.873s] INFO:colcon.colcon_core.task.python.build:Building Python package in '/home/strayer/ros2_ws/src/navigation'
[4.875s] INFO:colcon.colcon_core.shell:Skip shell extension 'powershell' for command environment: Not usable outside of PowerShell
[4.875s] DEBUG:colcon.colcon_core.shell:Skip shell extension 'dsv' for command environment
[6.966s] DEBUG:colcon.colcon_core.event_handler.log_command:Invoking command in '/home/strayer/ros2_ws/src/navigation': PYTHONPATH=/home/strayer/ros2_ws/build/navigation/prefix_override:/usr/lib/python3/dist-packages/colcon_core/task/python/colcon_distutils_commands:/home/strayer/ros2_ws/install/navigation/lib/python3.10/site-packages:${PYTHONPATH} /usr/bin/python3 -W ignore:setup.py install is deprecated -W ignore:easy_install command is deprecated setup.py egg_info --egg-base ../../build/navigation build --build-base /home/strayer/ros2_ws/build/navigation/build install --record /home/strayer/ros2_ws/build/navigation/install.log --single-version-externally-managed install_data
[8.665s] DEBUG:colcon.colcon_core.event_handler.log_command:Invoked command in '/home/strayer/ros2_ws/src/navigation' returned '0': PYTHONPATH=/home/strayer/ros2_ws/build/navigation/prefix_override:/usr/lib/python3/dist-packages/colcon_core/task/python/colcon_distutils_commands:/home/strayer/ros2_ws/install/navigation/lib/python3.10/site-packages:${PYTHONPATH} /usr/bin/python3 -W ignore:setup.py install is deprecated -W ignore:easy_install command is deprecated setup.py egg_info --egg-base ../../build/navigation build --build-base /home/strayer/ros2_ws/build/navigation/build install --record /home/strayer/ros2_ws/build/navigation/install.log --single-version-externally-managed install_data
[8.690s] Level 1:colcon.colcon_core.environment:checking '/home/strayer/ros2_ws/install/navigation' for CMake module files
[8.694s] Level 1:colcon.colcon_core.environment:checking '/home/strayer/ros2_ws/install/navigation' for CMake config files
[8.699s] Level 1:colcon.colcon_core.environment:checking '/home/strayer/ros2_ws/install/navigation/lib'
[8.700s] Level 1:colcon.colcon_core.environment:checking '/home/strayer/ros2_ws/install/navigation/bin'
[8.701s] Level 1:colcon.colcon_core.environment:checking '/home/strayer/ros2_ws/install/navigation/lib/pkgconfig/navigation.pc'
[8.702s] Level 1:colcon.colcon_core.environment:checking '/home/strayer/ros2_ws/install/navigation/lib/python3.10/site-packages'
[8.702s] Level 1:colcon.colcon_core.shell:create_environment_hook('navigation', 'pythonpath')
[8.703s] INFO:colcon.colcon_core.shell:Creating environment hook '/home/strayer/ros2_ws/install/navigation/share/navigation/hook/pythonpath.ps1'
[8.706s] INFO:colcon.colcon_core.shell:Creating environment descriptor '/home/strayer/ros2_ws/install/navigation/share/navigation/hook/pythonpath.dsv'
[8.708s] INFO:colcon.colcon_core.shell:Creating environment hook '/home/strayer/ros2_ws/install/navigation/share/navigation/hook/pythonpath.sh'
[8.712s] Level 1:colcon.colcon_core.environment:checking '/home/strayer/ros2_ws/install/navigation/bin'
[8.712s] Level 1:colcon.colcon_core.environment:create_environment_scripts_only(navigation)
[8.714s] INFO:colcon.colcon_core.shell:Creating package script '/home/strayer/ros2_ws/install/navigation/share/navigation/package.ps1'
[8.717s] INFO:colcon.colcon_core.shell:Creating package descriptor '/home/strayer/ros2_ws/install/navigation/share/navigation/package.dsv'
[8.721s] INFO:colcon.colcon_core.shell:Creating package script '/home/strayer/ros2_ws/install/navigation/share/navigation/package.sh'
[8.725s] INFO:colcon.colcon_core.shell:Creating package script '/home/strayer/ros2_ws/install/navigation/share/navigation/package.bash'
[8.729s] INFO:colcon.colcon_core.shell:Creating package script '/home/strayer/ros2_ws/install/navigation/share/navigation/package.zsh'
[8.732s] Level 1:colcon.colcon_core.environment:create_file_with_runtime_dependencies(/home/strayer/ros2_ws/install/navigation/share/colcon-core/packages/navigation)
[8.734s] DEBUG:colcon.colcon_parallel_executor.executor.parallel:closing loop
[8.735s] DEBUG:colcon.colcon_parallel_executor.executor.parallel:loop closed
[8.736s] DEBUG:colcon.colcon_parallel_executor.executor.parallel:run_until_complete finished with '0'
[8.736s] DEBUG:colcon.colcon_core.event_reactor:joining thread
[8.770s] INFO:colcon.colcon_core.plugin_system:Skipping extension 'colcon_notification.desktop_notification.terminal_notifier': Not used on non-Darwin systems
[8.771s] INFO:colcon.colcon_core.plugin_system:Skipping extension 'colcon_notification.desktop_notification.win32': Not used on non-Windows systems
[8.771s] INFO:colcon.colcon_notification.desktop_notification:Sending desktop notification using 'notify2'
[8.840s] DEBUG:colcon.colcon_core.event_reactor:joined thread
[8.842s] INFO:colcon.colcon_core.shell:Creating prefix script '/home/strayer/ros2_ws/install/local_setup.ps1'
[8.849s] INFO:colcon.colcon_core.shell:Creating prefix util module '/home/strayer/ros2_ws/install/_local_setup_util_ps1.py'
[8.859s] INFO:colcon.colcon_core.shell:Creating prefix chain script '/home/strayer/ros2_ws/install/setup.ps1'
[8.869s] INFO:colcon.colcon_core.shell:Creating prefix script '/home/strayer/ros2_ws/install/local_setup.sh'
[8.877s] INFO:colcon.colcon_core.shell:Creating prefix util module '/home/strayer/ros2_ws/install/_local_setup_util_sh.py'
[8.882s] INFO:colcon.colcon_core.shell:Creating prefix chain script '/home/strayer/ros2_ws/install/setup.sh'
[8.893s] INFO:colcon.colcon_core.shell:Creating prefix script '/home/strayer/ros2_ws/install/local_setup.bash'
[8.897s] INFO:colcon.colcon_core.shell:Creating prefix chain script '/home/strayer/ros2_ws/install/setup.bash'
[8.907s] INFO:colcon.colcon_core.shell:Creating prefix script '/home/strayer/ros2_ws/install/local_setup.zsh'
[8.913s] INFO:colcon.colcon_core.shell:Creating prefix chain script '/home/strayer/ros2_ws/install/setup.zsh'
