[4.896s] Invoking command in '/home/strayer/ros2_ws/src/navigation': PYTHONPATH=/home/strayer/ros2_ws/build/navigation/prefix_override:/usr/lib/python3/dist-packages/colcon_core/task/python/colcon_distutils_commands:/home/strayer/ros2_ws/install/navigation/lib/python3.10/site-packages:${PYTHONPATH} /usr/bin/python3 -W ignore:setup.py install is deprecated -W ignore:easy_install command is deprecated setup.py egg_info --egg-base ../../build/navigation build --build-base /home/strayer/ros2_ws/build/navigation/build install --record /home/strayer/ros2_ws/build/navigation/install.log --single-version-externally-managed install_data
[6.420s] running egg_info
[6.423s] writing ../../build/navigation/navigation.egg-info/PKG-INFO
[6.426s] writing dependency_links to ../../build/navigation/navigation.egg-info/dependency_links.txt
[6.426s] writing entry points to ../../build/navigation/navigation.egg-info/entry_points.txt
[6.429s] writing requirements to ../../build/navigation/navigation.egg-info/requires.txt
[6.430s] writing top-level names to ../../build/navigation/navigation.egg-info/top_level.txt
[6.440s] reading manifest file '../../build/navigation/navigation.egg-info/SOURCES.txt'
[6.447s] writing manifest file '../../build/navigation/navigation.egg-info/SOURCES.txt'
[6.461s] running build
[6.463s] running build_py
[6.464s] running install
[6.465s] running install_lib
[6.469s] running install_data
[6.472s] copying launch/navigation2.launch.py -> /home/strayer/ros2_ws/install/navigation/share/navigation/launch
[6.473s] running install_egg_info
[6.478s] removing '/home/strayer/ros2_ws/install/navigation/lib/python3.10/site-packages/navigation-0.0.0-py3.10.egg-info' (and everything under it)
[6.484s] Copying ../../build/navigation/navigation.egg-info to /home/strayer/ros2_ws/install/navigation/lib/python3.10/site-packages/navigation-0.0.0-py3.10.egg-info
[6.493s] running install_scripts
[6.619s] writing list of installed files to '/home/strayer/ros2_ws/build/navigation/install.log'
[6.969s] Invoked command in '/home/strayer/ros2_ws/src/navigation' returned '0': PYTHONPATH=/home/strayer/ros2_ws/build/navigation/prefix_override:/usr/lib/python3/dist-packages/colcon_core/task/python/colcon_distutils_commands:/home/strayer/ros2_ws/install/navigation/lib/python3.10/site-packages:${PYTHONPATH} /usr/bin/python3 -W ignore:setup.py install is deprecated -W ignore:easy_install command is deprecated setup.py egg_info --egg-base ../../build/navigation build --build-base /home/strayer/ros2_ws/build/navigation/build install --record /home/strayer/ros2_ws/build/navigation/install.log --single-version-externally-managed install_data
